Archive member included to satisfy reference by file (symbol)

/usr/lib/gcc/arm-none-eabi/10.3.1/../../../arm-none-eabi/lib/thumb/v8-m.main+fp/softfp/libm.a(lib_a-wf_sqrt.o)
                              CMakeFiles/TestVelocidad.dir/home/kejoperezde/Downloads/pico/pico-sdk/src/rp2_common/pico_float/float_math.c.obj (sqrtf)
/usr/lib/gcc/arm-none-eabi/10.3.1/../../../arm-none-eabi/lib/thumb/v8-m.main+fp/softfp/libm.a(lib_a-ef_sqrt.o)
                              /usr/lib/gcc/arm-none-eabi/10.3.1/../../../arm-none-eabi/lib/thumb/v8-m.main+fp/softfp/libm.a(lib_a-wf_sqrt.o) (__ieee754_sqrtf)
/usr/lib/gcc/arm-none-eabi/10.3.1/../../../arm-none-eabi/lib/thumb/v8-m.main+fp/softfp/libm.a(lib_a-s_lib_ver.o)
                              /usr/lib/gcc/arm-none-eabi/10.3.1/../../../arm-none-eabi/lib/thumb/v8-m.main+fp/softfp/libm.a(lib_a-wf_sqrt.o) (__fdlib_version)
/usr/lib/gcc/arm-none-eabi/10.3.1/thumb/v8-m.main+fp/softfp/libgcc.a(_arm_addsubdf3.o)
                              CMakeFiles/TestVelocidad.dir/home/kejoperezde/Downloads/pico/pico-sdk/src/rp2_common/pico_float/float_math.c.obj (__aeabi_f2d)
/usr/lib/gcc/arm-none-eabi/10.3.1/thumb/v8-m.main+fp/softfp/libgcc.a(_aeabi_ldivmod.o)
                              CMakeFiles/TestVelocidad.dir/home/kejoperezde/Downloads/pico/pico-sdk/src/common/pico_time/time.c.obj (__aeabi_ldivmod)
/usr/lib/gcc/arm-none-eabi/10.3.1/thumb/v8-m.main+fp/softfp/libgcc.a(_aeabi_uldivmod.o)
                              CMakeFiles/TestVelocidad.dir/home/kejoperezde/Downloads/pico/pico-sdk/src/rp2_common/hardware_clocks/clocks.c.obj (__aeabi_uldivmod)
/usr/lib/gcc/arm-none-eabi/10.3.1/thumb/v8-m.main+fp/softfp/libgcc.a(_udivmoddi4.o)
                              /usr/lib/gcc/arm-none-eabi/10.3.1/thumb/v8-m.main+fp/softfp/libgcc.a(_aeabi_ldivmod.o) (__udivmoddi4)
/usr/lib/gcc/arm-none-eabi/10.3.1/thumb/v8-m.main+fp/softfp/libgcc.a(_dvmd_tls.o)
                              /usr/lib/gcc/arm-none-eabi/10.3.1/thumb/v8-m.main+fp/softfp/libgcc.a(_aeabi_ldivmod.o) (__aeabi_ldiv0)
/usr/lib/gcc/arm-none-eabi/10.3.1/../../../arm-none-eabi/lib/thumb/v8-m.main+fp/softfp/libg.a(lib_a-atexit.o)
                              /usr/lib/gcc/arm-none-eabi/10.3.1/../../../arm-none-eabi/lib/thumb/v8-m.main+fp/softfp/crt0.o (atexit)
/usr/lib/gcc/arm-none-eabi/10.3.1/../../../arm-none-eabi/lib/thumb/v8-m.main+fp/softfp/libg.a(lib_a-calloc.o)
                              CMakeFiles/TestVelocidad.dir/home/kejoperezde/Downloads/pico/pico-sdk/src/rp2_common/pico_malloc/malloc.c.obj (calloc)
/usr/lib/gcc/arm-none-eabi/10.3.1/../../../arm-none-eabi/lib/thumb/v8-m.main+fp/softfp/libg.a(lib_a-callocr.o)
                              /usr/lib/gcc/arm-none-eabi/10.3.1/../../../arm-none-eabi/lib/thumb/v8-m.main+fp/softfp/libg.a(lib_a-calloc.o) (_calloc_r)
/usr/lib/gcc/arm-none-eabi/10.3.1/../../../arm-none-eabi/lib/thumb/v8-m.main+fp/softfp/libg.a(lib_a-errno.o)
                              /usr/lib/gcc/arm-none-eabi/10.3.1/../../../arm-none-eabi/lib/thumb/v8-m.main+fp/softfp/libm.a(lib_a-wf_sqrt.o) (__errno)
/usr/lib/gcc/arm-none-eabi/10.3.1/../../../arm-none-eabi/lib/thumb/v8-m.main+fp/softfp/libg.a(lib_a-fini.o)
                              /usr/lib/gcc/arm-none-eabi/10.3.1/../../../arm-none-eabi/lib/thumb/v8-m.main+fp/softfp/crt0.o (__libc_fini_array)
/usr/lib/gcc/arm-none-eabi/10.3.1/../../../arm-none-eabi/lib/thumb/v8-m.main+fp/softfp/libg.a(lib_a-impure.o)
                              /usr/lib/gcc/arm-none-eabi/10.3.1/../../../arm-none-eabi/lib/thumb/v8-m.main+fp/softfp/libg.a(lib_a-calloc.o) (_impure_ptr)
/usr/lib/gcc/arm-none-eabi/10.3.1/../../../arm-none-eabi/lib/thumb/v8-m.main+fp/softfp/libg.a(lib_a-init.o)
                              /usr/lib/gcc/arm-none-eabi/10.3.1/../../../arm-none-eabi/lib/thumb/v8-m.main+fp/softfp/crt0.o (__libc_init_array)
/usr/lib/gcc/arm-none-eabi/10.3.1/../../../arm-none-eabi/lib/thumb/v8-m.main+fp/softfp/libg.a(lib_a-malloc.o)
                              CMakeFiles/TestVelocidad.dir/home/kejoperezde/Downloads/pico/pico-sdk/src/rp2_common/pico_malloc/malloc.c.obj (malloc)
/usr/lib/gcc/arm-none-eabi/10.3.1/../../../arm-none-eabi/lib/thumb/v8-m.main+fp/softfp/libg.a(lib_a-mallocr.o)
                              /usr/lib/gcc/arm-none-eabi/10.3.1/../../../arm-none-eabi/lib/thumb/v8-m.main+fp/softfp/libg.a(lib_a-callocr.o) (_malloc_r)
/usr/lib/gcc/arm-none-eabi/10.3.1/../../../arm-none-eabi/lib/thumb/v8-m.main+fp/softfp/libg.a(lib_a-memcmp.o)
                              CMakeFiles/TestVelocidad.dir/home/kejoperezde/Downloads/pico/pico-sdk/src/rp2_common/pico_atomic/atomic.c.obj (memcmp)
/usr/lib/gcc/arm-none-eabi/10.3.1/../../../arm-none-eabi/lib/thumb/v8-m.main+fp/softfp/libg.a(lib_a-memcpy.o)
                              CMakeFiles/TestVelocidad.dir/home/kejoperezde/Downloads/pico/pico-sdk/src/common/pico_util/queue.c.obj (memcpy)
/usr/lib/gcc/arm-none-eabi/10.3.1/../../../arm-none-eabi/lib/thumb/v8-m.main+fp/softfp/libg.a(lib_a-memset.o)
[...]
Memory Configuration

Name             Origin             Length             Attributes
FLASH            0x0000000010000000 0x0000000000400000 xr
RAM              0x0000000020000000 0x0000000000080000 xrw
SCRATCH_X        0x0000000020080000 0x0000000000001000 xrw
SCRATCH_Y        0x0000000020081000 0x0000000000001000 xrw
*default*        0x0000000000000000 0xffffffffffffffff

Linker script and memory map

LOAD /usr/lib/gcc/arm-none-eabi/10.3.1/thumb/v8-m.main+fp/softfp/crti.o
LOAD /usr/lib/gcc/arm-none-eabi/10.3.1/thumb/v8-m.main+fp/softfp/crtbegin.o
LOAD /usr/lib/gcc/arm-none-eabi/10.3.1/../../../arm-none-eabi/lib/thumb/v8-m.main+fp/softfp/crt0.o

.flash_begin    0x0000000010000000        0x0
                0x0000000010000000                __flash_binary_start = .

.text           0x0000000010000000     0x2f74
                0x0000000010000000                __logical_binary_start = .
 *(.vectors)
 .vectors       0x0000000010000000      0x124 CMakeFiles/TestVelocidad.dir/home/kejoperezde/Downloads/pico/pico-sdk/src/rp2_common/pico_crt0/crt0.S.obj
                0x0000000010000000                __vectors
                0x0000000010000000                __VECTOR_TABLE
                0x0000000010000110                isr_invalid
                0x0000000010000110                __default_isrs_start
                0x0000000010000112                isr_nmi
                0x0000000010000114                isr_hardfault
                0x0000000010000116                isr_svcall
                0x0000000010000118                isr_pendsv
                0x000000001000011a                isr_systick
                0x000000001000011c                isr_irq30
                0x000000001000011c                __unhandled_user_irq
                0x000000001000011c                isr_irq49
                0x000000001000011c                isr_irq13
                0x000000001000011c                isr_irq43
                0x000000001000011c                isr_irq45
                0x000000001000011c                isr_irq27
                0x000000001000011c                isr_irq32
                0x000000001000011c                isr_irq31
                0x000000001000011c                isr_irq5
                0x000000001000011c                isr_irq11
                0x000000001000011c                isr_irq23
                0x000000001000011c                isr_irq48
                0x000000001000011c                isr_irq35
                0x000000001000011c                isr_irq18
                0x000000001000011c                isr_irq50
                0x000000001000011c                isr_irq40
                0x000000001000011c                isr_irq28
                0x000000001000011c                isr_irq19
                0x000000001000011c                isr_irq36
                0x000000001000011c                isr_irq41
                0x000000001000011c                isr_irq0
                0x000000001000011c                isr_irq6
                0x000000001000011c                isr_irq37
                0x000000001000011c                isr_irq42
                0x000000001000011c                isr_irq22
                0x000000001000011c                isr_irq17
                0x000000001000011c                isr_irq38
                0x000000001000011c                isr_irq14
                0x000000001000011c                isr_irq2
                0x000000001000011c                isr_irq10
                0x000000001000011c                isr_irq8
                0x000000001000011c                isr_irq24
                0x000000001000011c                isr_irq46
                0x000000001000011c                isr_irq1
                0x000000001000011c                isr_irq47
                0x000000001000011c                isr_irq51
                0x000000001000011c                isr_irq7
                0x000000001000011c                isr_irq21
                0x000000001000011c                isr_irq39
                0x000000001000011c                isr_irq20
                0x000000001000011c                isr_irq15
                0x000000001000011c                isr_irq25
                0x000000001000011c                isr_irq34
                0x000000001000011c                isr_irq4
                0x000000001000011c                isr_irq16
                0x000000001000011c                isr_irq44
                0x000000001000011c                isr_irq29
                0x000000001000011c                isr_irq26
                0x000000001000011c                __default_isrs_end
                0x000000001000011c                isr_irq33
                0x000000001000011c                isr_irq3
                0x000000001000011c                isr_irq12
                0x000000001000011c                isr_irq9
                0x0000000010000122                unhandled_user_irq_num_in_r0
 *(.binary_info_header)
 .binary_info_header
                0x0000000010000124       0x14 CMakeFiles/TestVelocidad.dir/home/kejoperezde/Downloads/pico/pico-sdk/src/rp2_common/pico_crt0/crt0.S.obj
                0x0000000010000138                __binary_info_header_end = .
 *(.embedded_block)
 .embedded_block
                0x0000000010000138       0x14 CMakeFiles/TestVelocidad.dir/home/kejoperezde/Downloads/pico/pico-sdk/src/rp2_common/pico_crt0/crt0.S.obj
                0x000000001000014c                __embedded_block_end = .
 *(.reset)
 .reset         0x000000001000014c       0xa0 CMakeFiles/TestVelocidad.dir/home/kejoperezde/Downloads/pico/pico-sdk/src/rp2_common/pico_crt0/crt0.S.obj
                0x000000001000014c                _entry_point
 *(.init)
 .init          0x00000000100001ec        0x4 /usr/lib/gcc/arm-none-eabi/10.3.1/thumb/v8-m.main+fp/softfp/crti.o
                0x00000000100001ec                _init
 *libgcc.a:cmse_nonsecure_call.o()
 *(EXCLUDE_FILE(*libm.a: *libc.a:*lib_a-mem*.o *libgcc.a:) .text*)
 .text          0x00000000100001f0       0x8c /usr/lib/gcc/arm-none-eabi/10.3.1/thumb/v8-m.main+fp/softfp/crtbegin.o
 .text.startup.main
                0x000000001000027c      0x130 CMakeFiles/TestVelocidad.dir/TestVelocidad.c.obj
                0x000000001000027c                main
 .text.gpio_set_function
                0x00000000100003ac       0x3c CMakeFiles/TestVelocidad.dir/home/kejoperezde/Downloads/pico/pico-sdk/src/rp2_common/hardware_gpio/gpio.c.obj
                0x00000000100003ac                gpio_set_function
 .text.gpio_set_pulls
                0x00000000100003e8       0x34 CMakeFiles/TestVelocidad.dir/home/kejoperezde/Downloads/pico/pico-sdk/src/rp2_common/hardware_gpio/gpio.c.obj
                0x00000000100003e8                gpio_set_pulls
 .text.gpio_set_input_enabled
                0x000000001000041c       0x20 CMakeFiles/TestVelocidad.dir/home/kejoperezde/Downloads/pico/pico-sdk/src/rp2_common/hardware_gpio/gpio.c.obj
                0x000000001000041c                gpio_set_input_enabled
 .text.gpio_init
                0x000000001000043c       0x44 CMakeFiles/TestVelocidad.dir/home/kejoperezde/Downloads/pico/pico-sdk/src/rp2_common/hardware_gpio/gpio.c.obj
                0x000000001000043c                gpio_init
 .text.panic    0x0000000010000480       0x30 CMakeFiles/TestVelocidad.dir/home/kejoperezde/Downloads/pico/pico-sdk/src/rp2_common/pico_platform_panic/panic.c.obj
                0x0000000010000480                panic
 .text.hw_claim_or_assert
                0x00000000100004b0       0x5c CMakeFiles/TestVelocidad.dir/home/kejoperezde/Downloads/pico/pico-sdk/src/common/hardware_claim/claim.c.obj
                0x00000000100004b0                hw_claim_or_assert
 .text.next_striped_spin_lock_num
                0x000000001000050c       0x18 CMakeFiles/TestVelocidad.dir/home/kejoperezde/Downloads/pico/pico-sdk/src/rp2_common/hardware_sync/sync.c.obj
                0x000000001000050c                next_striped_spin_lock_num
 .text.spinlock_set_extexclall
                0x0000000010000524       0x10 CMakeFiles/TestVelocidad.dir/home/kejoperezde/Downloads/pico/pico-sdk/src/rp2_common/hardware_sync_spin_lock/sync_spin_lock.c.obj
 .text.spin_locks_reset
                0x0000000010000534       0x18 CMakeFiles/TestVelocidad.dir/home/kejoperezde/Downloads/pico/pico-sdk/src/rp2_common/hardware_sync_spin_lock/sync_spin_lock.c.obj
                0x0000000010000534                spin_locks_reset
 .text.runtime_init_per_core_irq_priorities
                0x000000001000054c       0x40 CMakeFiles/TestVelocidad.dir/home/kejoperezde/Downloads/pico/pico-sdk/src/rp2_common/hardware_irq/irq.c.obj
                0x000000001000054c                runtime_init_per_core_irq_priorities
 .text.irq_set_enabled
                0x000000001000058c       0x2c CMakeFiles/TestVelocidad.dir/home/kejoperezde/Downloads/pico/pico-sdk/src/rp2_common/hardware_irq/irq.c.obj
                0x000000001000058c                irq_set_enabled
 .text.irq_set_exclusive_handler
                0x00000000100005b8       0x60 CMakeFiles/TestVelocidad.dir/home/kejoperezde/Downloads/pico/pico-sdk/src/rp2_common/hardware_irq/irq.c.obj
                0x00000000100005b8                irq_set_exclusive_handler
 .text.lock_init
                0x0000000010000618        0xc CMakeFiles/TestVelocidad.dir/home/kejoperezde/Downloads/pico/pico-sdk/src/common/pico_sync/lock_core.c.obj
                0x0000000010000618                lock_init
 .text.runtime_init_mutex
                0x0000000010000624       0x54 CMakeFiles/TestVelocidad.dir/home/kejoperezde/Downloads/pico/pico-sdk/src/common/pico_sync/mutex.c.obj
                0x0000000010000624                runtime_init_mutex
 .text.sleep_until_callback
                0x0000000010000678       0x3c CMakeFiles/TestVelocidad.dir/home/kejoperezde/Downloads/pico/pico-sdk/src/common/pico_time/time.c.obj
 *fill*         0x00000000100006b4        0x4 
 .text.alarm_pool_irq_handler
                0x00000000100006b8      0x2c8 CMakeFiles/TestVelocidad.dir/home/kejoperezde/Downloads/pico/pico-sdk/src/common/pico_time/time.c.obj
 .text.runtime_init_default_alarm_pool
                0x0000000010000980      0x100 CMakeFiles/TestVelocidad.dir/home/kejoperezde/Downloads/pico/pico-sdk/src/common/pico_time/time.c.obj
                0x0000000010000980                runtime_init_default_alarm_pool
 .text.alarm_pool_add_alarm_at_force_in_context
                0x0000000010000a80       0xc4 CMakeFiles/TestVelocidad.dir/home/kejoperezde/Downloads/pico/pico-sdk/src/common/pico_time/time.c.obj
                0x0000000010000a80                alarm_pool_add_alarm_at_force_in_context
 .text.alarm_pool_cancel_alarm
                0x0000000010000b44       0x80 CMakeFiles/TestVelocidad.dir/home/kejoperezde/Downloads/pico/pico-sdk/src/common/pico_time/time.c.obj
                0x0000000010000b44                alarm_pool_cancel_alarm
 .text.sleep_until
                0x0000000010000bc4       0xbc CMakeFiles/TestVelocidad.dir/home/kejoperezde/Downloads/pico/pico-sdk/src/common/pico_time/time.c.obj
                0x0000000010000bc4                sleep_until
 .text.sleep_us
                0x0000000010000c80       0x28 CMakeFiles/TestVelocidad.dir/home/kejoperezde/Downloads/pico/pico-sdk/src/common/pico_time/time.c.obj
                0x0000000010000c80                sleep_us
 .text.best_effort_wfe_or_timeout
                0x0000000010000ca8      0x124 CMakeFiles/TestVelocidad.dir/home/kejoperezde/Downloads/pico/pico-sdk/src/common/pico_time/time.c.obj
                0x0000000010000ca8                best_effort_wfe_or_timeout
 .text.timer_hardware_alarm_claim
                0x0000000010000dcc       0x24 CMakeFiles/TestVelocidad.dir/home/kejoperezde/Downloads/pico/pico-sdk/src/rp2_common/hardware_timer/timer.c.obj
                0x0000000010000dcc                timer_hardware_alarm_claim
 .text.timer_time_us_64
                0x0000000010000df0       0x10 CMakeFiles/TestVelocidad.dir/home/kejoperezde/Downloads/pico/pico-sdk/src/rp2_common/hardware_timer/timer.c.obj
                0x0000000010000df0                timer_time_us_64
 .text.time_us_64
                0x0000000010000e00       0x14 CMakeFiles/TestVelocidad.dir/home/kejoperezde/Downloads/pico/pico-sdk/src/rp2_common/hardware_timer/timer.c.obj
                0x0000000010000e00                time_us_64
 .text.busy_wait_us
                0x0000000010000e14       0x4c CMakeFiles/TestVelocidad.dir/home/kejoperezde/Downloads/pico/pico-sdk/src/rp2_common/hardware_timer/timer.c.obj
                0x0000000010000e14                busy_wait_us
 .text.busy_wait_until
                0x0000000010000e60       0x24 CMakeFiles/TestVelocidad.dir/home/kejoperezde/Downloads/pico/pico-sdk/src/rp2_common/hardware_timer/timer.c.obj
                0x0000000010000e60                busy_wait_until
 .text.uart_init
                0x0000000010000e84      0x104 CMakeFiles/TestVelocidad.dir/home/kejoperezde/Downloads/pico/pico-sdk/src/rp2_common/hardware_uart/uart.c.obj
                0x0000000010000e84                uart_init
 .text.clock_configure_undivided
                0x0000000010000f88       0xd0 CMakeFiles/TestVelocidad.dir/home/kejoperezde/Downloads/pico/pico-sdk/src/rp2_common/hardware_clocks/clocks.c.obj
                0x0000000010000f88                clock_configure_undivided
 .text.clock_get_hz
                0x0000000010001058        0xc CMakeFiles/TestVelocidad.dir/home/kejoperezde/Downloads/pico/pico-sdk/src/rp2_common/hardware_clocks/clocks.c.obj
                0x0000000010001058                clock_get_hz
 .text.pll_init
                0x0000000010001064       0x8c CMakeFiles/TestVelocidad.dir/home/kejoperezde/Downloads/pico/pico-sdk/src/rp2_common/hardware_pll/pll.c.obj
                0x0000000010001064                pll_init
 .text.tick_start
                0x00000000100010f0       0x18 CMakeFiles/TestVelocidad.dir/home/kejoperezde/Downloads/pico/pico-sdk/src/rp2_common/hardware_ticks/ticks.c.obj
                0x00000000100010f0                tick_start
 .text.xosc_init
                0x0000000010001108       0x2c CMakeFiles/TestVelocidad.dir/home/kejoperezde/Downloads/pico/pico-sdk/src/rp2_common/hardware_xosc/xosc.c.obj
                0x0000000010001108                xosc_init
 .text.first_per_core_initializer
                0x0000000010001134        0x4 CMakeFiles/TestVelocidad.dir/home/kejoperezde/Downloads/pico/pico-sdk/src/rp2_common/pico_runtime/runtime.c.obj
 .text.hard_assertion_failure
                0x0000000010001138        0xc CMakeFiles/TestVelocidad.dir/home/kejoperezde/Downloads/pico/pico-sdk/src/rp2_common/pico_runtime/runtime.c.obj
                0x0000000010001138                hard_assertion_failure
 .text.runtime_run_initializers
                0x0000000010001144       0x20 CMakeFiles/TestVelocidad.dir/home/kejoperezde/Downloads/pico/pico-sdk/src/rp2_common/pico_runtime/runtime.c.obj
                0x0000000010001144                runtime_run_initializers
 .text.runtime_init_early_resets
                0x0000000010001164       0x34 CMakeFiles/TestVelocidad.dir/home/kejoperezde/Downloads/pico/pico-sdk/src/rp2_common/pico_runtime_init/runtime_init.c.obj
                0x0000000010001164                runtime_init_early_resets
 .text.runtime_init_usb_power_down
                0x0000000010001198       0x1c CMakeFiles/TestVelocidad.dir/home/kejoperezde/Downloads/pico/pico-sdk/src/rp2_common/pico_runtime_init/runtime_init.c.obj
                0x0000000010001198                runtime_init_usb_power_down
 .text.runtime_init_per_core_enable_coprocessors
                0x00000000100011b4       0x1c CMakeFiles/TestVelocidad.dir/home/kejoperezde/Downloads/pico/pico-sdk/src/rp2_common/pico_runtime_init/runtime_init.c.obj
                0x00000000100011b4                runtime_init_per_core_enable_coprocessors
 .text.runtime_init_post_clock_resets
                0x00000000100011d0       0x20 CMakeFiles/TestVelocidad.dir/home/kejoperezde/Downloads/pico/pico-sdk/src/rp2_common/pico_runtime_init/runtime_init.c.obj
                0x00000000100011d0                runtime_init_post_clock_resets
 .text.runtime_init_bootrom_reset
                0x00000000100011f0       0x14 CMakeFiles/TestVelocidad.dir/home/kejoperezde/Downloads/pico/pico-sdk/src/rp2_common/pico_runtime_init/runtime_init.c.obj
                0x00000000100011f0                runtime_init_bootrom_reset
 .text.runtime_init_per_core_bootrom_reset
                0x0000000010001204       0x14 CMakeFiles/TestVelocidad.dir/home/kejoperezde/Downloads/pico/pico-sdk/src/rp2_common/pico_runtime_init/runtime_init.c.obj
                0x0000000010001204                runtime_init_per_core_bootrom_reset
 .text.runtime_init_spin_locks_reset
                0x0000000010001218        0x4 CMakeFiles/TestVelocidad.dir/home/kejoperezde/Downloads/pico/pico-sdk/src/rp2_common/pico_runtime_init/runtime_init.c.obj
                0x0000000010001218                runtime_init_spin_locks_reset
 .text.runtime_init_install_ram_vector_table
                0x000000001000121c       0x20 CMakeFiles/TestVelocidad.dir/home/kejoperezde/Downloads/pico/pico-sdk/src/rp2_common/pico_runtime_init/runtime_init.c.obj
                0x000000001000121c                runtime_init_install_ram_vector_table
 .text.runtime_init_clocks
                0x000000001000123c       0xdc CMakeFiles/TestVelocidad.dir/home/kejoperezde/Downloads/pico/pico-sdk/src/rp2_common/pico_runtime_init/runtime_init_clocks.c.obj
                0x000000001000123c                runtime_init_clocks
 .text.rom_func_lookup
                0x0000000010001318       0x20 CMakeFiles/TestVelocidad.dir/home/kejoperezde/Downloads/pico/pico-sdk/src/rp2_common/pico_bootrom/bootrom.c.obj
                0x0000000010001318                rom_func_lookup
 .text.runtime_init_bootrom_locking_enable
                0x0000000010001338       0x14 CMakeFiles/TestVelocidad.dir/home/kejoperezde/Downloads/pico/pico-sdk/src/rp2_common/pico_bootrom/bootrom_lock.c.obj
                0x0000000010001338                runtime_init_bootrom_locking_enable
 .text.runtime_init_boot_locks_reset
                0x000000001000134c       0x1c CMakeFiles/TestVelocidad.dir/home/kejoperezde/Downloads/pico/pico-sdk/src/rp2_common/hardware_boot_lock/boot_lock.c.obj
                0x000000001000134c                runtime_init_boot_locks_reset
 .text.__rp2350_dcp_engaged_state_save_restore
                0x0000000010001368       0x3a CMakeFiles/TestVelocidad.dir/home/kejoperezde/Downloads/pico/pico-sdk/src/rp2_common/pico_double/double_aeabi_dcp.S.obj
 *fill*         0x00000000100013a2        0x2 
 .text.__wrap___aeabi_dadd
                0x00000000100013a4       0x28 CMakeFiles/TestVelocidad.dir/home/kejoperezde/Downloads/pico/pico-sdk/src/rp2_common/pico_double/double_aeabi_dcp.S.obj
                0x00000000100013ac                __wrap___aeabi_dadd
 .text.__wrap___aeabi_dsub
                0x00000000100013cc       0x28 CMakeFiles/TestVelocidad.dir/home/kejoperezde/Downloads/pico/pico-sdk/src/rp2_common/pico_double/double_aeabi_dcp.S.obj
                0x00000000100013d4                __wrap___aeabi_dsub
 .text.__wrap___aeabi_dmul
                0x00000000100013f4       0x4c CMakeFiles/TestVelocidad.dir/home/kejoperezde/Downloads/pico/pico-sdk/src/rp2_common/pico_double/double_aeabi_dcp.S.obj
                0x00000000100013fc                __wrap___aeabi_dmul
 .text.__wrap___aeabi_ddiv
                0x0000000010001440       0x9c CMakeFiles/TestVelocidad.dir/home/kejoperezde/Downloads/pico/pico-sdk/src/rp2_common/pico_double/double_aeabi_dcp.S.obj
                0x0000000010001448                __wrap___aeabi_ddiv
 .text.__wrap___aeabi_i2d
                0x00000000100014dc       0x24 CMakeFiles/TestVelocidad.dir/home/kejoperezde/Downloads/pico/pico-sdk/src/rp2_common/pico_double/double_aeabi_dcp.S.obj
                0x00000000100014e4                __wrap___aeabi_i2d
 .text.__wrap___aeabi_ui2d
                0x0000000010001500       0x24 CMakeFiles/TestVelocidad.dir/home/kejoperezde/Downloads/pico/pico-sdk/src/rp2_common/pico_double/double_aeabi_dcp.S.obj
                0x0000000010001508                __wrap___aeabi_ui2d
 .text.__wrap___aeabi_d2iz
                0x0000000010001524       0x24 CMakeFiles/TestVelocidad.dir/home/kejoperezde/Downloads/pico/pico-sdk/src/rp2_common/pico_double/double_aeabi_dcp.S.obj
                0x000000001000152c                __wrap___aeabi_d2iz
 .text.__wrap___aeabi_d2uiz
                0x0000000010001548       0x24 CMakeFiles/TestVelocidad.dir/home/kejoperezde/Downloads/pico/pico-sdk/src/rp2_common/pico_double/double_aeabi_dcp.S.obj
                0x0000000010001550                __wrap___aeabi_d2uiz
 .text.__wrap___aeabi_dcmpun
                0x000000001000156c       0x24 CMakeFiles/TestVelocidad.dir/home/kejoperezde/Downloads/pico/pico-sdk/src/rp2_common/pico_double/double_aeabi_dcp.S.obj
                0x0000000010001574                __wrap___aeabi_dcmpun
 .text.__wrap___aeabi_dcmplt
                0x0000000010001590       0x28 CMakeFiles/TestVelocidad.dir/home/kejoperezde/Downloads/pico/pico-sdk/src/rp2_common/pico_double/double_aeabi_dcp.S.obj
                0x0000000010001598                __wrap___aeabi_dcmplt
 .text.__wrap___aeabi_dcmple
                0x00000000100015b8       0x28 CMakeFiles/TestVelocidad.dir/home/kejoperezde/Downloads/pico/pico-sdk/src/rp2_common/pico_double/double_aeabi_dcp.S.obj
                0x00000000100015c0                __wrap___aeabi_dcmple
 .text.__wrap___aeabi_dcmpge
                0x00000000100015e0       0x28 CMakeFiles/TestVelocidad.dir/home/kejoperezde/Downloads/pico/pico-sdk/src/rp2_common/pico_double/double_aeabi_dcp.S.obj
                0x00000000100015e8                __wrap___aeabi_dcmpge
 .text.__wrap___aeabi_dcmpgt
                0x0000000010001608       0x28 CMakeFiles/TestVelocidad.dir/home/kejoperezde/Downloads/pico/pico-sdk/src/rp2_common/pico_double/double_aeabi_dcp.S.obj
                0x0000000010001610                __wrap___aeabi_dcmpgt
 .text._out_buffer
                0x0000000010001630        0x8 CMakeFiles/TestVelocidad.dir/home/kejoperezde/Downloads/pico/pico-sdk/src/rp2_common/pico_printf/printf.c.obj
 .text._out_null
                0x0000000010001638        0x4 CMakeFiles/TestVelocidad.dir/home/kejoperezde/Downloads/pico/pico-sdk/src/rp2_common/pico_printf/printf.c.obj
 .text._out_rev
                0x000000001000163c       0x88 CMakeFiles/TestVelocidad.dir/home/kejoperezde/Downloads/pico/pico-sdk/src/rp2_common/pico_printf/printf.c.obj
 .text._ntoa_format
                0x00000000100016c4      0x1e8 CMakeFiles/TestVelocidad.dir/home/kejoperezde/Downloads/pico/pico-sdk/src/rp2_common/pico_printf/printf.c.obj
 .text._out_char
                0x00000000100018ac        0x8 CMakeFiles/TestVelocidad.dir/home/kejoperezde/Downloads/pico/pico-sdk/src/rp2_common/pico_printf/printf.c.obj
 *fill*         0x00000000100018b4        0x4 
 .text._etoa    0x00000000100018b8      0x460 CMakeFiles/TestVelocidad.dir/home/kejoperezde/Downloads/pico/pico-sdk/src/rp2_common/pico_printf/printf.c.obj
 .text._ftoa    0x0000000010001d18      0x3d8 CMakeFiles/TestVelocidad.dir/home/kejoperezde/Downloads/pico/pico-sdk/src/rp2_common/pico_printf/printf.c.obj
 .text._vsnprintf
                0x00000000100020f0      0x9c8 CMakeFiles/TestVelocidad.dir/home/kejoperezde/Downloads/pico/pico-sdk/src/rp2_common/pico_printf/printf.c.obj
 .text.__wrap_snprintf
                0x0000000010002ab8       0x2c CMakeFiles/TestVelocidad.dir/home/kejoperezde/Downloads/pico/pico-sdk/src/rp2_common/pico_printf/printf.c.obj
                0x0000000010002ab8                __wrap_snprintf
 .text.weak_raw_vprintf
                0x0000000010002ae4       0x30 CMakeFiles/TestVelocidad.dir/home/kejoperezde/Downloads/pico/pico-sdk/src/rp2_common/pico_printf/printf.c.obj
                0x0000000010002ae4                weak_raw_vprintf
 .text._exit    0x0000000010002b14        0x4 CMakeFiles/TestVelocidad.dir/home/kejoperezde/Downloads/pico/pico-sdk/src/rp2_common/pico_clib_interface/newlib_interface.c.obj
                0x0000000010002b14                _exit
 .text.exit     0x0000000010002b18        0x8 CMakeFiles/TestVelocidad.dir/home/kejoperezde/Downloads/pico/pico-sdk/src/rp2_common/pico_clib_interface/newlib_interface.c.obj
                0x0000000010002b18                exit
 .text.runtime_init
                0x0000000010002b20       0x24 CMakeFiles/TestVelocidad.dir/home/kejoperezde/Downloads/pico/pico-sdk/src/rp2_common/pico_clib_interface/newlib_interface.c.obj
                0x0000000010002b20                runtime_init
 .text.stdio_out_chars_no_crlf
                0x0000000010002b44        0x8 CMakeFiles/TestVelocidad.dir/home/kejoperezde/Downloads/pico/pico-sdk/src/rp2_common/pico_stdio/stdio.c.obj
 .text.stdio_out_chars_crlf
                0x0000000010002b4c       0xac CMakeFiles/TestVelocidad.dir/home/kejoperezde/Downloads/pico/pico-sdk/src/rp2_common/pico_stdio/stdio.c.obj
 .text.stdio_put_string
                0x0000000010002bf8       0xe8 CMakeFiles/TestVelocidad.dir/home/kejoperezde/Downloads/pico/pico-sdk/src/rp2_common/pico_stdio/stdio.c.obj
                0x0000000010002bf8                stdio_put_string
 .text.__wrap_putchar
                0x0000000010002ce0       0x7c CMakeFiles/TestVelocidad.dir/home/kejoperezde/Downloads/pico/pico-sdk/src/rp2_common/pico_stdio/stdio.c.obj
                0x0000000010002ce0                stdio_putchar
                0x0000000010002ce0                __wrap_putchar
 .text.__wrap_puts
                0x0000000010002d5c       0x3c CMakeFiles/TestVelocidad.dir/home/kejoperezde/Downloads/pico/pico-sdk/src/rp2_common/pico_stdio/stdio.c.obj
                0x0000000010002d5c                __wrap_puts
                0x0000000010002d5c                stdio_puts
 .text.adc_init
                0x0000000010002d98       0x30 CMakeFiles/TestVelocidad.dir/home/kejoperezde/Downloads/pico/pico-sdk/src/rp2_common/hardware_adc/adc.c.obj
                0x0000000010002d98                adc_init
 .text          0x0000000010002dc8       0xec /usr/lib/gcc/arm-none-eabi/10.3.1/../../../arm-none-eabi/lib/thumb/v8-m.main+fp/softfp/libg.a(lib_a-memcpy.o)
                0x0000000010002dc8                memcpy
 .text          0x0000000010002eb4       0x5c /usr/lib/gcc/arm-none-eabi/10.3.1/../../../arm-none-eabi/lib/thumb/v8-m.main+fp/softfp/libg.a(lib_a-strlen-stub.o)
                0x0000000010002eb4                strlen
 *(.fini)
 .fini          0x0000000010002f10        0x4 /usr/lib/gcc/arm-none-eabi/10.3.1/thumb/v8-m.main+fp/softfp/crti.o
                0x0000000010002f10                _fini
 *fill*         0x0000000010002f14        0x4 
 .fini.__stub   0x0000000010002f18       0x18 linker stubs
 *crtbegin.o(.ctors)
 *crtbegin?.o(.ctors)
 *(EXCLUDE_FILE(*crtend.o *crtend?.o) .ctors)
 *(SORT_BY_NAME(.ctors.*))
 *(.ctors)
 *crtbegin.o(.dtors)
 *crtbegin?.o(.dtors)
 *(EXCLUDE_FILE(*crtend.o *crtend?.o) .dtors)
 *(SORT_BY_NAME(.dtors.*))
 *(.dtors)
                0x0000000010002f30                . = ALIGN (0x4)
                0x0000000010002f30                PROVIDE (__preinit_array_start = .)
 *(SORT_BY_NAME(.preinit_array.*))
 .preinit_array.00050
                0x0000000010002f30        0x4 CMakeFiles/TestVelocidad.dir/home/kejoperezde/Downloads/pico/pico-sdk/src/rp2_common/pico_runtime_init/runtime_init.c.obj
                0x0000000010002f30                __pre_init_runtime_init_bootrom_reset
 .preinit_array.00100
                0x0000000010002f34        0x4 CMakeFiles/TestVelocidad.dir/home/kejoperezde/Downloads/pico/pico-sdk/src/rp2_common/pico_runtime_init/runtime_init.c.obj
                0x0000000010002f34                __pre_init_runtime_init_early_resets
 .preinit_array.00101
                0x0000000010002f38        0x4 CMakeFiles/TestVelocidad.dir/home/kejoperezde/Downloads/pico/pico-sdk/src/rp2_common/pico_runtime_init/runtime_init.c.obj
                0x0000000010002f38                __pre_init_runtime_init_usb_power_down
 .preinit_array.00500
                0x0000000010002f3c        0x4 CMakeFiles/TestVelocidad.dir/home/kejoperezde/Downloads/pico/pico-sdk/src/rp2_common/pico_runtime_init/runtime_init.c.obj
                0x0000000010002f3c                __pre_init_runtime_init_clocks
 .preinit_array.00600
                0x0000000010002f40        0x4 CMakeFiles/TestVelocidad.dir/home/kejoperezde/Downloads/pico/pico-sdk/src/rp2_common/pico_runtime_init/runtime_init.c.obj
                0x0000000010002f40                __pre_init_runtime_init_post_clock_resets
 .preinit_array.01000
                0x0000000010002f44        0x4 CMakeFiles/TestVelocidad.dir/home/kejoperezde/Downloads/pico/pico-sdk/src/rp2_common/pico_runtime_init/runtime_init.c.obj
                0x0000000010002f44                __pre_init_runtime_init_spin_locks_reset
 .preinit_array.01000
                0x0000000010002f48        0x4 CMakeFiles/TestVelocidad.dir/home/kejoperezde/Downloads/pico/pico-sdk/src/rp2_common/hardware_boot_lock/boot_lock.c.obj
                0x0000000010002f48                __pre_init_runtime_init_boot_locks_reset
 .preinit_array.01010
                0x0000000010002f4c        0x4 CMakeFiles/TestVelocidad.dir/home/kejoperezde/Downloads/pico/pico-sdk/src/rp2_common/pico_bootrom/bootrom_lock.c.obj
                0x0000000010002f4c                __pre_init_runtime_init_bootrom_locking_enable
 .preinit_array.01100
                0x0000000010002f50        0x4 CMakeFiles/TestVelocidad.dir/home/kejoperezde/Downloads/pico/pico-sdk/src/common/pico_sync/mutex.c.obj
                0x0000000010002f50                __pre_init_runtime_init_mutex
 .preinit_array.10080
                0x0000000010002f54        0x4 CMakeFiles/TestVelocidad.dir/home/kejoperezde/Downloads/pico/pico-sdk/src/rp2_common/pico_runtime_init/runtime_init.c.obj
                0x0000000010002f54                __pre_init_runtime_init_install_ram_vector_table
 .preinit_array.11000
                0x0000000010002f58        0x4 CMakeFiles/TestVelocidad.dir/home/kejoperezde/Downloads/pico/pico-sdk/src/common/pico_time/time.c.obj
                0x0000000010002f58                __pre_init_runtime_init_default_alarm_pool
 .preinit_array.YYYYY
                0x0000000010002f5c        0x4 CMakeFiles/TestVelocidad.dir/home/kejoperezde/Downloads/pico/pico-sdk/src/rp2_common/pico_runtime/runtime.c.obj
                0x0000000010002f5c                __pre_init_first_per_core_initializer
 .preinit_array.ZZZZZ.00051
                0x0000000010002f60        0x4 CMakeFiles/TestVelocidad.dir/home/kejoperezde/Downloads/pico/pico-sdk/src/rp2_common/pico_runtime_init/runtime_init.c.obj
                0x0000000010002f60                __pre_init_runtime_init_per_core_bootrom_reset
 .preinit_array.ZZZZZ.00200
                0x0000000010002f64        0x4 CMakeFiles/TestVelocidad.dir/home/kejoperezde/Downloads/pico/pico-sdk/src/rp2_common/pico_runtime_init/runtime_init.c.obj
                0x0000000010002f64                __pre_init_runtime_init_per_core_enable_coprocessors
 .preinit_array.ZZZZZ.01000
                0x0000000010002f68        0x4 CMakeFiles/TestVelocidad.dir/home/kejoperezde/Downloads/pico/pico-sdk/src/rp2_common/hardware_sync_spin_lock/sync_spin_lock.c.obj
                0x0000000010002f68                __pre_init_spinlock_set_extexclall
 .preinit_array.ZZZZZ.01200
                0x0000000010002f6c        0x4 CMakeFiles/TestVelocidad.dir/home/kejoperezde/Downloads/pico/pico-sdk/src/rp2_common/hardware_irq/irq.c.obj
                0x0000000010002f6c                __pre_init_runtime_init_per_core_irq_priorities
 *(.preinit_array)
                0x0000000010002f70                PROVIDE (__preinit_array_end = .)
                0x0000000010002f70                . = ALIGN (0x4)
                0x0000000010002f70                PROVIDE (__init_array_start = .)
 *(SORT_BY_NAME(.init_array.*))
 *(.init_array)
 .init_array    0x0000000010002f70        0x4 /usr/lib/gcc/arm-none-eabi/10.3.1/thumb/v8-m.main+fp/softfp/crtbegin.o
                0x0000000010002f74                PROVIDE (__init_array_end = .)
                0x0000000010002f74                . = ALIGN (0x4)
                0x0000000010002f74                PROVIDE (__fini_array_start = .)
 *(SORT_BY_NAME(.fini_array.*))
 *(.fini_array)
                0x0000000010002f74                PROVIDE (__fini_array_end = .)
 *(.eh_frame*)
 .eh_frame      0x0000000010002f74        0x0 /usr/lib/gcc/arm-none-eabi/10.3.1/thumb/v8-m.main+fp/softfp/crtbegin.o
                0x0000000010002f74                . = ALIGN (0x4)

.glue_7         0x0000000010002f74        0x0
 .glue_7        0x0000000010002f74        0x0 linker stubs

.glue_7t        0x0000000010002f74        0x0
 .glue_7t       0x0000000010002f74        0x0 linker stubs

.vfp11_veneer   0x0000000010002f74        0x0
 .vfp11_veneer  0x0000000010002f74        0x0 linker stubs

.v4_bx          0x0000000010002f74        0x0
 .v4_bx         0x0000000010002f74        0x0 linker stubs

.iplt           0x0000000010002f74        0x0
 .iplt          0x0000000010002f74        0x0 /usr/lib/gcc/arm-none-eabi/10.3.1/thumb/v8-m.main+fp/softfp/crtbegin.o

.boot2          0x0000000010002f74        0x0
                0x0000000010002f74                __boot2_start__ = .
 *(.boot2)
                0x0000000010002f74                __boot2_end__ = .
                0x0000000000000001                ASSERT (((__boot2_end__ - __boot2_start__) <= 0x100), ERROR: Pico second stage bootloader must be no more than 256 bytes in size)

.rodata         0x0000000010002f78      0x144
 *(EXCLUDE_FILE(*libm.a: *libc.a:*lib_a-mem*.o *libgcc.a:) .rodata*)
 .rodata.main.str1.4
                0x0000000010002f78        0x4 CMakeFiles/TestVelocidad.dir/TestVelocidad.c.obj
 .rodata.panic.str1.4
                0x0000000010002f7c       0x12 CMakeFiles/TestVelocidad.dir/home/kejoperezde/Downloads/pico/pico-sdk/src/rp2_common/pico_platform_panic/panic.c.obj
 *fill*         0x0000000010002f8e        0x2 
 .rodata.timer_hardware_alarm_claim.str1.4
                0x0000000010002f90       0x22 CMakeFiles/TestVelocidad.dir/home/kejoperezde/Downloads/pico/pico-sdk/src/rp2_common/hardware_timer/timer.c.obj
 *fill*         0x0000000010002fb2        0x2 
 .rodata.hard_assertion_failure.str1.4
                0x0000000010002fb4        0xc CMakeFiles/TestVelocidad.dir/home/kejoperezde/Downloads/pico/pico-sdk/src/rp2_common/pico_runtime/runtime.c.obj
 .rodata.str1.4
                0x0000000010002fc0       0x38 CMakeFiles/TestVelocidad.dir/home/kejoperezde/Downloads/pico/pico-sdk/src/rp2_common/pico_standard_binary_info/standard_binary_info.c.obj
 .rodata.__bi_26
                0x0000000010002ff8        0xc CMakeFiles/TestVelocidad.dir/home/kejoperezde/Downloads/pico/pico-sdk/src/rp2_common/pico_standard_binary_info/standard_binary_info.c.obj
 .rodata.__bi_34
                0x0000000010003004        0xc CMakeFiles/TestVelocidad.dir/home/kejoperezde/Downloads/pico/pico-sdk/src/rp2_common/pico_standard_binary_info/standard_binary_info.c.obj
 .rodata.__bi_42
                0x0000000010003010        0xc CMakeFiles/TestVelocidad.dir/home/kejoperezde/Downloads/pico/pico-sdk/src/rp2_common/pico_standard_binary_info/standard_binary_info.c.obj
 .rodata.__bi_48
                0x000000001000301c        0xc CMakeFiles/TestVelocidad.dir/home/kejoperezde/Downloads/pico/pico-sdk/src/rp2_common/pico_standard_binary_info/standard_binary_info.c.obj
 .rodata.__bi_54
                0x0000000010003028        0xc CMakeFiles/TestVelocidad.dir/home/kejoperezde/Downloads/pico/pico-sdk/src/rp2_common/pico_standard_binary_info/standard_binary_info.c.obj
 .rodata.__bi_60
                0x0000000010003034        0xc CMakeFiles/TestVelocidad.dir/home/kejoperezde/Downloads/pico/pico-sdk/src/rp2_common/pico_standard_binary_info/standard_binary_info.c.obj
 .rodata.__bi_84
                0x0000000010003040        0xc CMakeFiles/TestVelocidad.dir/home/kejoperezde/Downloads/pico/pico-sdk/src/rp2_common/pico_standard_binary_info/standard_binary_info.c.obj
 .rodata._ftoa.str1.4
                0x000000001000304c       0x15 CMakeFiles/TestVelocidad.dir/home/kejoperezde/Downloads/pico/pico-sdk/src/rp2_common/pico_printf/printf.c.obj
 *fill*         0x0000000010003061        0x7 
 .rodata.pow10.0
                0x0000000010003068       0x50 CMakeFiles/TestVelocidad.dir/home/kejoperezde/Downloads/pico/pico-sdk/src/rp2_common/pico_printf/printf.c.obj
 .rodata.crlf_str.0
                0x00000000100030b8        0x2 CMakeFiles/TestVelocidad.dir/home/kejoperezde/Downloads/pico/pico-sdk/src/rp2_common/pico_stdio/stdio.c.obj
 *(.srodata*)
                0x00000000100030bc                . = ALIGN (0x4)
 *fill*         0x00000000100030ba        0x2 
 *(SORT_BY_ALIGNMENT(SORT_BY_NAME(.flashdata*)))
                0x00000000100030bc                . = ALIGN (0x4)

.ARM.extab
 *(.ARM.extab* .gnu.linkonce.armextab.*)
                0x00000000100030bc                __exidx_start = .

.ARM.exidx      0x00000000100030bc        0x8
 *(.ARM.exidx* .gnu.linkonce.armexidx.*)
 .ARM.exidx     0x00000000100030bc        0x8 /usr/lib/gcc/arm-none-eabi/10.3.1/thumb/v8-m.main+fp/softfp/libgcc.a(_udivmoddi4.o)
                0x00000000100030c4                __exidx_end = .
                0x00000000100030c4                . = ALIGN (0x4)
                0x00000000100030c4                __binary_info_start = .

.binary_info    0x00000000100030c4       0x1c
 *(.binary_info.keep.*)
 .binary_info.keep.__bi_ptr26
                0x00000000100030c4        0x4 CMakeFiles/TestVelocidad.dir/home/kejoperezde/Downloads/pico/pico-sdk/src/rp2_common/pico_standard_binary_info/standard_binary_info.c.obj
 .binary_info.keep.__bi_ptr34
                0x00000000100030c8        0x4 CMakeFiles/TestVelocidad.dir/home/kejoperezde/Downloads/pico/pico-sdk/src/rp2_common/pico_standard_binary_info/standard_binary_info.c.obj
 .binary_info.keep.__bi_ptr42
                0x00000000100030cc        0x4 CMakeFiles/TestVelocidad.dir/home/kejoperezde/Downloads/pico/pico-sdk/src/rp2_common/pico_standard_binary_info/standard_binary_info.c.obj
 .binary_info.keep.__bi_ptr48
                0x00000000100030d0        0x4 CMakeFiles/TestVelocidad.dir/home/kejoperezde/Downloads/pico/pico-sdk/src/rp2_common/pico_standard_binary_info/standard_binary_info.c.obj
 .binary_info.keep.__bi_ptr54
                0x00000000100030d4        0x4 CMakeFiles/TestVelocidad.dir/home/kejoperezde/Downloads/pico/pico-sdk/src/rp2_common/pico_standard_binary_info/standard_binary_info.c.obj
 .binary_info.keep.__bi_ptr60
                0x00000000100030d8        0x4 CMakeFiles/TestVelocidad.dir/home/kejoperezde/Downloads/pico/pico-sdk/src/rp2_common/pico_standard_binary_info/standard_binary_info.c.obj
 .binary_info.keep.__bi_ptr84
                0x00000000100030dc        0x4 CMakeFiles/TestVelocidad.dir/home/kejoperezde/Downloads/pico/pico-sdk/src/rp2_common/pico_standard_binary_info/standard_binary_info.c.obj
 *(.binary_info.*)
                0x00000000100030e0                __binary_info_end = .
                0x00000000100030e0                . = ALIGN (0x4)

.ram_vector_table
                0x0000000020000000      0x110
 *(.ram_vector_table)
 .ram_vector_table
                0x0000000020000000      0x110 CMakeFiles/TestVelocidad.dir/home/kejoperezde/Downloads/pico/pico-sdk/src/rp2_common/pico_runtime_init/runtime_init.c.obj
                0x0000000020000000                ram_vector_table

.uninitialized_data
                0x0000000020000110        0x0
                0x0000000020000110                . = ALIGN (0x4)
 *(.uninitialized_data*)

.data           0x0000000020000110      0x464 load address 0x00000000100030e0
                0x0000000020000110                __data_start__ = .
 *(vtable)
 *(.time_critical*)
 .time_critical.mutex_enter_block_until
                0x0000000020000110       0x6c CMakeFiles/TestVelocidad.dir/home/kejoperezde/Downloads/pico/pico-sdk/src/common/pico_sync/mutex.c.obj
                0x0000000020000110                mutex_enter_block_until
 .time_critical.mutex_try_enter_block_until
                0x000000002000017c       0x6c CMakeFiles/TestVelocidad.dir/home/kejoperezde/Downloads/pico/pico-sdk/src/common/pico_sync/mutex.c.obj
                0x000000002000017c                mutex_try_enter_block_until
 .time_critical.mutex_exit
                0x00000000200001e8       0x3c CMakeFiles/TestVelocidad.dir/home/kejoperezde/Downloads/pico/pico-sdk/src/common/pico_sync/mutex.c.obj
                0x00000000200001e8                mutex_exit
 *(.text*)
 .text          0x0000000020000224       0x30 /usr/lib/gcc/arm-none-eabi/10.3.1/thumb/v8-m.main+fp/softfp/libgcc.a(_aeabi_uldivmod.o)
                0x0000000020000224                __aeabi_uldivmod
 .text          0x0000000020000254      0x2ec /usr/lib/gcc/arm-none-eabi/10.3.1/thumb/v8-m.main+fp/softfp/libgcc.a(_udivmoddi4.o)
                0x0000000020000254                __udivmoddi4
 .text          0x0000000020000540        0x4 /usr/lib/gcc/arm-none-eabi/10.3.1/thumb/v8-m.main+fp/softfp/libgcc.a(_dvmd_tls.o)
                0x0000000020000540                __aeabi_ldiv0
                0x0000000020000540                __aeabi_idiv0
 *fill*         0x0000000020000544        0x4 
 .text.__stub   0x0000000020000548        0x8 linker stubs
                0x0000000020000550                . = ALIGN (0x4)
 *(.rodata*)
                0x0000000020000550                . = ALIGN (0x4)
 *(.data*)
 .data.striped_spin_lock_num
                0x0000000020000550        0x1 CMakeFiles/TestVelocidad.dir/home/kejoperezde/Downloads/pico/pico-sdk/src/rp2_common/hardware_sync/sync.c.obj
 *fill*         0x0000000020000551        0x3 
 .data.default_alarm_pool
                0x0000000020000554       0x18 CMakeFiles/TestVelocidad.dir/home/kejoperezde/Downloads/pico/pico-sdk/src/common/pico_time/time.c.obj
 *(.sdata*)
                0x000000002000056c                . = ALIGN (0x4)
 *(.after_data.*)
                0x000000002000056c                . = ALIGN (0x4)
                0x000000002000056c                PROVIDE (__mutex_array_start = .)
 *(SORT_BY_NAME(.mutex_array.*))
 *(.mutex_array)
 .mutex_array   0x000000002000056c        0x8 CMakeFiles/TestVelocidad.dir/home/kejoperezde/Downloads/pico/pico-sdk/src/rp2_common/pico_stdio/stdio.c.obj
                0x0000000020000574                PROVIDE (__mutex_array_end = .)
 *(.jcr)
                0x0000000020000574                . = ALIGN (0x4)

.tm_clone_table
                0x0000000020000574        0x0 load address 0x0000000010003544
 .tm_clone_table
                0x0000000020000574        0x0 /usr/lib/gcc/arm-none-eabi/10.3.1/thumb/v8-m.main+fp/softfp/crtbegin.o
 .tm_clone_table
                0x0000000020000574        0x0 /usr/lib/gcc/arm-none-eabi/10.3.1/thumb/v8-m.main+fp/softfp/crtend.o

.igot.plt       0x0000000020000574        0x0 load address 0x0000000010003544
 .igot.plt      0x0000000020000574        0x0 /usr/lib/gcc/arm-none-eabi/10.3.1/thumb/v8-m.main+fp/softfp/crtbegin.o

.tdata          0x0000000020000574        0x0 load address 0x0000000010003544
                0x0000000020000574                . = ALIGN (0x4)
 *(.tdata .tdata.* .gnu.linkonce.td.*)
                0x0000000020000574                __tdata_end = .
                0x0000000020000574                PROVIDE (__data_end__ = .)
                0x00000000100030e0                __etext = LOADADDR (.data)

.tbss           0x0000000020000574        0x0 load address 0x0000000010003544
                0x0000000020000574                . = ALIGN (0x4)
                0x0000000020000574                __bss_start__ = .
                0x0000000020000574                __tls_base = .
 *(.tbss .tbss.* .gnu.linkonce.tb.*)
 *(.tcommon)
                0x0000000020000574                __tls_end = .

.bss            0x0000000020000578      0x220 load address 0x0000000010003544
                0x0000000020000578                . = ALIGN (0x4)
                0x0000000020000578                __tbss_end = .
 *(SORT_BY_ALIGNMENT(SORT_BY_NAME(.bss*)))
 .bss.default_alarm_pool_entries
                0x0000000020000578      0x180 CMakeFiles/TestVelocidad.dir/home/kejoperezde/Downloads/pico/pico-sdk/src/common/pico_time/time.c.obj
 .bss           0x00000000200006f8       0x1c /usr/lib/gcc/arm-none-eabi/10.3.1/thumb/v8-m.main+fp/softfp/crtbegin.o
 .bss._sw_spin_locks
                0x0000000020000714       0x20 CMakeFiles/TestVelocidad.dir/home/kejoperezde/Downloads/pico/pico-sdk/src/rp2_common/hardware_sync_spin_lock/sync_spin_lock.c.obj
                0x0000000020000714                _sw_spin_locks
 .bss.claimed   0x0000000020000734        0x2 CMakeFiles/TestVelocidad.dir/home/kejoperezde/Downloads/pico/pico-sdk/src/rp2_common/hardware_timer/timer.c.obj
 *fill*         0x0000000020000736        0x2 
 .bss.configured_freq
                0x0000000020000738       0x28 CMakeFiles/TestVelocidad.dir/home/kejoperezde/Downloads/pico/pico-sdk/src/rp2_common/hardware_clocks/clocks.c.obj
 .bss.drivers   0x0000000020000760        0x4 CMakeFiles/TestVelocidad.dir/home/kejoperezde/Downloads/pico/pico-sdk/src/rp2_common/pico_stdio/stdio.c.obj
 .bss.filter    0x0000000020000764        0x4 CMakeFiles/TestVelocidad.dir/home/kejoperezde/Downloads/pico/pico-sdk/src/rp2_common/pico_stdio/stdio.c.obj
 .bss.lazy_vsnprintf
                0x0000000020000768        0x4 CMakeFiles/TestVelocidad.dir/home/kejoperezde/Downloads/pico/pico-sdk/src/rp2_common/pico_printf/printf.c.obj
 .bss.pools     0x000000002000076c       0x20 CMakeFiles/TestVelocidad.dir/home/kejoperezde/Downloads/pico/pico-sdk/src/common/pico_time/time.c.obj
 .bss.sleep_notifier
                0x000000002000078c        0x4 CMakeFiles/TestVelocidad.dir/home/kejoperezde/Downloads/pico/pico-sdk/src/common/pico_time/time.c.obj
 .bss.uart_char_to_line_feed
                0x0000000020000790        0x4 CMakeFiles/TestVelocidad.dir/home/kejoperezde/Downloads/pico/pico-sdk/src/rp2_common/hardware_uart/uart.c.obj
                0x0000000020000790                uart_char_to_line_feed
 .bss.sending_data
                0x0000000020000794        0x1 CMakeFiles/TestVelocidad.dir/TestVelocidad.c.obj
                0x0000000020000794                sending_data
 *(COMMON)
                [!provide]                        PROVIDE (__global_pointer$ = (. + 0x800))
 *(.sbss*)
                0x0000000020000798                . = ALIGN (0x4)
 *fill*         0x0000000020000795        0x3 
                0x0000000020000798                __bss_end__ = .

.heap           0x0000000020000798    0x7f868 load address 0x0000000010003544
                0x0000000020000798                __end__ = .
                0x0000000020000798                end = __end__
 *(.heap*)
 .heap          0x0000000020000798      0x800 CMakeFiles/TestVelocidad.dir/home/kejoperezde/Downloads/pico/pico-sdk/src/rp2_common/pico_crt0/crt0.S.obj
                0x0000000020080000                . = (ORIGIN (RAM) + LENGTH (RAM))
 *fill*         0x0000000020000f98    0x7f068 
                0x0000000020080000                __HeapLimit = .

.scratch_x      0x0000000020080000        0x0 load address 0x0000000010003544
                0x0000000020080000                __scratch_x_start__ = .
 *(.scratch_x.*)
                0x0000000020080000                . = ALIGN (0x4)
                0x0000000020080000                __scratch_x_end__ = .
                0x0000000010003544                __scratch_x_source__ = LOADADDR (.scratch_x)

.scratch_y      0x0000000020081000        0x0 load address 0x0000000010003544
                0x0000000020081000                __scratch_y_start__ = .
 *(.scratch_y.*)
                0x0000000020081000                . = ALIGN (0x4)
                0x0000000020081000                __scratch_y_end__ = .
                0x0000000010003544                __scratch_y_source__ = LOADADDR (.scratch_y)

.stack1_dummy   0x0000000020080000        0x0
 *(.stack1*)

.stack_dummy    0x0000000020081000      0x800
 *(.stack*)
 .stack         0x0000000020081000      0x800 CMakeFiles/TestVelocidad.dir/home/kejoperezde/Downloads/pico/pico-sdk/src/rp2_common/pico_crt0/crt0.S.obj

.flash_end      0x0000000010003544       0x14
 *(.embedded_end_block*)
 .embedded_end_block
                0x0000000010003544       0x14 CMakeFiles/TestVelocidad.dir/home/kejoperezde/Downloads/pico/pico-sdk/src/rp2_common/pico_crt0/crt0.S.obj
                0x0000000010003558                PROVIDE (__flash_binary_end = .)
                0x0000000020080000                __StackLimit = (ORIGIN (RAM) + LENGTH (RAM))
                0x0000000020081000                __StackOneTop = (ORIGIN (SCRATCH_X) + LENGTH (SCRATCH_X))
                0x0000000020082000                __StackTop = (ORIGIN (SCRATCH_Y) + LENGTH (SCRATCH_Y))
                0x0000000020081000                __StackOneBottom = (__StackOneTop - SIZEOF (.stack1_dummy))
                0x0000000020081800                __StackBottom = (__StackTop - SIZEOF (.stack_dummy))
                0x0000000020082000                PROVIDE (__stack = __StackTop)
                [!provide]                        PROVIDE (__heap_start = __end__)
                [!provide]                        PROVIDE (__heap_end = __HeapLimit)
                [!provide]                        PROVIDE (__tls_align = MAX (ALIGNOF (.tdata), ALIGNOF (.tbss)))
                [!provide]                        PROVIDE (__tls_size_align = (((__tls_size + __tls_align) - 0x1) & ~ ((__tls_align - 0x1))))
                [!provide]                        PROVIDE (__arm32_tls_tcb_offset = MAX (0x8, __tls_align))
                [!provide]                        PROVIDE (_end = __end__)
                [!provide]                        PROVIDE (__llvm_libc_heap_limit = __HeapLimit)
                0x0000000000000001                ASSERT ((__StackLimit >= __HeapLimit), region RAM overflowed)
                0x0000000000000001                ASSERT (((__binary_info_header_end - __logical_binary_start) <= 0x400), Binary info must be in first 1024 bytes of the binary)
                0x0000000000000001                ASSERT (((__embedded_block_end - __logical_binary_start) <= 0x1000), Embedded block must be in first 4096 bytes of the binary)
LOAD CMakeFiles/TestVelocidad.dir/TestVelocidad.c.obj
LOAD CMakeFiles/TestVelocidad.dir/home/kejoperezde/Downloads/pico/pico-sdk/src/rp2_common/pico_stdlib/stdlib.c.obj
LOAD CMakeFiles/TestVelocidad.dir/home/kejoperezde/Downloads/pico/pico-sdk/src/rp2_common/hardware_gpio/gpio.c.obj
LOAD CMakeFiles/TestVelocidad.dir/home/kejoperezde/Downloads/pico/pico-sdk/src/rp2350/pico_platform/platform.c.obj
LOAD CMakeFiles/TestVelocidad.dir/home/kejoperezde/Downloads/pico/pico-sdk/src/rp2_common/pico_platform_panic/panic.c.obj
LOAD CMakeFiles/TestVelocidad.dir/home/kejoperezde/Downloads/pico/pico-sdk/src/common/hardware_claim/claim.c.obj
LOAD CMakeFiles/TestVelocidad.dir/home/kejoperezde/Downloads/pico/pico-sdk/src/rp2_common/hardware_sync/sync.c.obj
LOAD CMakeFiles/TestVelocidad.dir/home/kejoperezde/Downloads/pico/pico-sdk/src/rp2_common/hardware_sync_spin_lock/sync_spin_lock.c.obj
LOAD CMakeFiles/TestVelocidad.dir/home/kejoperezde/Downloads/pico/pico-sdk/src/rp2_common/hardware_irq/irq.c.obj
LOAD CMakeFiles/TestVelocidad.dir/home/kejoperezde/Downloads/pico/pico-sdk/src/rp2_common/hardware_irq/irq_handler_chain.S.obj
LOAD CMakeFiles/TestVelocidad.dir/home/kejoperezde/Downloads/pico/pico-sdk/src/common/pico_sync/sem.c.obj
LOAD CMakeFiles/TestVelocidad.dir/home/kejoperezde/Downloads/pico/pico-sdk/src/common/pico_sync/lock_core.c.obj
LOAD CMakeFiles/TestVelocidad.dir/home/kejoperezde/Downloads/pico/pico-sdk/src/common/pico_sync/mutex.c.obj
LOAD CMakeFiles/TestVelocidad.dir/home/kejoperezde/Downloads/pico/pico-sdk/src/common/pico_sync/critical_section.c.obj
LOAD CMakeFiles/TestVelocidad.dir/home/kejoperezde/Downloads/pico/pico-sdk/src/common/pico_time/time.c.obj
LOAD CMakeFiles/TestVelocidad.dir/home/kejoperezde/Downloads/pico/pico-sdk/src/common/pico_time/timeout_helper.c.obj
LOAD CMakeFiles/TestVelocidad.dir/home/kejoperezde/Downloads/pico/pico-sdk/src/rp2_common/hardware_timer/timer.c.obj
LOAD CMakeFiles/TestVelocidad.dir/home/kejoperezde/Downloads/pico/pico-sdk/src/common/pico_util/datetime.c.obj
LOAD CMakeFiles/TestVelocidad.dir/home/kejoperezde/Downloads/pico/pico-sdk/src/common/pico_util/pheap.c.obj
LOAD CMakeFiles/TestVelocidad.dir/home/kejoperezde/Downloads/pico/pico-sdk/src/common/pico_util/queue.c.obj
LOAD CMakeFiles/TestVelocidad.dir/home/kejoperezde/Downloads/pico/pico-sdk/src/rp2_common/hardware_uart/uart.c.obj
LOAD CMakeFiles/TestVelocidad.dir/home/kejoperezde/Downloads/pico/pico-sdk/src/rp2_common/hardware_clocks/clocks.c.obj
LOAD CMakeFiles/TestVelocidad.dir/home/kejoperezde/Downloads/pico/pico-sdk/src/rp2_common/hardware_pll/pll.c.obj
LOAD CMakeFiles/TestVelocidad.dir/home/kejoperezde/Downloads/pico/pico-sdk/src/rp2_common/hardware_vreg/vreg.c.obj
LOAD CMakeFiles/TestVelocidad.dir/home/kejoperezde/Downloads/pico/pico-sdk/src/rp2_common/hardware_watchdog/watchdog.c.obj
LOAD CMakeFiles/TestVelocidad.dir/home/kejoperezde/Downloads/pico/pico-sdk/src/rp2_common/hardware_ticks/ticks.c.obj
LOAD CMakeFiles/TestVelocidad.dir/home/kejoperezde/Downloads/pico/pico-sdk/src/rp2_common/hardware_xosc/xosc.c.obj
LOAD CMakeFiles/TestVelocidad.dir/home/kejoperezde/Downloads/pico/pico-sdk/src/rp2_common/hardware_divider/divider.c.obj
LOAD CMakeFiles/TestVelocidad.dir/home/kejoperezde/Downloads/pico/pico-sdk/src/rp2_common/pico_runtime/runtime.c.obj
LOAD CMakeFiles/TestVelocidad.dir/home/kejoperezde/Downloads/pico/pico-sdk/src/rp2_common/pico_runtime_init/runtime_init.c.obj
LOAD CMakeFiles/TestVelocidad.dir/home/kejoperezde/Downloads/pico/pico-sdk/src/rp2_common/pico_runtime_init/runtime_init_clocks.c.obj
LOAD CMakeFiles/TestVelocidad.dir/home/kejoperezde/Downloads/pico/pico-sdk/src/rp2_common/pico_runtime_init/runtime_init_stack_guard.c.obj
LOAD CMakeFiles/TestVelocidad.dir/home/kejoperezde/Downloads/pico/pico-sdk/src/rp2_common/pico_bit_ops/bit_ops_aeabi.S.obj
LOAD CMakeFiles/TestVelocidad.dir/home/kejoperezde/Downloads/pico/pico-sdk/src/rp2_common/pico_bootrom/bootrom.c.obj
LOAD CMakeFiles/TestVelocidad.dir/home/kejoperezde/Downloads/pico/pico-sdk/src/rp2_common/pico_bootrom/bootrom_lock.c.obj
LOAD CMakeFiles/TestVelocidad.dir/home/kejoperezde/Downloads/pico/pico-sdk/src/rp2_common/hardware_boot_lock/boot_lock.c.obj
LOAD CMakeFiles/TestVelocidad.dir/home/kejoperezde/Downloads/pico/pico-sdk/src/rp2_common/pico_divider/divider_compiler.c.obj
LOAD CMakeFiles/TestVelocidad.dir/home/kejoperezde/Downloads/pico/pico-sdk/src/rp2_common/pico_double/double_math.c.obj
LOAD CMakeFiles/TestVelocidad.dir/home/kejoperezde/Downloads/pico/pico-sdk/src/rp2_common/pico_double/double_aeabi_dcp.S.obj
LOAD CMakeFiles/TestVelocidad.dir/home/kejoperezde/Downloads/pico/pico-sdk/src/rp2_common/pico_double/double_fma_dcp.S.obj
LOAD CMakeFiles/TestVelocidad.dir/home/kejoperezde/Downloads/pico/pico-sdk/src/rp2_common/pico_double/double_sci_m33.S.obj
LOAD CMakeFiles/TestVelocidad.dir/home/kejoperezde/Downloads/pico/pico-sdk/src/rp2_common/pico_double/double_conv_m33.S.obj
LOAD CMakeFiles/TestVelocidad.dir/home/kejoperezde/Downloads/pico/pico-sdk/src/rp2_common/pico_float/float_math.c.obj
LOAD CMakeFiles/TestVelocidad.dir/home/kejoperezde/Downloads/pico/pico-sdk/src/rp2_common/pico_float/float_sci_m33_vfp.S.obj
LOAD CMakeFiles/TestVelocidad.dir/home/kejoperezde/Downloads/pico/pico-sdk/src/rp2_common/pico_float/float_conv_m33.S.obj
LOAD CMakeFiles/TestVelocidad.dir/home/kejoperezde/Downloads/pico/pico-sdk/src/rp2_common/pico_malloc/malloc.c.obj
LOAD CMakeFiles/TestVelocidad.dir/home/kejoperezde/Downloads/pico/pico-sdk/src/rp2_common/pico_atomic/atomic.c.obj
LOAD CMakeFiles/TestVelocidad.dir/home/kejoperezde/Downloads/pico/pico-sdk/src/rp2_common/pico_cxx_options/new_delete.cpp.obj
LOAD CMakeFiles/TestVelocidad.dir/home/kejoperezde/Downloads/pico/pico-sdk/src/rp2_common/pico_standard_binary_info/standard_binary_info.c.obj
LOAD CMakeFiles/TestVelocidad.dir/home/kejoperezde/Downloads/pico/pico-sdk/src/rp2_common/pico_printf/printf.c.obj
LOAD CMakeFiles/TestVelocidad.dir/home/kejoperezde/Downloads/pico/pico-sdk/src/rp2_common/pico_crt0/crt0.S.obj
LOAD CMakeFiles/TestVelocidad.dir/home/kejoperezde/Downloads/pico/pico-sdk/src/rp2_common/pico_clib_interface/newlib_interface.c.obj
LOAD CMakeFiles/TestVelocidad.dir/home/kejoperezde/Downloads/pico/pico-sdk/src/rp2_common/pico_stdio/stdio.c.obj
LOAD CMakeFiles/TestVelocidad.dir/home/kejoperezde/Downloads/pico/pico-sdk/src/rp2_common/pico_stdio_uart/stdio_uart.c.obj
LOAD CMakeFiles/TestVelocidad.dir/home/kejoperezde/Downloads/pico/pico-sdk/src/rp2_common/hardware_adc/adc.c.obj
LOAD /tmp/ccS5LAHi.o
LOAD /usr/lib/gcc/arm-none-eabi/10.3.1/../../../arm-none-eabi/lib/thumb/v8-m.main+fp/softfp/libstdc++.a
LOAD /usr/lib/gcc/arm-none-eabi/10.3.1/../../../arm-none-eabi/lib/thumb/v8-m.main+fp/softfp/libm.a
START GROUP
LOAD /usr/lib/gcc/arm-none-eabi/10.3.1/thumb/v8-m.main+fp/softfp/libgcc.a
LOAD /usr/lib/gcc/arm-none-eabi/10.3.1/../../../arm-none-eabi/lib/thumb/v8-m.main+fp/softfp/libg.a
LOAD /usr/lib/gcc/arm-none-eabi/10.3.1/../../../arm-none-eabi/lib/thumb/v8-m.main+fp/softfp/libc.a
END GROUP
START GROUP
LOAD /usr/lib/gcc/arm-none-eabi/10.3.1/thumb/v8-m.main+fp/softfp/libgcc.a
LOAD /usr/lib/gcc/arm-none-eabi/10.3.1/../../../arm-none-eabi/lib/thumb/v8-m.main+fp/softfp/libc.a
LOAD /usr/lib/gcc/arm-none-eabi/10.3.1/../../../arm-none-eabi/lib/thumb/v8-m.main+fp/softfp/libnosys.a
END GROUP
LOAD /usr/lib/gcc/arm-none-eabi/10.3.1/thumb/v8-m.main+fp/softfp/crtend.o
LOAD /usr/lib/gcc/arm-none-eabi/10.3.1/thumb/v8-m.main+fp/softfp/crtn.o
OUTPUT(TestVelocidad.elf elf32-littlearm)
LOAD linker stubs

.rel.dyn        0x0000000010003558        0x0
 .rel.iplt      0x0000000010003558        0x0 /usr/lib/gcc/arm-none-eabi/10.3.1/thumb/v8-m.main+fp/softfp/crtbegin.o

.ARM.attributes
                0x0000000000000000       0x34
 .ARM.attributes
                0x0000000000000000       0x22 /usr/lib/gcc/arm-none-eabi/10.3.1/thumb/v8-m.main+fp/softfp/crti.o
 .ARM.attributes
                0x0000000000000022       0x36 /usr/lib/gcc/arm-none-eabi/10.3.1/thumb/v8-m.main+fp/softfp/crtbegin.o
 .ARM.attributes
                0x0000000000000058       0x38 CMakeFiles/TestVelocidad.dir/TestVelocidad.c.obj
 .ARM.attributes
                0x0000000000000090       0x38 CMakeFiles/TestVelocidad.dir/home/kejoperezde/Downloads/pico/pico-sdk/src/rp2_common/hardware_gpio/gpio.c.obj
 .ARM.attributes
                0x00000000000000c8       0x38 CMakeFiles/TestVelocidad.dir/home/kejoperezde/Downloads/pico/pico-sdk/src/rp2_common/pico_platform_panic/panic.c.obj
 .ARM.attributes
                0x0000000000000100       0x38 CMakeFiles/TestVelocidad.dir/home/kejoperezde/Downloads/pico/pico-sdk/src/common/hardware_claim/claim.c.obj
 .ARM.attributes
                0x0000000000000138       0x38 CMakeFiles/TestVelocidad.dir/home/kejoperezde/Downloads/pico/pico-sdk/src/rp2_common/hardware_sync/sync.c.obj
 .ARM.attributes
                0x0000000000000170       0x38 CMakeFiles/TestVelocidad.dir/home/kejoperezde/Downloads/pico/pico-sdk/src/rp2_common/hardware_sync_spin_lock/sync_spin_lock.c.obj
 .ARM.attributes
                0x00000000000001a8       0x38 CMakeFiles/TestVelocidad.dir/home/kejoperezde/Downloads/pico/pico-sdk/src/rp2_common/hardware_irq/irq.c.obj
 .ARM.attributes
                0x00000000000001e0       0x38 CMakeFiles/TestVelocidad.dir/home/kejoperezde/Downloads/pico/pico-sdk/src/common/pico_sync/lock_core.c.obj
 .ARM.attributes
                0x0000000000000218       0x38 CMakeFiles/TestVelocidad.dir/home/kejoperezde/Downloads/pico/pico-sdk/src/common/pico_sync/mutex.c.obj
 .ARM.attributes
                0x0000000000000250       0x38 CMakeFiles/TestVelocidad.dir/home/kejoperezde/Downloads/pico/pico-sdk/src/common/pico_time/time.c.obj
 .ARM.attributes
                0x0000000000000288       0x38 CMakeFiles/TestVelocidad.dir/home/kejoperezde/Downloads/pico/pico-sdk/src/rp2_common/hardware_timer/timer.c.obj
 .ARM.attributes
                0x00000000000002c0       0x38 CMakeFiles/TestVelocidad.dir/home/kejoperezde/Downloads/pico/pico-sdk/src/rp2_common/hardware_uart/uart.c.obj
 .ARM.attributes
                0x00000000000002f8       0x38 CMakeFiles/TestVelocidad.dir/home/kejoperezde/Downloads/pico/pico-sdk/src/rp2_common/hardware_clocks/clocks.c.obj
 .ARM.attributes
                0x0000000000000330       0x38 CMakeFiles/TestVelocidad.dir/home/kejoperezde/Downloads/pico/pico-sdk/src/rp2_common/hardware_pll/pll.c.obj
 .ARM.attributes
                0x0000000000000368       0x38 CMakeFiles/TestVelocidad.dir/home/kejoperezde/Downloads/pico/pico-sdk/src/rp2_common/hardware_ticks/ticks.c.obj
 .ARM.attributes
                0x00000000000003a0       0x38 CMakeFiles/TestVelocidad.dir/home/kejoperezde/Downloads/pico/pico-sdk/src/rp2_common/hardware_xosc/xosc.c.obj
 .ARM.attributes
                0x00000000000003d8       0x38 CMakeFiles/TestVelocidad.dir/home/kejoperezde/Downloads/pico/pico-sdk/src/rp2_common/pico_runtime/runtime.c.obj
 .ARM.attributes
                0x0000000000000410       0x38 CMakeFiles/TestVelocidad.dir/home/kejoperezde/Downloads/pico/pico-sdk/src/rp2_common/pico_runtime_init/runtime_init.c.obj
 .ARM.attributes
                0x0000000000000448       0x38 CMakeFiles/TestVelocidad.dir/home/kejoperezde/Downloads/pico/pico-sdk/src/rp2_common/pico_runtime_init/runtime_init_clocks.c.obj
 .ARM.attributes
                0x0000000000000480       0x38 CMakeFiles/TestVelocidad.dir/home/kejoperezde/Downloads/pico/pico-sdk/src/rp2_common/pico_bootrom/bootrom.c.obj
 .ARM.attributes
                0x00000000000004b8       0x38 CMakeFiles/TestVelocidad.dir/home/kejoperezde/Downloads/pico/pico-sdk/src/rp2_common/pico_bootrom/bootrom_lock.c.obj
 .ARM.attributes
                0x00000000000004f0       0x38 CMakeFiles/TestVelocidad.dir/home/kejoperezde/Downloads/pico/pico-sdk/src/rp2_common/hardware_boot_lock/boot_lock.c.obj
 .ARM.attributes
                0x0000000000000528       0x28 CMakeFiles/TestVelocidad.dir/home/kejoperezde/Downloads/pico/pico-sdk/src/rp2_common/pico_double/double_aeabi_dcp.S.obj
 .ARM.attributes
                0x0000000000000550       0x38 CMakeFiles/TestVelocidad.dir/home/kejoperezde/Downloads/pico/pico-sdk/src/rp2_common/pico_standard_binary_info/standard_binary_info.c.obj
 .ARM.attributes
                0x0000000000000588       0x38 CMakeFiles/TestVelocidad.dir/home/kejoperezde/Downloads/pico/pico-sdk/src/rp2_common/pico_printf/printf.c.obj
 .ARM.attributes
                0x00000000000005c0       0x28 CMakeFiles/TestVelocidad.dir/home/kejoperezde/Downloads/pico/pico-sdk/src/rp2_common/pico_crt0/crt0.S.obj
 .ARM.attributes
                0x00000000000005e8       0x38 CMakeFiles/TestVelocidad.dir/home/kejoperezde/Downloads/pico/pico-sdk/src/rp2_common/pico_clib_interface/newlib_interface.c.obj
 .ARM.attributes
                0x0000000000000620       0x38 CMakeFiles/TestVelocidad.dir/home/kejoperezde/Downloads/pico/pico-sdk/src/rp2_common/pico_stdio/stdio.c.obj
 .ARM.attributes
                0x0000000000000658       0x38 CMakeFiles/TestVelocidad.dir/home/kejoperezde/Downloads/pico/pico-sdk/src/rp2_common/hardware_adc/adc.c.obj
 .ARM.attributes
                0x0000000000000690       0x22 /usr/lib/gcc/arm-none-eabi/10.3.1/thumb/v8-m.main+fp/softfp/libgcc.a(_aeabi_uldivmod.o)
 .ARM.attributes
                0x00000000000006b2       0x36 /usr/lib/gcc/arm-none-eabi/10.3.1/thumb/v8-m.main+fp/softfp/libgcc.a(_udivmoddi4.o)
 .ARM.attributes
                0x00000000000006e8       0x22 /usr/lib/gcc/arm-none-eabi/10.3.1/thumb/v8-m.main+fp/softfp/libgcc.a(_dvmd_tls.o)
 .ARM.attributes
                0x000000000000070a       0x20 /usr/lib/gcc/arm-none-eabi/10.3.1/../../../arm-none-eabi/lib/thumb/v8-m.main+fp/softfp/libg.a(lib_a-memcpy.o)
 .ARM.attributes
                0x000000000000072a       0x36 /usr/lib/gcc/arm-none-eabi/10.3.1/../../../arm-none-eabi/lib/thumb/v8-m.main+fp/softfp/libg.a(lib_a-strlen-stub.o)
 .ARM.attributes
                0x0000000000000760       0x34 /usr/lib/gcc/arm-none-eabi/10.3.1/thumb/v8-m.main+fp/softfp/crtend.o

.comment        0x0000000000000000       0x33
 .comment       0x0000000000000000       0x33 /usr/lib/gcc/arm-none-eabi/10.3.1/thumb/v8-m.main+fp/softfp/crtbegin.o
                                         0x34 (size before relaxing)
 .comment       0x0000000000000033       0x34 CMakeFiles/TestVelocidad.dir/TestVelocidad.c.obj
 .comment       0x0000000000000033       0x34 CMakeFiles/TestVelocidad.dir/home/kejoperezde/Downloads/pico/pico-sdk/src/rp2_common/hardware_gpio/gpio.c.obj
 .comment       0x0000000000000033       0x34 CMakeFiles/TestVelocidad.dir/home/kejoperezde/Downloads/pico/pico-sdk/src/rp2_common/pico_platform_panic/panic.c.obj
 .comment       0x0000000000000033       0x34 CMakeFiles/TestVelocidad.dir/home/kejoperezde/Downloads/pico/pico-sdk/src/common/hardware_claim/claim.c.obj
 .comment       0x0000000000000033       0x34 CMakeFiles/TestVelocidad.dir/home/kejoperezde/Downloads/pico/pico-sdk/src/rp2_common/hardware_sync/sync.c.obj
 .comment       0x0000000000000033       0x34 CMakeFiles/TestVelocidad.dir/home/kejoperezde/Downloads/pico/pico-sdk/src/rp2_common/hardware_sync_spin_lock/sync_spin_lock.c.obj
 .comment       0x0000000000000033       0x34 CMakeFiles/TestVelocidad.dir/home/kejoperezde/Downloads/pico/pico-sdk/src/rp2_common/hardware_irq/irq.c.obj
 .comment       0x0000000000000033       0x34 CMakeFiles/TestVelocidad.dir/home/kejoperezde/Downloads/pico/pico-sdk/src/common/pico_sync/lock_core.c.obj
 .comment       0x0000000000000033       0x34 CMakeFiles/TestVelocidad.dir/home/kejoperezde/Downloads/pico/pico-sdk/src/common/pico_sync/mutex.c.obj
 .comment       0x0000000000000033       0x34 CMakeFiles/TestVelocidad.dir/home/kejoperezde/Downloads/pico/pico-sdk/src/common/pico_time/time.c.obj
 .comment       0x0000000000000033       0x34 CMakeFiles/TestVelocidad.dir/home/kejoperezde/Downloads/pico/pico-sdk/src/rp2_common/hardware_timer/timer.c.obj
 .comment       0x0000000000000033       0x34 CMakeFiles/TestVelocidad.dir/home/kejoperezde/Downloads/pico/pico-sdk/src/rp2_common/hardware_uart/uart.c.obj
 .comment       0x0000000000000033       0x34 CMakeFiles/TestVelocidad.dir/home/kejoperezde/Downloads/pico/pico-sdk/src/rp2_common/hardware_clocks/clocks.c.obj
 .comment       0x0000000000000033       0x34 CMakeFiles/TestVelocidad.dir/home/kejoperezde/Downloads/pico/pico-sdk/src/rp2_common/hardware_pll/pll.c.obj
 .comment       0x0000000000000033       0x34 CMakeFiles/TestVelocidad.dir/home/kejoperezde/Downloads/pico/pico-sdk/src/rp2_common/hardware_ticks/ticks.c.obj
 .comment       0x0000000000000033       0x34 CMakeFiles/TestVelocidad.dir/home/kejoperezde/Downloads/pico/pico-sdk/src/rp2_common/hardware_xosc/xosc.c.obj
 .comment       0x0000000000000033       0x34 CMakeFiles/TestVelocidad.dir/home/kejoperezde/Downloads/pico/pico-sdk/src/rp2_common/pico_runtime/runtime.c.obj
 .comment       0x0000000000000033       0x34 CMakeFiles/TestVelocidad.dir/home/kejoperezde/Downloads/pico/pico-sdk/src/rp2_common/pico_runtime_init/runtime_init.c.obj
 .comment       0x0000000000000033       0x34 CMakeFiles/TestVelocidad.dir/home/kejoperezde/Downloads/pico/pico-sdk/src/rp2_common/pico_runtime_init/runtime_init_clocks.c.obj
 .comment       0x0000000000000033       0x34 CMakeFiles/TestVelocidad.dir/home/kejoperezde/Downloads/pico/pico-sdk/src/rp2_common/pico_bootrom/bootrom.c.obj
 .comment       0x0000000000000033       0x34 CMakeFiles/TestVelocidad.dir/home/kejoperezde/Downloads/pico/pico-sdk/src/rp2_common/pico_bootrom/bootrom_lock.c.obj
 .comment       0x0000000000000033       0x34 CMakeFiles/TestVelocidad.dir/home/kejoperezde/Downloads/pico/pico-sdk/src/rp2_common/hardware_boot_lock/boot_lock.c.obj
 .comment       0x0000000000000033       0x34 CMakeFiles/TestVelocidad.dir/home/kejoperezde/Downloads/pico/pico-sdk/src/rp2_common/pico_standard_binary_info/standard_binary_info.c.obj
 .comment       0x0000000000000033       0x34 CMakeFiles/TestVelocidad.dir/home/kejoperezde/Downloads/pico/pico-sdk/src/rp2_common/pico_printf/printf.c.obj
 .comment       0x0000000000000033       0x34 CMakeFiles/TestVelocidad.dir/home/kejoperezde/Downloads/pico/pico-sdk/src/rp2_common/pico_clib_interface/newlib_interface.c.obj
 .comment       0x0000000000000033       0x34 CMakeFiles/TestVelocidad.dir/home/kejoperezde/Downloads/pico/pico-sdk/src/rp2_common/pico_stdio/stdio.c.obj
 .comment       0x0000000000000033       0x34 CMakeFiles/TestVelocidad.dir/home/kejoperezde/Downloads/pico/pico-sdk/src/rp2_common/hardware_adc/adc.c.obj
 .comment       0x0000000000000033       0x34 /usr/lib/gcc/arm-none-eabi/10.3.1/thumb/v8-m.main+fp/softfp/libgcc.a(_udivmoddi4.o)
 .comment       0x0000000000000033       0x34 /usr/lib/gcc/arm-none-eabi/10.3.1/../../../arm-none-eabi/lib/thumb/v8-m.main+fp/softfp/libg.a(lib_a-strlen-stub.o)
 .comment       0x0000000000000033       0x34 /usr/lib/gcc/arm-none-eabi/10.3.1/thumb/v8-m.main+fp/softfp/crtend.o

.debug_info     0x0000000000000000    0x1f82d
 .debug_info    0x0000000000000000     0x10b6 CMakeFiles/TestVelocidad.dir/TestVelocidad.c.obj
 .debug_info    0x00000000000010b6     0x24ac CMakeFiles/TestVelocidad.dir/home/kejoperezde/Downloads/pico/pico-sdk/src/rp2_common/hardware_gpio/gpio.c.obj
 .debug_info    0x0000000000003562      0x19b CMakeFiles/TestVelocidad.dir/home/kejoperezde/Downloads/pico/pico-sdk/src/rp2_common/pico_platform_panic/panic.c.obj
 .debug_info    0x00000000000036fd      0xbac CMakeFiles/TestVelocidad.dir/home/kejoperezde/Downloads/pico/pico-sdk/src/common/hardware_claim/claim.c.obj
 .debug_info    0x00000000000042a9      0x3e5 CMakeFiles/TestVelocidad.dir/home/kejoperezde/Downloads/pico/pico-sdk/src/rp2_common/hardware_sync/sync.c.obj
 .debug_info    0x000000000000468e     0x1661 CMakeFiles/TestVelocidad.dir/home/kejoperezde/Downloads/pico/pico-sdk/src/rp2_common/hardware_sync_spin_lock/sync_spin_lock.c.obj
 .debug_info    0x0000000000005cef     0x25cd CMakeFiles/TestVelocidad.dir/home/kejoperezde/Downloads/pico/pico-sdk/src/rp2_common/hardware_irq/irq.c.obj
 .debug_info    0x00000000000082bc      0x182 CMakeFiles/TestVelocidad.dir/home/kejoperezde/Downloads/pico/pico-sdk/src/common/pico_sync/lock_core.c.obj
 .debug_info    0x000000000000843e     0x1f1e CMakeFiles/TestVelocidad.dir/home/kejoperezde/Downloads/pico/pico-sdk/src/common/pico_sync/mutex.c.obj
 .debug_info    0x000000000000a35c     0x4d84 CMakeFiles/TestVelocidad.dir/home/kejoperezde/Downloads/pico/pico-sdk/src/common/pico_time/time.c.obj
 .debug_info    0x000000000000f0e0     0x2f2d CMakeFiles/TestVelocidad.dir/home/kejoperezde/Downloads/pico/pico-sdk/src/rp2_common/hardware_timer/timer.c.obj
 .debug_info    0x000000000001200d     0x19d4 CMakeFiles/TestVelocidad.dir/home/kejoperezde/Downloads/pico/pico-sdk/src/rp2_common/hardware_uart/uart.c.obj
 .debug_info    0x00000000000139e1     0x2853 CMakeFiles/TestVelocidad.dir/home/kejoperezde/Downloads/pico/pico-sdk/src/rp2_common/hardware_clocks/clocks.c.obj
 .debug_info    0x0000000000016234      0x51f CMakeFiles/TestVelocidad.dir/home/kejoperezde/Downloads/pico/pico-sdk/src/rp2_common/hardware_pll/pll.c.obj
 .debug_info    0x0000000000016753      0x264 CMakeFiles/TestVelocidad.dir/home/kejoperezde/Downloads/pico/pico-sdk/src/rp2_common/hardware_ticks/ticks.c.obj
 .debug_info    0x00000000000169b7      0x1a8 CMakeFiles/TestVelocidad.dir/home/kejoperezde/Downloads/pico/pico-sdk/src/rp2_common/hardware_xosc/xosc.c.obj
 .debug_info    0x0000000000016b5f      0x208 CMakeFiles/TestVelocidad.dir/home/kejoperezde/Downloads/pico/pico-sdk/src/rp2_common/pico_runtime/runtime.c.obj
 .debug_info    0x0000000000016d67     0x1db0 CMakeFiles/TestVelocidad.dir/home/kejoperezde/Downloads/pico/pico-sdk/src/rp2_common/pico_runtime_init/runtime_init.c.obj
 .debug_info    0x0000000000018b17      0x76e CMakeFiles/TestVelocidad.dir/home/kejoperezde/Downloads/pico/pico-sdk/src/rp2_common/pico_runtime_init/runtime_init_clocks.c.obj
 .debug_info    0x0000000000019285      0x80d CMakeFiles/TestVelocidad.dir/home/kejoperezde/Downloads/pico/pico-sdk/src/rp2_common/pico_bootrom/bootrom.c.obj
 .debug_info    0x0000000000019a92      0x1aa CMakeFiles/TestVelocidad.dir/home/kejoperezde/Downloads/pico/pico-sdk/src/rp2_common/pico_bootrom/bootrom_lock.c.obj
 .debug_info    0x0000000000019c3c      0x306 CMakeFiles/TestVelocidad.dir/home/kejoperezde/Downloads/pico/pico-sdk/src/rp2_common/hardware_boot_lock/boot_lock.c.obj
 .debug_info    0x0000000000019f42       0x22 CMakeFiles/TestVelocidad.dir/home/kejoperezde/Downloads/pico/pico-sdk/src/rp2_common/pico_double/double_aeabi_dcp.S.obj
 .debug_info    0x0000000000019f64      0x2cb CMakeFiles/TestVelocidad.dir/home/kejoperezde/Downloads/pico/pico-sdk/src/rp2_common/pico_standard_binary_info/standard_binary_info.c.obj
 .debug_info    0x000000000001a22f     0x1fcb CMakeFiles/TestVelocidad.dir/home/kejoperezde/Downloads/pico/pico-sdk/src/rp2_common/pico_printf/printf.c.obj
 .debug_info    0x000000000001c1fa       0x22 CMakeFiles/TestVelocidad.dir/home/kejoperezde/Downloads/pico/pico-sdk/src/rp2_common/pico_crt0/crt0.S.obj
 .debug_info    0x000000000001c21c      0xbee CMakeFiles/TestVelocidad.dir/home/kejoperezde/Downloads/pico/pico-sdk/src/rp2_common/pico_clib_interface/newlib_interface.c.obj
 .debug_info    0x000000000001ce0a     0x1dcd CMakeFiles/TestVelocidad.dir/home/kejoperezde/Downloads/pico/pico-sdk/src/rp2_common/pico_stdio/stdio.c.obj
 .debug_info    0x000000000001ebd7      0x411 CMakeFiles/TestVelocidad.dir/home/kejoperezde/Downloads/pico/pico-sdk/src/rp2_common/hardware_adc/adc.c.obj
 .debug_info    0x000000000001efe8       0x26 /usr/lib/gcc/arm-none-eabi/10.3.1/thumb/v8-m.main+fp/softfp/libgcc.a(_aeabi_uldivmod.o)
 .debug_info    0x000000000001f00e      0x717 /usr/lib/gcc/arm-none-eabi/10.3.1/thumb/v8-m.main+fp/softfp/libgcc.a(_udivmoddi4.o)
 .debug_info    0x000000000001f725       0x26 /usr/lib/gcc/arm-none-eabi/10.3.1/thumb/v8-m.main+fp/softfp/libgcc.a(_dvmd_tls.o)
 .debug_info    0x000000000001f74b       0x26 /usr/lib/gcc/arm-none-eabi/10.3.1/../../../arm-none-eabi/lib/thumb/v8-m.main+fp/softfp/libg.a(lib_a-memcpy.o)
 .debug_info    0x000000000001f771       0xbc /usr/lib/gcc/arm-none-eabi/10.3.1/../../../arm-none-eabi/lib/thumb/v8-m.main+fp/softfp/libg.a(lib_a-strlen-stub.o)

.debug_abbrev   0x0000000000000000     0x508e
 .debug_abbrev  0x0000000000000000      0x35e CMakeFiles/TestVelocidad.dir/TestVelocidad.c.obj
 .debug_abbrev  0x000000000000035e      0x4f5 CMakeFiles/TestVelocidad.dir/home/kejoperezde/Downloads/pico/pico-sdk/src/rp2_common/hardware_gpio/gpio.c.obj
 .debug_abbrev  0x0000000000000853       0xf4 CMakeFiles/TestVelocidad.dir/home/kejoperezde/Downloads/pico/pico-sdk/src/rp2_common/pico_platform_panic/panic.c.obj
 .debug_abbrev  0x0000000000000947      0x320 CMakeFiles/TestVelocidad.dir/home/kejoperezde/Downloads/pico/pico-sdk/src/common/hardware_claim/claim.c.obj
 .debug_abbrev  0x0000000000000c67      0x205 CMakeFiles/TestVelocidad.dir/home/kejoperezde/Downloads/pico/pico-sdk/src/rp2_common/hardware_sync/sync.c.obj
 .debug_abbrev  0x0000000000000e6c      0x24d CMakeFiles/TestVelocidad.dir/home/kejoperezde/Downloads/pico/pico-sdk/src/rp2_common/hardware_sync_spin_lock/sync_spin_lock.c.obj
 .debug_abbrev  0x00000000000010b9      0x5bf CMakeFiles/TestVelocidad.dir/home/kejoperezde/Downloads/pico/pico-sdk/src/rp2_common/hardware_irq/irq.c.obj
 .debug_abbrev  0x0000000000001678      0x12e CMakeFiles/TestVelocidad.dir/home/kejoperezde/Downloads/pico/pico-sdk/src/common/pico_sync/lock_core.c.obj
 .debug_abbrev  0x00000000000017a6      0x40e CMakeFiles/TestVelocidad.dir/home/kejoperezde/Downloads/pico/pico-sdk/src/common/pico_sync/mutex.c.obj
 .debug_abbrev  0x0000000000001bb4      0x5e0 CMakeFiles/TestVelocidad.dir/home/kejoperezde/Downloads/pico/pico-sdk/src/common/pico_time/time.c.obj
 .debug_abbrev  0x0000000000002194      0x4b7 CMakeFiles/TestVelocidad.dir/home/kejoperezde/Downloads/pico/pico-sdk/src/rp2_common/hardware_timer/timer.c.obj
 .debug_abbrev  0x000000000000264b      0x318 CMakeFiles/TestVelocidad.dir/home/kejoperezde/Downloads/pico/pico-sdk/src/rp2_common/hardware_uart/uart.c.obj
 .debug_abbrev  0x0000000000002963      0x4a1 CMakeFiles/TestVelocidad.dir/home/kejoperezde/Downloads/pico/pico-sdk/src/rp2_common/hardware_clocks/clocks.c.obj
 .debug_abbrev  0x0000000000002e04      0x19a CMakeFiles/TestVelocidad.dir/home/kejoperezde/Downloads/pico/pico-sdk/src/rp2_common/hardware_pll/pll.c.obj
 .debug_abbrev  0x0000000000002f9e      0x141 CMakeFiles/TestVelocidad.dir/home/kejoperezde/Downloads/pico/pico-sdk/src/rp2_common/hardware_ticks/ticks.c.obj
 .debug_abbrev  0x00000000000030df      0x106 CMakeFiles/TestVelocidad.dir/home/kejoperezde/Downloads/pico/pico-sdk/src/rp2_common/hardware_xosc/xosc.c.obj
 .debug_abbrev  0x00000000000031e5      0x16c CMakeFiles/TestVelocidad.dir/home/kejoperezde/Downloads/pico/pico-sdk/src/rp2_common/pico_runtime/runtime.c.obj
 .debug_abbrev  0x0000000000003351      0x2b9 CMakeFiles/TestVelocidad.dir/home/kejoperezde/Downloads/pico/pico-sdk/src/rp2_common/pico_runtime_init/runtime_init.c.obj
 .debug_abbrev  0x000000000000360a      0x256 CMakeFiles/TestVelocidad.dir/home/kejoperezde/Downloads/pico/pico-sdk/src/rp2_common/pico_runtime_init/runtime_init_clocks.c.obj
 .debug_abbrev  0x0000000000003860      0x359 CMakeFiles/TestVelocidad.dir/home/kejoperezde/Downloads/pico/pico-sdk/src/rp2_common/pico_bootrom/bootrom.c.obj
 .debug_abbrev  0x0000000000003bb9       0xf6 CMakeFiles/TestVelocidad.dir/home/kejoperezde/Downloads/pico/pico-sdk/src/rp2_common/pico_bootrom/bootrom_lock.c.obj
 .debug_abbrev  0x0000000000003caf      0x1d5 CMakeFiles/TestVelocidad.dir/home/kejoperezde/Downloads/pico/pico-sdk/src/rp2_common/hardware_boot_lock/boot_lock.c.obj
 .debug_abbrev  0x0000000000003e84       0x12 CMakeFiles/TestVelocidad.dir/home/kejoperezde/Downloads/pico/pico-sdk/src/rp2_common/pico_double/double_aeabi_dcp.S.obj
 .debug_abbrev  0x0000000000003e96       0xad CMakeFiles/TestVelocidad.dir/home/kejoperezde/Downloads/pico/pico-sdk/src/rp2_common/pico_standard_binary_info/standard_binary_info.c.obj
 .debug_abbrev  0x0000000000003f43      0x537 CMakeFiles/TestVelocidad.dir/home/kejoperezde/Downloads/pico/pico-sdk/src/rp2_common/pico_printf/printf.c.obj
 .debug_abbrev  0x000000000000447a       0x12 CMakeFiles/TestVelocidad.dir/home/kejoperezde/Downloads/pico/pico-sdk/src/rp2_common/pico_crt0/crt0.S.obj
 .debug_abbrev  0x000000000000448c      0x321 CMakeFiles/TestVelocidad.dir/home/kejoperezde/Downloads/pico/pico-sdk/src/rp2_common/pico_clib_interface/newlib_interface.c.obj
 .debug_abbrev  0x00000000000047ad      0x5a5 CMakeFiles/TestVelocidad.dir/home/kejoperezde/Downloads/pico/pico-sdk/src/rp2_common/pico_stdio/stdio.c.obj
 .debug_abbrev  0x0000000000004d52      0x124 CMakeFiles/TestVelocidad.dir/home/kejoperezde/Downloads/pico/pico-sdk/src/rp2_common/hardware_adc/adc.c.obj
 .debug_abbrev  0x0000000000004e76       0x14 /usr/lib/gcc/arm-none-eabi/10.3.1/thumb/v8-m.main+fp/softfp/libgcc.a(_aeabi_uldivmod.o)
 .debug_abbrev  0x0000000000004e8a      0x163 /usr/lib/gcc/arm-none-eabi/10.3.1/thumb/v8-m.main+fp/softfp/libgcc.a(_udivmoddi4.o)
 .debug_abbrev  0x0000000000004fed       0x14 /usr/lib/gcc/arm-none-eabi/10.3.1/thumb/v8-m.main+fp/softfp/libgcc.a(_dvmd_tls.o)
 .debug_abbrev  0x0000000000005001       0x14 /usr/lib/gcc/arm-none-eabi/10.3.1/../../../arm-none-eabi/lib/thumb/v8-m.main+fp/softfp/libg.a(lib_a-memcpy.o)
 .debug_abbrev  0x0000000000005015       0x79 /usr/lib/gcc/arm-none-eabi/10.3.1/../../../arm-none-eabi/lib/thumb/v8-m.main+fp/softfp/libg.a(lib_a-strlen-stub.o)

.debug_loc      0x0000000000000000    0x18082
 .debug_loc     0x0000000000000000      0x548 CMakeFiles/TestVelocidad.dir/TestVelocidad.c.obj
 .debug_loc     0x0000000000000548     0x289e CMakeFiles/TestVelocidad.dir/home/kejoperezde/Downloads/pico/pico-sdk/src/rp2_common/hardware_gpio/gpio.c.obj
 .debug_loc     0x0000000000002de6      0x769 CMakeFiles/TestVelocidad.dir/home/kejoperezde/Downloads/pico/pico-sdk/src/common/hardware_claim/claim.c.obj
 .debug_loc     0x000000000000354f      0x17c CMakeFiles/TestVelocidad.dir/home/kejoperezde/Downloads/pico/pico-sdk/src/rp2_common/hardware_sync/sync.c.obj
 .debug_loc     0x00000000000036cb       0xf0 CMakeFiles/TestVelocidad.dir/home/kejoperezde/Downloads/pico/pico-sdk/src/rp2_common/hardware_sync_spin_lock/sync_spin_lock.c.obj
 .debug_loc     0x00000000000037bb     0x1a96 CMakeFiles/TestVelocidad.dir/home/kejoperezde/Downloads/pico/pico-sdk/src/rp2_common/hardware_irq/irq.c.obj
 .debug_loc     0x0000000000005251       0x2a CMakeFiles/TestVelocidad.dir/home/kejoperezde/Downloads/pico/pico-sdk/src/common/pico_sync/lock_core.c.obj
 .debug_loc     0x000000000000527b     0x1544 CMakeFiles/TestVelocidad.dir/home/kejoperezde/Downloads/pico/pico-sdk/src/common/pico_sync/mutex.c.obj
 .debug_loc     0x00000000000067bf     0x42e0 CMakeFiles/TestVelocidad.dir/home/kejoperezde/Downloads/pico/pico-sdk/src/common/pico_time/time.c.obj
 .debug_loc     0x000000000000aa9f     0x2558 CMakeFiles/TestVelocidad.dir/home/kejoperezde/Downloads/pico/pico-sdk/src/rp2_common/hardware_timer/timer.c.obj
 .debug_loc     0x000000000000cff7     0x136e CMakeFiles/TestVelocidad.dir/home/kejoperezde/Downloads/pico/pico-sdk/src/rp2_common/hardware_uart/uart.c.obj
 .debug_loc     0x000000000000e365     0x31bd CMakeFiles/TestVelocidad.dir/home/kejoperezde/Downloads/pico/pico-sdk/src/rp2_common/hardware_clocks/clocks.c.obj
 .debug_loc     0x0000000000011522      0x23f CMakeFiles/TestVelocidad.dir/home/kejoperezde/Downloads/pico/pico-sdk/src/rp2_common/hardware_pll/pll.c.obj
 .debug_loc     0x0000000000011761       0xa4 CMakeFiles/TestVelocidad.dir/home/kejoperezde/Downloads/pico/pico-sdk/src/rp2_common/hardware_ticks/ticks.c.obj
 .debug_loc     0x0000000000011805       0x71 CMakeFiles/TestVelocidad.dir/home/kejoperezde/Downloads/pico/pico-sdk/src/rp2_common/hardware_xosc/xosc.c.obj
 .debug_loc     0x0000000000011876       0xbc CMakeFiles/TestVelocidad.dir/home/kejoperezde/Downloads/pico/pico-sdk/src/rp2_common/pico_runtime/runtime.c.obj
 .debug_loc     0x0000000000011932      0x19c CMakeFiles/TestVelocidad.dir/home/kejoperezde/Downloads/pico/pico-sdk/src/rp2_common/pico_runtime_init/runtime_init.c.obj
 .debug_loc     0x0000000000011ace       0xb4 CMakeFiles/TestVelocidad.dir/home/kejoperezde/Downloads/pico/pico-sdk/src/rp2_common/pico_runtime_init/runtime_init_clocks.c.obj
 .debug_loc     0x0000000000011b82      0x527 CMakeFiles/TestVelocidad.dir/home/kejoperezde/Downloads/pico/pico-sdk/src/rp2_common/pico_bootrom/bootrom.c.obj
 .debug_loc     0x00000000000120a9       0x30 CMakeFiles/TestVelocidad.dir/home/kejoperezde/Downloads/pico/pico-sdk/src/rp2_common/pico_bootrom/bootrom_lock.c.obj
 .debug_loc     0x00000000000120d9       0xba CMakeFiles/TestVelocidad.dir/home/kejoperezde/Downloads/pico/pico-sdk/src/rp2_common/hardware_boot_lock/boot_lock.c.obj
 .debug_loc     0x0000000000012193     0x364a CMakeFiles/TestVelocidad.dir/home/kejoperezde/Downloads/pico/pico-sdk/src/rp2_common/pico_printf/printf.c.obj
 .debug_loc     0x00000000000157dd      0x5d6 CMakeFiles/TestVelocidad.dir/home/kejoperezde/Downloads/pico/pico-sdk/src/rp2_common/pico_clib_interface/newlib_interface.c.obj
 .debug_loc     0x0000000000015db3     0x11d4 CMakeFiles/TestVelocidad.dir/home/kejoperezde/Downloads/pico/pico-sdk/src/rp2_common/pico_stdio/stdio.c.obj
 .debug_loc     0x0000000000016f87       0xf0 CMakeFiles/TestVelocidad.dir/home/kejoperezde/Downloads/pico/pico-sdk/src/rp2_common/hardware_adc/adc.c.obj
 .debug_loc     0x0000000000017077      0xfe6 /usr/lib/gcc/arm-none-eabi/10.3.1/thumb/v8-m.main+fp/softfp/libgcc.a(_udivmoddi4.o)
 .debug_loc     0x000000000001805d       0x25 /usr/lib/gcc/arm-none-eabi/10.3.1/../../../arm-none-eabi/lib/thumb/v8-m.main+fp/softfp/libg.a(lib_a-strlen-stub.o)

.debug_aranges  0x0000000000000000      0xbe8
 .debug_aranges
                0x0000000000000000       0x20 CMakeFiles/TestVelocidad.dir/TestVelocidad.c.obj
 .debug_aranges
                0x0000000000000020      0x120 CMakeFiles/TestVelocidad.dir/home/kejoperezde/Downloads/pico/pico-sdk/src/rp2_common/hardware_gpio/gpio.c.obj
 .debug_aranges
                0x0000000000000140       0x28 CMakeFiles/TestVelocidad.dir/home/kejoperezde/Downloads/pico/pico-sdk/src/rp2_common/pico_platform_panic/panic.c.obj
 .debug_aranges
                0x0000000000000168       0x48 CMakeFiles/TestVelocidad.dir/home/kejoperezde/Downloads/pico/pico-sdk/src/common/hardware_claim/claim.c.obj
 .debug_aranges
                0x00000000000001b0       0x48 CMakeFiles/TestVelocidad.dir/home/kejoperezde/Downloads/pico/pico-sdk/src/rp2_common/hardware_sync/sync.c.obj
 .debug_aranges
                0x00000000000001f8       0x30 CMakeFiles/TestVelocidad.dir/home/kejoperezde/Downloads/pico/pico-sdk/src/rp2_common/hardware_sync_spin_lock/sync_spin_lock.c.obj
 .debug_aranges
                0x0000000000000228       0xb0 CMakeFiles/TestVelocidad.dir/home/kejoperezde/Downloads/pico/pico-sdk/src/rp2_common/hardware_irq/irq.c.obj
 .debug_aranges
                0x00000000000002d8       0x20 CMakeFiles/TestVelocidad.dir/home/kejoperezde/Downloads/pico/pico-sdk/src/common/pico_sync/lock_core.c.obj
 .debug_aranges
                0x00000000000002f8       0x98 CMakeFiles/TestVelocidad.dir/home/kejoperezde/Downloads/pico/pico-sdk/src/common/pico_sync/mutex.c.obj
 .debug_aranges
                0x0000000000000390       0xe0 CMakeFiles/TestVelocidad.dir/home/kejoperezde/Downloads/pico/pico-sdk/src/common/pico_time/time.c.obj
 .debug_aranges
                0x0000000000000470       0xf0 CMakeFiles/TestVelocidad.dir/home/kejoperezde/Downloads/pico/pico-sdk/src/rp2_common/hardware_timer/timer.c.obj
 .debug_aranges
                0x0000000000000560       0x58 CMakeFiles/TestVelocidad.dir/home/kejoperezde/Downloads/pico/pico-sdk/src/rp2_common/hardware_uart/uart.c.obj
 .debug_aranges
                0x00000000000005b8       0x90 CMakeFiles/TestVelocidad.dir/home/kejoperezde/Downloads/pico/pico-sdk/src/rp2_common/hardware_clocks/clocks.c.obj
 .debug_aranges
                0x0000000000000648       0x28 CMakeFiles/TestVelocidad.dir/home/kejoperezde/Downloads/pico/pico-sdk/src/rp2_common/hardware_pll/pll.c.obj
 .debug_aranges
                0x0000000000000670       0x30 CMakeFiles/TestVelocidad.dir/home/kejoperezde/Downloads/pico/pico-sdk/src/rp2_common/hardware_ticks/ticks.c.obj
 .debug_aranges
                0x00000000000006a0       0x30 CMakeFiles/TestVelocidad.dir/home/kejoperezde/Downloads/pico/pico-sdk/src/rp2_common/hardware_xosc/xosc.c.obj
 .debug_aranges
                0x00000000000006d0       0x38 CMakeFiles/TestVelocidad.dir/home/kejoperezde/Downloads/pico/pico-sdk/src/rp2_common/pico_runtime/runtime.c.obj
 .debug_aranges
                0x0000000000000708       0x58 CMakeFiles/TestVelocidad.dir/home/kejoperezde/Downloads/pico/pico-sdk/src/rp2_common/pico_runtime_init/runtime_init.c.obj
 .debug_aranges
                0x0000000000000760       0x20 CMakeFiles/TestVelocidad.dir/home/kejoperezde/Downloads/pico/pico-sdk/src/rp2_common/pico_runtime_init/runtime_init_clocks.c.obj
 .debug_aranges
                0x0000000000000780       0x48 CMakeFiles/TestVelocidad.dir/home/kejoperezde/Downloads/pico/pico-sdk/src/rp2_common/pico_bootrom/bootrom.c.obj
 .debug_aranges
                0x00000000000007c8       0x20 CMakeFiles/TestVelocidad.dir/home/kejoperezde/Downloads/pico/pico-sdk/src/rp2_common/pico_bootrom/bootrom_lock.c.obj
 .debug_aranges
                0x00000000000007e8       0x30 CMakeFiles/TestVelocidad.dir/home/kejoperezde/Downloads/pico/pico-sdk/src/rp2_common/hardware_boot_lock/boot_lock.c.obj
 .debug_aranges
                0x0000000000000818       0xd8 CMakeFiles/TestVelocidad.dir/home/kejoperezde/Downloads/pico/pico-sdk/src/rp2_common/pico_double/double_aeabi_dcp.S.obj
 .debug_aranges
                0x00000000000008f0       0x18 CMakeFiles/TestVelocidad.dir/home/kejoperezde/Downloads/pico/pico-sdk/src/rp2_common/pico_standard_binary_info/standard_binary_info.c.obj
 .debug_aranges
                0x0000000000000908       0x90 CMakeFiles/TestVelocidad.dir/home/kejoperezde/Downloads/pico/pico-sdk/src/rp2_common/pico_printf/printf.c.obj
 .debug_aranges
                0x0000000000000998       0x28 CMakeFiles/TestVelocidad.dir/home/kejoperezde/Downloads/pico/pico-sdk/src/rp2_common/pico_crt0/crt0.S.obj
 .debug_aranges
                0x00000000000009c0       0xa0 CMakeFiles/TestVelocidad.dir/home/kejoperezde/Downloads/pico/pico-sdk/src/rp2_common/pico_clib_interface/newlib_interface.c.obj
 .debug_aranges
                0x0000000000000a60       0xc8 CMakeFiles/TestVelocidad.dir/home/kejoperezde/Downloads/pico/pico-sdk/src/rp2_common/pico_stdio/stdio.c.obj
 .debug_aranges
                0x0000000000000b28       0x20 CMakeFiles/TestVelocidad.dir/home/kejoperezde/Downloads/pico/pico-sdk/src/rp2_common/hardware_adc/adc.c.obj
 .debug_aranges
                0x0000000000000b48       0x20 /usr/lib/gcc/arm-none-eabi/10.3.1/thumb/v8-m.main+fp/softfp/libgcc.a(_aeabi_uldivmod.o)
 .debug_aranges
                0x0000000000000b68       0x20 /usr/lib/gcc/arm-none-eabi/10.3.1/thumb/v8-m.main+fp/softfp/libgcc.a(_udivmoddi4.o)
 .debug_aranges
                0x0000000000000b88       0x20 /usr/lib/gcc/arm-none-eabi/10.3.1/thumb/v8-m.main+fp/softfp/libgcc.a(_dvmd_tls.o)
 .debug_aranges
                0x0000000000000ba8       0x20 /usr/lib/gcc/arm-none-eabi/10.3.1/../../../arm-none-eabi/lib/thumb/v8-m.main+fp/softfp/libg.a(lib_a-memcpy.o)
 .debug_aranges
                0x0000000000000bc8       0x20 /usr/lib/gcc/arm-none-eabi/10.3.1/../../../arm-none-eabi/lib/thumb/v8-m.main+fp/softfp/libg.a(lib_a-strlen-stub.o)

.debug_ranges   0x0000000000000000     0x9430
 .debug_ranges  0x0000000000000000      0x450 CMakeFiles/TestVelocidad.dir/TestVelocidad.c.obj
 .debug_ranges  0x0000000000000450      0xe78 CMakeFiles/TestVelocidad.dir/home/kejoperezde/Downloads/pico/pico-sdk/src/rp2_common/hardware_gpio/gpio.c.obj
 .debug_ranges  0x00000000000012c8       0x18 CMakeFiles/TestVelocidad.dir/home/kejoperezde/Downloads/pico/pico-sdk/src/rp2_common/pico_platform_panic/panic.c.obj
 .debug_ranges  0x00000000000012e0      0x488 CMakeFiles/TestVelocidad.dir/home/kejoperezde/Downloads/pico/pico-sdk/src/common/hardware_claim/claim.c.obj
 .debug_ranges  0x0000000000001768      0x108 CMakeFiles/TestVelocidad.dir/home/kejoperezde/Downloads/pico/pico-sdk/src/rp2_common/hardware_sync/sync.c.obj
 .debug_ranges  0x0000000000001870       0xe8 CMakeFiles/TestVelocidad.dir/home/kejoperezde/Downloads/pico/pico-sdk/src/rp2_common/hardware_sync_spin_lock/sync_spin_lock.c.obj
 .debug_ranges  0x0000000000001958      0xb40 CMakeFiles/TestVelocidad.dir/home/kejoperezde/Downloads/pico/pico-sdk/src/rp2_common/hardware_irq/irq.c.obj
 .debug_ranges  0x0000000000002498       0x28 CMakeFiles/TestVelocidad.dir/home/kejoperezde/Downloads/pico/pico-sdk/src/common/pico_sync/lock_core.c.obj
 .debug_ranges  0x00000000000024c0     0x1008 CMakeFiles/TestVelocidad.dir/home/kejoperezde/Downloads/pico/pico-sdk/src/common/pico_sync/mutex.c.obj
 .debug_ranges  0x00000000000034c8     0x22a8 CMakeFiles/TestVelocidad.dir/home/kejoperezde/Downloads/pico/pico-sdk/src/common/pico_time/time.c.obj
 .debug_ranges  0x0000000000005770     0x1130 CMakeFiles/TestVelocidad.dir/home/kejoperezde/Downloads/pico/pico-sdk/src/rp2_common/hardware_timer/timer.c.obj
 .debug_ranges  0x00000000000068a0      0x7b8 CMakeFiles/TestVelocidad.dir/home/kejoperezde/Downloads/pico/pico-sdk/src/rp2_common/hardware_uart/uart.c.obj
 .debug_ranges  0x0000000000007058      0xd78 CMakeFiles/TestVelocidad.dir/home/kejoperezde/Downloads/pico/pico-sdk/src/rp2_common/hardware_clocks/clocks.c.obj
 .debug_ranges  0x0000000000007dd0       0xd8 CMakeFiles/TestVelocidad.dir/home/kejoperezde/Downloads/pico/pico-sdk/src/rp2_common/hardware_pll/pll.c.obj
 .debug_ranges  0x0000000000007ea8       0x38 CMakeFiles/TestVelocidad.dir/home/kejoperezde/Downloads/pico/pico-sdk/src/rp2_common/hardware_ticks/ticks.c.obj
 .debug_ranges  0x0000000000007ee0       0x38 CMakeFiles/TestVelocidad.dir/home/kejoperezde/Downloads/pico/pico-sdk/src/rp2_common/hardware_xosc/xosc.c.obj
 .debug_ranges  0x0000000000007f18       0x58 CMakeFiles/TestVelocidad.dir/home/kejoperezde/Downloads/pico/pico-sdk/src/rp2_common/pico_runtime/runtime.c.obj
 .debug_ranges  0x0000000000007f70       0xf8 CMakeFiles/TestVelocidad.dir/home/kejoperezde/Downloads/pico/pico-sdk/src/rp2_common/pico_runtime_init/runtime_init.c.obj
 .debug_ranges  0x0000000000008068       0x58 CMakeFiles/TestVelocidad.dir/home/kejoperezde/Downloads/pico/pico-sdk/src/rp2_common/pico_runtime_init/runtime_init_clocks.c.obj
 .debug_ranges  0x00000000000080c0      0x108 CMakeFiles/TestVelocidad.dir/home/kejoperezde/Downloads/pico/pico-sdk/src/rp2_common/pico_bootrom/bootrom.c.obj
 .debug_ranges  0x00000000000081c8       0x48 CMakeFiles/TestVelocidad.dir/home/kejoperezde/Downloads/pico/pico-sdk/src/rp2_common/pico_bootrom/bootrom_lock.c.obj
 .debug_ranges  0x0000000000008210      0x100 CMakeFiles/TestVelocidad.dir/home/kejoperezde/Downloads/pico/pico-sdk/src/rp2_common/hardware_boot_lock/boot_lock.c.obj
 .debug_ranges  0x0000000000008310       0xd0 CMakeFiles/TestVelocidad.dir/home/kejoperezde/Downloads/pico/pico-sdk/src/rp2_common/pico_double/double_aeabi_dcp.S.obj
 .debug_ranges  0x00000000000083e0      0x4d0 CMakeFiles/TestVelocidad.dir/home/kejoperezde/Downloads/pico/pico-sdk/src/rp2_common/pico_printf/printf.c.obj
 .debug_ranges  0x00000000000088b0       0x20 CMakeFiles/TestVelocidad.dir/home/kejoperezde/Downloads/pico/pico-sdk/src/rp2_common/pico_crt0/crt0.S.obj
 .debug_ranges  0x00000000000088d0      0x158 CMakeFiles/TestVelocidad.dir/home/kejoperezde/Downloads/pico/pico-sdk/src/rp2_common/pico_clib_interface/newlib_interface.c.obj
 .debug_ranges  0x0000000000008a28      0x888 CMakeFiles/TestVelocidad.dir/home/kejoperezde/Downloads/pico/pico-sdk/src/rp2_common/pico_stdio/stdio.c.obj
 .debug_ranges  0x00000000000092b0       0x88 CMakeFiles/TestVelocidad.dir/home/kejoperezde/Downloads/pico/pico-sdk/src/rp2_common/hardware_adc/adc.c.obj
 .debug_ranges  0x0000000000009338       0xe8 /usr/lib/gcc/arm-none-eabi/10.3.1/thumb/v8-m.main+fp/softfp/libgcc.a(_udivmoddi4.o)