Archive member included to satisfy reference by file (symbol)

/usr/lib/gcc/arm-none-eabi/10.3.1/thumb/v6-m/nofp/libgcc.a(_dvmd_tls.o)
                              CMakeFiles/PruebaUSB.dir/home/kevinperez/Downloads/pico/pico-sdk/src/rp2_common/pico_divider/divider_hardware.S.obj (__aeabi_idiv0)
/usr/lib/gcc/arm-none-eabi/10.3.1/../../../arm-none-eabi/lib/thumb/v6-m/nofp/libg.a(lib_a-atexit.o)
                              /usr/lib/gcc/arm-none-eabi/10.3.1/../../../arm-none-eabi/lib/thumb/v6-m/nofp/crt0.o (atexit)
/usr/lib/gcc/arm-none-eabi/10.3.1/../../../arm-none-eabi/lib/thumb/v6-m/nofp/libg.a(lib_a-calloc.o)
                              CMakeFiles/PruebaUSB.dir/home/kevinperez/Downloads/pico/pico-sdk/src/rp2_common/pico_malloc/malloc.c.obj (calloc)
/usr/lib/gcc/arm-none-eabi/10.3.1/../../../arm-none-eabi/lib/thumb/v6-m/nofp/libg.a(lib_a-callocr.o)
                              /usr/lib/gcc/arm-none-eabi/10.3.1/../../../arm-none-eabi/lib/thumb/v6-m/nofp/libg.a(lib_a-calloc.o) (_calloc_r)
/usr/lib/gcc/arm-none-eabi/10.3.1/../../../arm-none-eabi/lib/thumb/v6-m/nofp/libg.a(lib_a-fini.o)
                              /usr/lib/gcc/arm-none-eabi/10.3.1/../../../arm-none-eabi/lib/thumb/v6-m/nofp/crt0.o (__libc_fini_array)
/usr/lib/gcc/arm-none-eabi/10.3.1/../../../arm-none-eabi/lib/thumb/v6-m/nofp/libg.a(lib_a-impure.o)
                              /usr/lib/gcc/arm-none-eabi/10.3.1/../../../arm-none-eabi/lib/thumb/v6-m/nofp/libg.a(lib_a-calloc.o) (_impure_ptr)
/usr/lib/gcc/arm-none-eabi/10.3.1/../../../arm-none-eabi/lib/thumb/v6-m/nofp/libg.a(lib_a-init.o)
                              /usr/lib/gcc/arm-none-eabi/10.3.1/../../../arm-none-eabi/lib/thumb/v6-m/nofp/crt0.o (__libc_init_array)
/usr/lib/gcc/arm-none-eabi/10.3.1/../../../arm-none-eabi/lib/thumb/v6-m/nofp/libg.a(lib_a-lcltime_r.o)
                              CMakeFiles/PruebaUSB.dir/home/kevinperez/Downloads/pico/pico-sdk/src/common/pico_util/datetime.c.obj (localtime_r)
/usr/lib/gcc/arm-none-eabi/10.3.1/../../../arm-none-eabi/lib/thumb/v6-m/nofp/libg.a(lib_a-malloc.o)
                              CMakeFiles/PruebaUSB.dir/home/kevinperez/Downloads/pico/pico-sdk/src/rp2_common/pico_malloc/malloc.c.obj (malloc)
/usr/lib/gcc/arm-none-eabi/10.3.1/../../../arm-none-eabi/lib/thumb/v6-m/nofp/libg.a(lib_a-mallocr.o)
                              /usr/lib/gcc/arm-none-eabi/10.3.1/../../../arm-none-eabi/lib/thumb/v6-m/nofp/libg.a(lib_a-callocr.o) (_malloc_r)
/usr/lib/gcc/arm-none-eabi/10.3.1/../../../arm-none-eabi/lib/thumb/v6-m/nofp/libg.a(lib_a-memcmp.o)
                              CMakeFiles/PruebaUSB.dir/home/kevinperez/Downloads/pico/pico-sdk/src/rp2_common/pico_atomic/atomic.c.obj (memcmp)
/usr/lib/gcc/arm-none-eabi/10.3.1/../../../arm-none-eabi/lib/thumb/v6-m/nofp/libg.a(lib_a-mktime.o)
                              CMakeFiles/PruebaUSB.dir/home/kevinperez/Downloads/pico/pico-sdk/src/common/pico_util/datetime.c.obj (mktime)
/usr/lib/gcc/arm-none-eabi/10.3.1/../../../arm-none-eabi/lib/thumb/v6-m/nofp/libg.a(lib_a-mlock.o)
                              /usr/lib/gcc/arm-none-eabi/10.3.1/../../../arm-none-eabi/lib/thumb/v6-m/nofp/libg.a(lib_a-mallocr.o) (__malloc_lock)
/usr/lib/gcc/arm-none-eabi/10.3.1/../../../arm-none-eabi/lib/thumb/v6-m/nofp/libg.a(lib_a-month_lengths.o)
                              /usr/lib/gcc/arm-none-eabi/10.3.1/../../../arm-none-eabi/lib/thumb/v6-m/nofp/libg.a(lib_a-lcltime_r.o) (__month_lengths)
/usr/lib/gcc/arm-none-eabi/10.3.1/../../../arm-none-eabi/lib/thumb/v6-m/nofp/libg.a(lib_a-realloc.o)
                              CMakeFiles/PruebaUSB.dir/home/kevinperez/Downloads/pico/pico-sdk/src/rp2_common/pico_malloc/malloc.c.obj (realloc)
/usr/lib/gcc/arm-none-eabi/10.3.1/../../../arm-none-eabi/lib/thumb/v6-m/nofp/libg.a(lib_a-reallocr.o)
                              /usr/lib/gcc/arm-none-eabi/10.3.1/../../../arm-none-eabi/lib/thumb/v6-m/nofp/libg.a(lib_a-realloc.o) (_realloc_r)
/usr/lib/gcc/arm-none-eabi/10.3.1/../../../arm-none-eabi/lib/thumb/v6-m/nofp/libg.a(lib_a-sbrkr.o)
                              /usr/lib/gcc/arm-none-eabi/10.3.1/../../../arm-none-eabi/lib/thumb/v6-m/nofp/libg.a(lib_a-mallocr.o) (_sbrk_r)
/usr/lib/gcc/arm-none-eabi/10.3.1/../../../arm-none-eabi/lib/thumb/v6-m/nofp/libg.a(lib_a-strlen-stub.o)
                              CMakeFiles/PruebaUSB.dir/home/kevinperez/Downloads/pico/pico-sdk/src/rp2_common/pico_stdio/stdio.c.obj (strlen)
/usr/lib/gcc/arm-none-eabi/10.3.1/../../../arm-none-eabi/lib/thumb/v6-m/nofp/libg.a(lib_a-tzcalc_limits.o)
                              /usr/lib/gcc/arm-none-eabi/10.3.1/../../../arm-none-eabi/lib/thumb/v6-m/nofp/libg.a(lib_a-lcltime_r.o) (__tzcalc_limits)
/usr/lib/gcc/arm-none-eabi/10.3.1/../../../arm-none-eabi/lib/thumb/v6-m/nofp/libg.a(lib_a-tzlock.o)
                              /usr/lib/gcc/arm-none-eabi/10.3.1/../../../arm-none-eabi/lib/thumb/v6-m/nofp/libg.a(lib_a-lcltime_r.o) (__tz_lock)
[...]
Memory Configuration

Name             Origin             Length             Attributes
FLASH            0x0000000010000000 0x0000000000200000 xr
RAM              0x0000000020000000 0x0000000000040000 xrw
SCRATCH_X        0x0000000020040000 0x0000000000001000 xrw
SCRATCH_Y        0x0000000020041000 0x0000000000001000 xrw
*default*        0x0000000000000000 0xffffffffffffffff

Linker script and memory map

LOAD /usr/lib/gcc/arm-none-eabi/10.3.1/thumb/v6-m/nofp/crti.o
LOAD /usr/lib/gcc/arm-none-eabi/10.3.1/thumb/v6-m/nofp/crtbegin.o
LOAD /usr/lib/gcc/arm-none-eabi/10.3.1/../../../arm-none-eabi/lib/thumb/v6-m/nofp/crt0.o

.flash_begin    0x0000000010000000        0x0
                0x0000000010000000                __flash_binary_start = .

.boot2          0x0000000010000000      0x100
                0x0000000010000000                __boot2_start__ = .
 *(.boot2)
 .boot2         0x0000000010000000      0x100 /tmp/cc7wjgMd.o
                0x0000000010000100                __boot2_end__ = .
                0x0000000000000001                ASSERT (((__boot2_end__ - __boot2_start__) == 0x100), ERROR: Pico second stage bootloader must be 256 bytes in size)

.text           0x0000000010000100     0x3f90
                0x0000000010000100                __logical_binary_start = .
 *(.vectors)
 .vectors       0x0000000010000100       0xd4 CMakeFiles/PruebaUSB.dir/home/kevinperez/Downloads/pico/pico-sdk/src/rp2_common/pico_crt0/crt0.S.obj
                0x0000000010000100                __vectors
                0x0000000010000100                __VECTOR_TABLE
                0x00000000100001c0                isr_invalid
                0x00000000100001c0                __default_isrs_start
                0x00000000100001c2                isr_nmi
                0x00000000100001c4                isr_hardfault
                0x00000000100001c6                isr_svcall
                0x00000000100001c8                isr_pendsv
                0x00000000100001ca                isr_systick
                0x00000000100001cc                isr_irq30
                0x00000000100001cc                __unhandled_user_irq
                0x00000000100001cc                isr_irq13
                0x00000000100001cc                isr_irq27
                0x00000000100001cc                isr_irq31
                0x00000000100001cc                isr_irq5
                0x00000000100001cc                isr_irq11
                0x00000000100001cc                isr_irq23
                0x00000000100001cc                isr_irq18
                0x00000000100001cc                isr_irq28
                0x00000000100001cc                isr_irq19
                0x00000000100001cc                isr_irq0
                0x00000000100001cc                isr_irq6
                0x00000000100001cc                isr_irq22
                0x00000000100001cc                isr_irq17
                0x00000000100001cc                isr_irq14
                0x00000000100001cc                isr_irq2
                0x00000000100001cc                isr_irq10
                0x00000000100001cc                isr_irq8
                0x00000000100001cc                isr_irq24
                0x00000000100001cc                isr_irq1
                0x00000000100001cc                isr_irq7
                0x00000000100001cc                isr_irq21
                0x00000000100001cc                isr_irq20
                0x00000000100001cc                isr_irq15
                0x00000000100001cc                isr_irq25
                0x00000000100001cc                isr_irq4
                0x00000000100001cc                isr_irq16
                0x00000000100001cc                isr_irq29
                0x00000000100001cc                isr_irq26
                0x00000000100001cc                __default_isrs_end
                0x00000000100001cc                isr_irq3
                0x00000000100001cc                isr_irq12
                0x00000000100001cc                isr_irq9
                0x00000000100001d2                unhandled_user_irq_num_in_r0
 *(.binary_info_header)
 .binary_info_header
                0x00000000100001d4       0x14 CMakeFiles/PruebaUSB.dir/home/kevinperez/Downloads/pico/pico-sdk/src/rp2_common/pico_crt0/crt0.S.obj
                0x00000000100001e8                __binary_info_header_end = .
 *(.embedded_block)
                0x00000000100001e8                __embedded_block_end = .
 *(.reset)
 .reset         0x00000000100001e8       0x9c CMakeFiles/PruebaUSB.dir/home/kevinperez/Downloads/pico/pico-sdk/src/rp2_common/pico_crt0/crt0.S.obj
                0x00000000100001e8                _entry_point
 *(.init)
 .init          0x0000000010000284        0x4 /usr/lib/gcc/arm-none-eabi/10.3.1/thumb/v6-m/nofp/crti.o
                0x0000000010000284                _init
 *(EXCLUDE_FILE(*libm.a: *libc.a:*lib_a-mem*.o *libgcc.a:) .text*)
 .text          0x0000000010000288       0x98 /usr/lib/gcc/arm-none-eabi/10.3.1/thumb/v6-m/nofp/crtbegin.o
 .text.startup.main
                0x0000000010000320      0x100 CMakeFiles/PruebaUSB.dir/PruebaUSB.c.obj
                0x0000000010000320                main
 .text.gpio_set_function
                0x0000000010000420       0x34 CMakeFiles/PruebaUSB.dir/home/kevinperez/Downloads/pico/pico-sdk/src/rp2_common/hardware_gpio/gpio.c.obj
                0x0000000010000420                gpio_set_function
 .text.gpio_set_pulls
                0x0000000010000454       0x34 CMakeFiles/PruebaUSB.dir/home/kevinperez/Downloads/pico/pico-sdk/src/rp2_common/hardware_gpio/gpio.c.obj
                0x0000000010000454                gpio_set_pulls
 .text.gpio_set_input_enabled
                0x0000000010000488       0x28 CMakeFiles/PruebaUSB.dir/home/kevinperez/Downloads/pico/pico-sdk/src/rp2_common/hardware_gpio/gpio.c.obj
                0x0000000010000488                gpio_set_input_enabled
 .text.panic    0x00000000100004b0       0x30 CMakeFiles/PruebaUSB.dir/home/kevinperez/Downloads/pico/pico-sdk/src/rp2_common/pico_platform_panic/panic.c.obj
                0x00000000100004b0                panic
 .text.hw_claim_or_assert
                0x00000000100004e0       0x44 CMakeFiles/PruebaUSB.dir/home/kevinperez/Downloads/pico/pico-sdk/src/common/hardware_claim/claim.c.obj
                0x00000000100004e0                hw_claim_or_assert
 .text.next_striped_spin_lock_num
                0x0000000010000524       0x18 CMakeFiles/PruebaUSB.dir/home/kevinperez/Downloads/pico/pico-sdk/src/rp2_common/hardware_sync/sync.c.obj
                0x0000000010000524                next_striped_spin_lock_num
 .text.spin_locks_reset
                0x000000001000053c       0x1c CMakeFiles/PruebaUSB.dir/home/kevinperez/Downloads/pico/pico-sdk/src/rp2_common/hardware_sync_spin_lock/sync_spin_lock.c.obj
                0x000000001000053c                spin_locks_reset
 .text.runtime_init_per_core_irq_priorities
                0x0000000010000558       0x24 CMakeFiles/PruebaUSB.dir/home/kevinperez/Downloads/pico/pico-sdk/src/rp2_common/hardware_irq/irq.c.obj
                0x0000000010000558                runtime_init_per_core_irq_priorities
 .text.irq_set_enabled
                0x000000001000057c       0x24 CMakeFiles/PruebaUSB.dir/home/kevinperez/Downloads/pico/pico-sdk/src/rp2_common/hardware_irq/irq.c.obj
                0x000000001000057c                irq_set_enabled
 .text.irq_set_exclusive_handler
                0x00000000100005a0       0x54 CMakeFiles/PruebaUSB.dir/home/kevinperez/Downloads/pico/pico-sdk/src/rp2_common/hardware_irq/irq.c.obj
                0x00000000100005a0                irq_set_exclusive_handler
 .text.irq_remove_handler
                0x00000000100005f4      0x1c4 CMakeFiles/PruebaUSB.dir/home/kevinperez/Downloads/pico/pico-sdk/src/rp2_common/hardware_irq/irq.c.obj
                0x00000000100005f4                irq_remove_handler
 .text.irq_add_tail_to_free_list
                0x00000000100007b8       0xb4 CMakeFiles/PruebaUSB.dir/home/kevinperez/Downloads/pico/pico-sdk/src/rp2_common/hardware_irq/irq.c.obj
                0x00000000100007b8                irq_add_tail_to_free_list
 .text.lock_init
                0x000000001000086c       0x10 CMakeFiles/PruebaUSB.dir/home/kevinperez/Downloads/pico/pico-sdk/src/common/pico_sync/lock_core.c.obj
                0x000000001000086c                lock_init
 .text.runtime_init_mutex
                0x000000001000087c       0x58 CMakeFiles/PruebaUSB.dir/home/kevinperez/Downloads/pico/pico-sdk/src/common/pico_sync/mutex.c.obj
                0x000000001000087c                runtime_init_mutex
 .text.sleep_until_callback
                0x00000000100008d4       0x30 CMakeFiles/PruebaUSB.dir/home/kevinperez/Downloads/pico/pico-sdk/src/common/pico_time/time.c.obj
 .text.alarm_pool_irq_handler
                0x0000000010000904      0x2e4 CMakeFiles/PruebaUSB.dir/home/kevinperez/Downloads/pico/pico-sdk/src/common/pico_time/time.c.obj
 .text.runtime_init_default_alarm_pool
                0x0000000010000be8       0xdc CMakeFiles/PruebaUSB.dir/home/kevinperez/Downloads/pico/pico-sdk/src/common/pico_time/time.c.obj
                0x0000000010000be8                runtime_init_default_alarm_pool
 .text.alarm_pool_add_alarm_at_force_in_context
                0x0000000010000cc4       0xb0 CMakeFiles/PruebaUSB.dir/home/kevinperez/Downloads/pico/pico-sdk/src/common/pico_time/time.c.obj
                0x0000000010000cc4                alarm_pool_add_alarm_at_force_in_context
 .text.alarm_pool_cancel_alarm
                0x0000000010000d74       0x7c CMakeFiles/PruebaUSB.dir/home/kevinperez/Downloads/pico/pico-sdk/src/common/pico_time/time.c.obj
                0x0000000010000d74                alarm_pool_cancel_alarm
 .text.sleep_until
                0x0000000010000df0       0xd0 CMakeFiles/PruebaUSB.dir/home/kevinperez/Downloads/pico/pico-sdk/src/common/pico_time/time.c.obj
                0x0000000010000df0                sleep_until
 .text.sleep_ms
                0x0000000010000ec0       0x34 CMakeFiles/PruebaUSB.dir/home/kevinperez/Downloads/pico/pico-sdk/src/common/pico_time/time.c.obj
                0x0000000010000ec0                sleep_ms
 .text.best_effort_wfe_or_timeout
                0x0000000010000ef4      0x11c CMakeFiles/PruebaUSB.dir/home/kevinperez/Downloads/pico/pico-sdk/src/common/pico_time/time.c.obj
                0x0000000010000ef4                best_effort_wfe_or_timeout
 .text.timer_hardware_alarm_claim
                0x0000000010001010       0x14 CMakeFiles/PruebaUSB.dir/home/kevinperez/Downloads/pico/pico-sdk/src/rp2_common/hardware_timer/timer.c.obj
                0x0000000010001010                timer_hardware_alarm_claim
 .text.timer_time_us_64
                0x0000000010001024       0x10 CMakeFiles/PruebaUSB.dir/home/kevinperez/Downloads/pico/pico-sdk/src/rp2_common/hardware_timer/timer.c.obj
                0x0000000010001024                timer_time_us_64
 .text.time_us_64
                0x0000000010001034       0x14 CMakeFiles/PruebaUSB.dir/home/kevinperez/Downloads/pico/pico-sdk/src/rp2_common/hardware_timer/timer.c.obj
                0x0000000010001034                time_us_64
 .text.busy_wait_us
                0x0000000010001048       0x54 CMakeFiles/PruebaUSB.dir/home/kevinperez/Downloads/pico/pico-sdk/src/rp2_common/hardware_timer/timer.c.obj
                0x0000000010001048                busy_wait_us
 .text.busy_wait_until
                0x000000001000109c       0x20 CMakeFiles/PruebaUSB.dir/home/kevinperez/Downloads/pico/pico-sdk/src/rp2_common/hardware_timer/timer.c.obj
                0x000000001000109c                busy_wait_until
 .text.uart_init
                0x00000000100010bc      0x11c CMakeFiles/PruebaUSB.dir/home/kevinperez/Downloads/pico/pico-sdk/src/rp2_common/hardware_uart/uart.c.obj
                0x00000000100010bc                uart_init
 .text.clock_configure_int_divider
                0x00000000100011d8       0xf4 CMakeFiles/PruebaUSB.dir/home/kevinperez/Downloads/pico/pico-sdk/src/rp2_common/hardware_clocks/clocks.c.obj
                0x00000000100011d8                clock_configure_int_divider
 .text.clock_configure_undivided
                0x00000000100012cc       0xe8 CMakeFiles/PruebaUSB.dir/home/kevinperez/Downloads/pico/pico-sdk/src/rp2_common/hardware_clocks/clocks.c.obj
                0x00000000100012cc                clock_configure_undivided
 .text.clock_get_hz
                0x00000000100013b4        0xc CMakeFiles/PruebaUSB.dir/home/kevinperez/Downloads/pico/pico-sdk/src/rp2_common/hardware_clocks/clocks.c.obj
                0x00000000100013b4                clock_get_hz
 .text.pll_init
                0x00000000100013c0       0xa0 CMakeFiles/PruebaUSB.dir/home/kevinperez/Downloads/pico/pico-sdk/src/rp2_common/hardware_pll/pll.c.obj
                0x00000000100013c0                pll_init
 .text.tick_start
                0x0000000010001460       0x10 CMakeFiles/PruebaUSB.dir/home/kevinperez/Downloads/pico/pico-sdk/src/rp2_common/hardware_ticks/ticks.c.obj
                0x0000000010001460                tick_start
 .text.xosc_init
                0x0000000010001470       0x28 CMakeFiles/PruebaUSB.dir/home/kevinperez/Downloads/pico/pico-sdk/src/rp2_common/hardware_xosc/xosc.c.obj
                0x0000000010001470                xosc_init
 .text.first_per_core_initializer
                0x0000000010001498        0x4 CMakeFiles/PruebaUSB.dir/home/kevinperez/Downloads/pico/pico-sdk/src/rp2_common/pico_runtime/runtime.c.obj
 .text.hard_assertion_failure
                0x000000001000149c        0xc CMakeFiles/PruebaUSB.dir/home/kevinperez/Downloads/pico/pico-sdk/src/rp2_common/pico_runtime/runtime.c.obj
                0x000000001000149c                hard_assertion_failure
 .text.runtime_run_initializers
                0x00000000100014a8       0x28 CMakeFiles/PruebaUSB.dir/home/kevinperez/Downloads/pico/pico-sdk/src/rp2_common/pico_runtime/runtime.c.obj
                0x00000000100014a8                runtime_run_initializers
 .text.runtime_init_early_resets
                0x00000000100014d0       0x2c CMakeFiles/PruebaUSB.dir/home/kevinperez/Downloads/pico/pico-sdk/src/rp2_common/pico_runtime_init/runtime_init.c.obj
                0x00000000100014d0                runtime_init_early_resets
 .text.runtime_init_usb_power_down
                0x00000000100014fc       0x1c CMakeFiles/PruebaUSB.dir/home/kevinperez/Downloads/pico/pico-sdk/src/rp2_common/pico_runtime_init/runtime_init.c.obj
                0x00000000100014fc                runtime_init_usb_power_down
 .text.runtime_init_post_clock_resets
                0x0000000010001518       0x20 CMakeFiles/PruebaUSB.dir/home/kevinperez/Downloads/pico/pico-sdk/src/rp2_common/pico_runtime_init/runtime_init.c.obj
                0x0000000010001518                runtime_init_post_clock_resets
 .text.runtime_init_rp2040_gpio_ie_disable
                0x0000000010001538       0x14 CMakeFiles/PruebaUSB.dir/home/kevinperez/Downloads/pico/pico-sdk/src/rp2_common/pico_runtime_init/runtime_init.c.obj
                0x0000000010001538                runtime_init_rp2040_gpio_ie_disable
 .text.runtime_init_spin_locks_reset
                0x000000001000154c        0x8 CMakeFiles/PruebaUSB.dir/home/kevinperez/Downloads/pico/pico-sdk/src/rp2_common/pico_runtime_init/runtime_init.c.obj
                0x000000001000154c                runtime_init_spin_locks_reset
 .text.runtime_init_install_ram_vector_table
                0x0000000010001554       0x1c CMakeFiles/PruebaUSB.dir/home/kevinperez/Downloads/pico/pico-sdk/src/rp2_common/pico_runtime_init/runtime_init.c.obj
                0x0000000010001554                runtime_init_install_ram_vector_table
 .text.runtime_init_clocks
                0x0000000010001570       0xd8 CMakeFiles/PruebaUSB.dir/home/kevinperez/Downloads/pico/pico-sdk/src/rp2_common/pico_runtime_init/runtime_init_clocks.c.obj
                0x0000000010001570                runtime_init_clocks
 .text          0x0000000010001648       0x10 CMakeFiles/PruebaUSB.dir/home/kevinperez/Downloads/pico/pico-sdk/src/rp2_common/pico_bit_ops/bit_ops_aeabi.S.obj
 .text.rom_func_lookup
                0x0000000010001658       0x10 CMakeFiles/PruebaUSB.dir/home/kevinperez/Downloads/pico/pico-sdk/src/rp2_common/pico_bootrom/bootrom.c.obj
                0x0000000010001658                rom_func_lookup
 .text.rom_data_lookup
                0x0000000010001668       0x10 CMakeFiles/PruebaUSB.dir/home/kevinperez/Downloads/pico/pico-sdk/src/rp2_common/pico_bootrom/bootrom.c.obj
                0x0000000010001668                rom_data_lookup
 .text.rom_funcs_lookup
                0x0000000010001678       0x44 CMakeFiles/PruebaUSB.dir/home/kevinperez/Downloads/pico/pico-sdk/src/rp2_common/pico_bootrom/bootrom.c.obj
                0x0000000010001678                rom_funcs_lookup
 .text.__wrap___aeabi_idiv
                0x00000000100016bc       0x50 CMakeFiles/PruebaUSB.dir/home/kevinperez/Downloads/pico/pico-sdk/src/rp2_common/pico_divider/divider_hardware.S.obj
                0x00000000100016bc                __wrap___aeabi_idivmod
                0x00000000100016bc                divmod_s32s32
                0x00000000100016bc                div_s32s32
                0x00000000100016bc                __wrap___aeabi_idiv
                0x00000000100016c4                divmod_s32s32_unsafe
                0x00000000100016f0                divmod_s32s32_savestate
 .text.__wrap___aeabi_uidiv
                0x000000001000170c       0x4c CMakeFiles/PruebaUSB.dir/home/kevinperez/Downloads/pico/pico-sdk/src/rp2_common/pico_divider/divider_hardware.S.obj
                0x000000001000170c                __wrap___aeabi_uidiv
                0x000000001000170c                __wrap___aeabi_uidivmod
                0x000000001000170c                div_u32u32
                0x000000001000170c                divmod_u32u32
                0x0000000010001714                divmod_u32u32_unsafe
                0x000000001000173c                divmod_u32u32_savestate
 .text.__wrap___aeabi_ldiv
                0x0000000010001758      0x424 CMakeFiles/PruebaUSB.dir/home/kevinperez/Downloads/pico/pico-sdk/src/rp2_common/pico_divider/divider_hardware.S.obj
                0x0000000010001758                div_s64s64
                0x0000000010001758                divmod_s64s64
                0x0000000010001758                __wrap___aeabi_ldivmod
                0x0000000010001788                div_u64u64
                0x0000000010001788                divmod_u64u64
                0x0000000010001788                __wrap___aeabi_uldivmod
                0x0000000010001798                divmod_u64u64_savestate
                0x00000000100017b8                divmod_s64s64_unsafe
                0x0000000010001840                divmod_u64u64_unsafe
 .text.__wrap___aeabi_darithmetic
                0x0000000010001b7c       0x80 CMakeFiles/PruebaUSB.dir/home/kevinperez/Downloads/pico/pico-sdk/src/rp2_common/pico_double/double_aeabi_rp2040.S.obj
                0x0000000010001b7c                __wrap___aeabi_drsub
                0x0000000010001b82                __wrap___aeabi_dsub
                0x0000000010001b94                __wrap___aeabi_dadd
                0x0000000010001ba6                __wrap___aeabi_ddiv
                0x0000000010001be2                __wrap___aeabi_dmul
 .text.__wrap___aeabi_cdcmple
                0x0000000010001bfc       0x6c CMakeFiles/PruebaUSB.dir/home/kevinperez/Downloads/pico/pico-sdk/src/rp2_common/pico_double/double_aeabi_rp2040.S.obj
                0x0000000010001bfc                __wrap___aeabi_cdrcmple
                0x0000000010001c0c                __wrap___aeabi_cdcmple
                0x0000000010001c0c                __wrap___aeabi_cdcmpeq
 .text.__wrap___aeabi_dcmplt
                0x0000000010001c68        0xc CMakeFiles/PruebaUSB.dir/home/kevinperez/Downloads/pico/pico-sdk/src/rp2_common/pico_double/double_aeabi_rp2040.S.obj
                0x0000000010001c68                __wrap___aeabi_dcmplt
 .text.__wrap___aeabi_dcmple
                0x0000000010001c74       0x10 CMakeFiles/PruebaUSB.dir/home/kevinperez/Downloads/pico/pico-sdk/src/rp2_common/pico_double/double_aeabi_rp2040.S.obj
                0x0000000010001c74                __wrap___aeabi_dcmple
 .text.__wrap___aeabi_dcmpge
                0x0000000010001c84       0x10 CMakeFiles/PruebaUSB.dir/home/kevinperez/Downloads/pico/pico-sdk/src/rp2_common/pico_double/double_aeabi_rp2040.S.obj
                0x0000000010001c84                __wrap___aeabi_dcmpge
 .text.__wrap___aeabi_dcmpgt
                0x0000000010001c94        0xa CMakeFiles/PruebaUSB.dir/home/kevinperez/Downloads/pico/pico-sdk/src/rp2_common/pico_double/double_aeabi_rp2040.S.obj
                0x0000000010001c94                __wrap___aeabi_dcmpgt
 .text.__wrap___aeabi_dcmpun
                0x0000000010001c9e       0x18 CMakeFiles/PruebaUSB.dir/home/kevinperez/Downloads/pico/pico-sdk/src/rp2_common/pico_double/double_aeabi_rp2040.S.obj
                0x0000000010001c9e                __wrap___aeabi_dcmpun
 *fill*         0x0000000010001cb6        0x2 
 .text.__wrap___aeabi_i2d
                0x0000000010001cb8       0x38 CMakeFiles/PruebaUSB.dir/home/kevinperez/Downloads/pico/pico-sdk/src/rp2_common/pico_double/double_aeabi_rp2040.S.obj
                0x0000000010001cb8                __wrap___aeabi_ui2d
                0x0000000010001cc0                __wrap___aeabi_i2d
 .text.__wrap___aeabi_d2iz
                0x0000000010001cf0       0x48 CMakeFiles/PruebaUSB.dir/home/kevinperez/Downloads/pico/pico-sdk/src/rp2_common/pico_double/double_aeabi_rp2040.S.obj
                0x0000000010001cf0                __wrap___aeabi_d2iz
                0x0000000010001cf0                double2int_z
 .text.__wrap___aeabi_d2uiz
                0x0000000010001d38       0x18 CMakeFiles/PruebaUSB.dir/home/kevinperez/Downloads/pico/pico-sdk/src/rp2_common/pico_double/double_aeabi_rp2040.S.obj
                0x0000000010001d38                double2uint
                0x0000000010001d38                __wrap___aeabi_d2uiz
 .text.__aeabi_double_init
                0x0000000010001d50       0xa0 CMakeFiles/PruebaUSB.dir/home/kevinperez/Downloads/pico/pico-sdk/src/rp2_common/pico_double/double_init_rom_rp2040.c.obj
                0x0000000010001d50                __aeabi_double_init
 .text.double_table_shim_on_use_helper
                0x0000000010001df0       0x2c CMakeFiles/PruebaUSB.dir/home/kevinperez/Downloads/pico/pico-sdk/src/rp2_common/pico_double/double_v1_rom_shim_rp2040.S.obj
                0x0000000010001df0                double_table_shim_on_use_helper
 .text.__wrap___aeabi_dsub
                0x0000000010001e1c       0x10 CMakeFiles/PruebaUSB.dir/home/kevinperez/Downloads/pico/pico-sdk/src/rp2_common/pico_double/double_v1_rom_shim_rp2040.S.obj
                0x0000000010001e1c                drsub_shim
                0x0000000010001e22                dsub_shim
 .text.dadd_shim
                0x0000000010001e2c      0x15c CMakeFiles/PruebaUSB.dir/home/kevinperez/Downloads/pico/pico-sdk/src/rp2_common/pico_double/double_v1_rom_shim_rp2040.S.obj
                0x0000000010001e2c                dadd_shim
 .text.dmul_shim
                0x0000000010001f88      0x15c CMakeFiles/PruebaUSB.dir/home/kevinperez/Downloads/pico/pico-sdk/src/rp2_common/pico_double/double_v1_rom_shim_rp2040.S.obj
                0x0000000010001f88                dmul_shim
 .text.ddiv_shim
                0x00000000100020e4      0x1b0 CMakeFiles/PruebaUSB.dir/home/kevinperez/Downloads/pico/pico-sdk/src/rp2_common/pico_double/double_v1_rom_shim_rp2040.S.obj
                0x00000000100020e4                ddiv_shim
 .text.double2uint_shim
                0x0000000010002294        0xe CMakeFiles/PruebaUSB.dir/home/kevinperez/Downloads/pico/pico-sdk/src/rp2_common/pico_double/double_v1_rom_shim_rp2040.S.obj
                0x0000000010002294                double2uint_shim
                0x0000000010002296                double2ufix_shim
 *fill*         0x00000000100022a2        0x2 
 .text.double2uint64_shim
                0x00000000100022a4       0x70 CMakeFiles/PruebaUSB.dir/home/kevinperez/Downloads/pico/pico-sdk/src/rp2_common/pico_double/double_v1_rom_shim_rp2040.S.obj
                0x00000000100022a4                double2uint64_shim
                0x00000000100022a6                double2ufix64_shim
                0x00000000100022c6                d2fix_a
 .text.dunpacks
                0x0000000010002314       0x3c CMakeFiles/PruebaUSB.dir/home/kevinperez/Downloads/pico/pico-sdk/src/rp2_common/pico_double/double_v1_rom_shim_rp2040.S.obj
                0x0000000010002314                dunpacks
 .text.__aeabi_lmul
                0x0000000010002350       0x32 CMakeFiles/PruebaUSB.dir/home/kevinperez/Downloads/pico/pico-sdk/src/rp2_common/pico_int64_ops/pico_int64_ops_aeabi.S.obj
                0x0000000010002350                __wrap___aeabi_lmul
 .text.__wrap___aeabi_ui2f
                0x0000000010002382        0xa CMakeFiles/PruebaUSB.dir/home/kevinperez/Downloads/pico/pico-sdk/src/rp2_common/pico_float/float_aeabi_rp2040.S.obj
                0x0000000010002382                uint2float
                0x0000000010002382                __wrap___aeabi_ui2f
 .text.__wrap___aeabi_i2f
                0x000000001000238c       0x44 CMakeFiles/PruebaUSB.dir/home/kevinperez/Downloads/pico/pico-sdk/src/rp2_common/pico_float/float_aeabi_rp2040.S.obj
                0x000000001000238c                int2float
                0x000000001000238c                __wrap___aeabi_i2f
 .text.__wrap___aeabi_f2d
                0x00000000100023d0       0x14 CMakeFiles/PruebaUSB.dir/home/kevinperez/Downloads/pico/pico-sdk/src/rp2_common/pico_float/float_aeabi_rp2040.S.obj
                0x00000000100023d0                __wrap___aeabi_f2d
 .text.__aeabi_float_init
                0x00000000100023e4       0x64 CMakeFiles/PruebaUSB.dir/home/kevinperez/Downloads/pico/pico-sdk/src/rp2_common/pico_float/float_init_rom_rp2040.c.obj
                0x00000000100023e4                __aeabi_float_init
 .text.float_table_shim_on_use_helper
                0x0000000010002448       0x2c CMakeFiles/PruebaUSB.dir/home/kevinperez/Downloads/pico/pico-sdk/src/rp2_common/pico_float/float_v1_rom_shim_rp2040.S.obj
                0x0000000010002448                float_table_shim_on_use_helper
 .text.float2double_shim
                0x0000000010002474       0x30 CMakeFiles/PruebaUSB.dir/home/kevinperez/Downloads/pico/pico-sdk/src/rp2_common/pico_float/float_v1_rom_shim_rp2040.S.obj
                0x0000000010002474                float2double_shim
 .text          0x00000000100024a4       0x10 CMakeFiles/PruebaUSB.dir/home/kevinperez/Downloads/pico/pico-sdk/src/rp2_common/pico_mem_ops/mem_ops_aeabi.S.obj
                0x00000000100024a4                __aeabi_mem_init
 .text.memcpy   0x00000000100024b4        0xc CMakeFiles/PruebaUSB.dir/home/kevinperez/Downloads/pico/pico-sdk/src/rp2_common/pico_mem_ops/mem_ops_aeabi.S.obj
                0x00000000100024b4                __wrap___aeabi_memcpy
                0x00000000100024b4                __wrap_memcpy
 .text._out_buffer
                0x00000000100024c0        0x8 CMakeFiles/PruebaUSB.dir/home/kevinperez/Downloads/pico/pico-sdk/src/rp2_common/pico_printf/printf.c.obj
 .text._out_null
                0x00000000100024c8        0x4 CMakeFiles/PruebaUSB.dir/home/kevinperez/Downloads/pico/pico-sdk/src/rp2_common/pico_printf/printf.c.obj
 .text._out_rev
                0x00000000100024cc       0x9c CMakeFiles/PruebaUSB.dir/home/kevinperez/Downloads/pico/pico-sdk/src/rp2_common/pico_printf/printf.c.obj
 .text._ntoa_format
                0x0000000010002568      0x1cc CMakeFiles/PruebaUSB.dir/home/kevinperez/Downloads/pico/pico-sdk/src/rp2_common/pico_printf/printf.c.obj
 .text._out_char
                0x0000000010002734       0x10 CMakeFiles/PruebaUSB.dir/home/kevinperez/Downloads/pico/pico-sdk/src/rp2_common/pico_printf/printf.c.obj
 .text._etoa    0x0000000010002744      0x44c CMakeFiles/PruebaUSB.dir/home/kevinperez/Downloads/pico/pico-sdk/src/rp2_common/pico_printf/printf.c.obj
 .text._ftoa    0x0000000010002b90      0x398 CMakeFiles/PruebaUSB.dir/home/kevinperez/Downloads/pico/pico-sdk/src/rp2_common/pico_printf/printf.c.obj
 .text._vsnprintf
                0x0000000010002f28      0xb04 CMakeFiles/PruebaUSB.dir/home/kevinperez/Downloads/pico/pico-sdk/src/rp2_common/pico_printf/printf.c.obj
 .text.__wrap_snprintf
                0x0000000010003a2c       0x28 CMakeFiles/PruebaUSB.dir/home/kevinperez/Downloads/pico/pico-sdk/src/rp2_common/pico_printf/printf.c.obj
                0x0000000010003a2c                __wrap_snprintf
 .text.weak_raw_vprintf
                0x0000000010003a54       0x30 CMakeFiles/PruebaUSB.dir/home/kevinperez/Downloads/pico/pico-sdk/src/rp2_common/pico_printf/printf.c.obj
                0x0000000010003a54                weak_raw_vprintf
 .text._exit    0x0000000010003a84        0x4 CMakeFiles/PruebaUSB.dir/home/kevinperez/Downloads/pico/pico-sdk/src/rp2_common/pico_clib_interface/newlib_interface.c.obj
                0x0000000010003a84                _exit
 .text.exit     0x0000000010003a88        0x8 CMakeFiles/PruebaUSB.dir/home/kevinperez/Downloads/pico/pico-sdk/src/rp2_common/pico_clib_interface/newlib_interface.c.obj
                0x0000000010003a88                exit
 .text.runtime_init
                0x0000000010003a90       0x2c CMakeFiles/PruebaUSB.dir/home/kevinperez/Downloads/pico/pico-sdk/src/rp2_common/pico_clib_interface/newlib_interface.c.obj
                0x0000000010003a90                runtime_init
 .text.stdio_out_chars_no_crlf
                0x0000000010003abc       0x10 CMakeFiles/PruebaUSB.dir/home/kevinperez/Downloads/pico/pico-sdk/src/rp2_common/pico_stdio/stdio.c.obj
 .text.stdio_out_chars_crlf
                0x0000000010003acc       0xb4 CMakeFiles/PruebaUSB.dir/home/kevinperez/Downloads/pico/pico-sdk/src/rp2_common/pico_stdio/stdio.c.obj
 .text.stdio_put_string
                0x0000000010003b80      0x100 CMakeFiles/PruebaUSB.dir/home/kevinperez/Downloads/pico/pico-sdk/src/rp2_common/pico_stdio/stdio.c.obj
                0x0000000010003b80                stdio_put_string
 .text.stdio_set_driver_enabled
                0x0000000010003c80       0x30 CMakeFiles/PruebaUSB.dir/home/kevinperez/Downloads/pico/pico-sdk/src/rp2_common/pico_stdio/stdio.c.obj
                0x0000000010003c80                stdio_set_driver_enabled
 .text.stdio_init_all
                0x0000000010003cb0        0xc CMakeFiles/PruebaUSB.dir/home/kevinperez/Downloads/pico/pico-sdk/src/rp2_common/pico_stdio/stdio.c.obj
                0x0000000010003cb0                stdio_init_all
 .text.__wrap_putchar
                0x0000000010003cbc       0x98 CMakeFiles/PruebaUSB.dir/home/kevinperez/Downloads/pico/pico-sdk/src/rp2_common/pico_stdio/stdio.c.obj
                0x0000000010003cbc                stdio_putchar
                0x0000000010003cbc                __wrap_putchar
 .text.__wrap_puts
                0x0000000010003d54       0x3c CMakeFiles/PruebaUSB.dir/home/kevinperez/Downloads/pico/pico-sdk/src/rp2_common/pico_stdio/stdio.c.obj
                0x0000000010003d54                __wrap_puts
                0x0000000010003d54                stdio_puts
 .text.stdio_uart_out_chars
                0x0000000010003d90       0x4c CMakeFiles/PruebaUSB.dir/home/kevinperez/Downloads/pico/pico-sdk/src/rp2_common/pico_stdio_uart/stdio_uart.c.obj
 .text.stdio_uart_in_chars
                0x0000000010003ddc       0x84 CMakeFiles/PruebaUSB.dir/home/kevinperez/Downloads/pico/pico-sdk/src/rp2_common/pico_stdio_uart/stdio_uart.c.obj
                0x0000000010003ddc                stdio_uart_in_chars
 .text.on_uart_rx
                0x0000000010003e60       0x28 CMakeFiles/PruebaUSB.dir/home/kevinperez/Downloads/pico/pico-sdk/src/rp2_common/pico_stdio_uart/stdio_uart.c.obj
 .text.stdio_uart_out_flush
                0x0000000010003e88       0x10 CMakeFiles/PruebaUSB.dir/home/kevinperez/Downloads/pico/pico-sdk/src/rp2_common/pico_stdio_uart/stdio_uart.c.obj
 .text.stdio_uart_set_chars_available_callback
                0x0000000010003e98       0x8c CMakeFiles/PruebaUSB.dir/home/kevinperez/Downloads/pico/pico-sdk/src/rp2_common/pico_stdio_uart/stdio_uart.c.obj
 .text.stdio_uart_init
                0x0000000010003f24       0x50 CMakeFiles/PruebaUSB.dir/home/kevinperez/Downloads/pico/pico-sdk/src/rp2_common/pico_stdio_uart/stdio_uart.c.obj
                0x0000000010003f24                stdio_uart_init
 .text.adc_init
                0x0000000010003f74       0x38 CMakeFiles/PruebaUSB.dir/home/kevinperez/Downloads/pico/pico-sdk/src/rp2_common/hardware_adc/adc.c.obj
                0x0000000010003f74                adc_init
 .text          0x0000000010003fac       0x5c /usr/lib/gcc/arm-none-eabi/10.3.1/../../../arm-none-eabi/lib/thumb/v6-m/nofp/libg.a(lib_a-strlen-stub.o)
                0x0000000010003fac                strlen
 *(.fini)
 .fini          0x0000000010004008        0x4 /usr/lib/gcc/arm-none-eabi/10.3.1/thumb/v6-m/nofp/crti.o
                0x0000000010004008                _fini
 *fill*         0x000000001000400c        0x4 
 .fini.__stub   0x0000000010004010       0x40 linker stubs
 *crtbegin.o(.ctors)
 *crtbegin?.o(.ctors)
 *(EXCLUDE_FILE(*crtend.o *crtend?.o) .ctors)
 *(SORT_BY_NAME(.ctors.*))
 *(.ctors)
 *crtbegin.o(.dtors)
 *crtbegin?.o(.dtors)
 *(EXCLUDE_FILE(*crtend.o *crtend?.o) .dtors)
 *(SORT_BY_NAME(.dtors.*))
 *(.dtors)
                0x0000000010004050                . = ALIGN (0x4)
                0x0000000010004050                PROVIDE (__preinit_array_start = .)
 *(SORT_BY_NAME(.preinit_array.*))
 .preinit_array.00100
                0x0000000010004050        0x4 CMakeFiles/PruebaUSB.dir/home/kevinperez/Downloads/pico/pico-sdk/src/rp2_common/pico_runtime_init/runtime_init.c.obj
                0x0000000010004050                __pre_init_runtime_init_early_resets
 .preinit_array.00101
                0x0000000010004054        0x4 CMakeFiles/PruebaUSB.dir/home/kevinperez/Downloads/pico/pico-sdk/src/rp2_common/pico_runtime_init/runtime_init.c.obj
                0x0000000010004054                __pre_init_runtime_init_usb_power_down
 .preinit_array.00275
                0x0000000010004058        0x4 CMakeFiles/PruebaUSB.dir/home/kevinperez/Downloads/pico/pico-sdk/src/rp2_common/pico_bit_ops/bit_ops_aeabi.S.obj
 .preinit_array.00300
                0x000000001000405c        0x4 CMakeFiles/PruebaUSB.dir/home/kevinperez/Downloads/pico/pico-sdk/src/rp2_common/pico_mem_ops/mem_ops_aeabi.S.obj
 .preinit_array.00350
                0x0000000010004060        0x4 CMakeFiles/PruebaUSB.dir/home/kevinperez/Downloads/pico/pico-sdk/src/rp2_common/pico_double/double_aeabi_rp2040.S.obj
 .preinit_array.00350
                0x0000000010004064        0x4 CMakeFiles/PruebaUSB.dir/home/kevinperez/Downloads/pico/pico-sdk/src/rp2_common/pico_float/float_aeabi_rp2040.S.obj
 .preinit_array.00500
                0x0000000010004068        0x4 CMakeFiles/PruebaUSB.dir/home/kevinperez/Downloads/pico/pico-sdk/src/rp2_common/pico_runtime_init/runtime_init.c.obj
                0x0000000010004068                __pre_init_runtime_init_clocks
 .preinit_array.00600
                0x000000001000406c        0x4 CMakeFiles/PruebaUSB.dir/home/kevinperez/Downloads/pico/pico-sdk/src/rp2_common/pico_runtime_init/runtime_init.c.obj
                0x000000001000406c                __pre_init_runtime_init_post_clock_resets
 .preinit_array.00700
                0x0000000010004070        0x4 CMakeFiles/PruebaUSB.dir/home/kevinperez/Downloads/pico/pico-sdk/src/rp2_common/pico_runtime_init/runtime_init.c.obj
                0x0000000010004070                __pre_init_runtime_init_rp2040_gpio_ie_disable
 .preinit_array.01000
                0x0000000010004074        0x4 CMakeFiles/PruebaUSB.dir/home/kevinperez/Downloads/pico/pico-sdk/src/rp2_common/pico_runtime_init/runtime_init.c.obj
                0x0000000010004074                __pre_init_runtime_init_spin_locks_reset
 .preinit_array.01100
                0x0000000010004078        0x4 CMakeFiles/PruebaUSB.dir/home/kevinperez/Downloads/pico/pico-sdk/src/common/pico_sync/mutex.c.obj
                0x0000000010004078                __pre_init_runtime_init_mutex
 .preinit_array.10080
                0x000000001000407c        0x4 CMakeFiles/PruebaUSB.dir/home/kevinperez/Downloads/pico/pico-sdk/src/rp2_common/pico_runtime_init/runtime_init.c.obj
                0x000000001000407c                __pre_init_runtime_init_install_ram_vector_table
 .preinit_array.11000
                0x0000000010004080        0x4 CMakeFiles/PruebaUSB.dir/home/kevinperez/Downloads/pico/pico-sdk/src/common/pico_time/time.c.obj
                0x0000000010004080                __pre_init_runtime_init_default_alarm_pool
 .preinit_array.YYYYY
                0x0000000010004084        0x4 CMakeFiles/PruebaUSB.dir/home/kevinperez/Downloads/pico/pico-sdk/src/rp2_common/pico_runtime/runtime.c.obj
                0x0000000010004084                __pre_init_first_per_core_initializer
 .preinit_array.ZZZZZ.01200
                0x0000000010004088        0x4 CMakeFiles/PruebaUSB.dir/home/kevinperez/Downloads/pico/pico-sdk/src/rp2_common/hardware_irq/irq.c.obj
                0x0000000010004088                __pre_init_runtime_init_per_core_irq_priorities
 *(.preinit_array)
                0x000000001000408c                PROVIDE (__preinit_array_end = .)
                0x000000001000408c                . = ALIGN (0x4)
                0x000000001000408c                PROVIDE (__init_array_start = .)
 *(SORT_BY_NAME(.init_array.*))
 *(.init_array)
 .init_array    0x000000001000408c        0x4 /usr/lib/gcc/arm-none-eabi/10.3.1/thumb/v6-m/nofp/crtbegin.o
                0x0000000010004090                PROVIDE (__init_array_end = .)
                0x0000000010004090                . = ALIGN (0x4)
                0x0000000010004090                PROVIDE (__fini_array_start = .)
 *(SORT_BY_NAME(.fini_array.*))
 *(.fini_array)
                0x0000000010004090                PROVIDE (__fini_array_end = .)
 *(.eh_frame*)
 .eh_frame      0x0000000010004090        0x0 /usr/lib/gcc/arm-none-eabi/10.3.1/thumb/v6-m/nofp/crtbegin.o
                0x0000000010004090                . = ALIGN (0x4)

.glue_7         0x0000000010004090        0x0
 .glue_7        0x0000000010004090        0x0 linker stubs

.glue_7t        0x0000000010004090        0x0
 .glue_7t       0x0000000010004090        0x0 linker stubs

.vfp11_veneer   0x0000000010004090        0x0
 .vfp11_veneer  0x0000000010004090        0x0 linker stubs

.v4_bx          0x0000000010004090        0x0
 .v4_bx         0x0000000010004090        0x0 linker stubs

.iplt           0x0000000010004090        0x0
 .iplt          0x0000000010004090        0x0 /usr/lib/gcc/arm-none-eabi/10.3.1/thumb/v6-m/nofp/crtbegin.o

.rodata         0x0000000010004090      0x354
 *(EXCLUDE_FILE(*libm.a: *libc.a:*lib_a-mem*.o *libgcc.a:) .rodata*)
 .rodata.main.str1.4
                0x0000000010004090        0x4 CMakeFiles/PruebaUSB.dir/PruebaUSB.c.obj
 .rodata.panic.str1.4
                0x0000000010004094       0x12 CMakeFiles/PruebaUSB.dir/home/kevinperez/Downloads/pico/pico-sdk/src/rp2_common/pico_platform_panic/panic.c.obj
 *fill*         0x00000000100040a6        0x2 
 .rodata.timer_hardware_alarm_claim.str1.4
                0x00000000100040a8       0x22 CMakeFiles/PruebaUSB.dir/home/kevinperez/Downloads/pico/pico-sdk/src/rp2_common/hardware_timer/timer.c.obj
 *fill*         0x00000000100040ca        0x2 
 .rodata.hard_assertion_failure.str1.4
                0x00000000100040cc        0xc CMakeFiles/PruebaUSB.dir/home/kevinperez/Downloads/pico/pico-sdk/src/rp2_common/pico_runtime/runtime.c.obj
 .rodata.str1.4
                0x00000000100040d8       0x30 CMakeFiles/PruebaUSB.dir/home/kevinperez/Downloads/pico/pico-sdk/src/rp2_common/pico_standard_binary_info/standard_binary_info.c.obj
 .rodata.__bi_26
                0x0000000010004108        0xc CMakeFiles/PruebaUSB.dir/home/kevinperez/Downloads/pico/pico-sdk/src/rp2_common/pico_standard_binary_info/standard_binary_info.c.obj
 .rodata.__bi_34
                0x0000000010004114        0xc CMakeFiles/PruebaUSB.dir/home/kevinperez/Downloads/pico/pico-sdk/src/rp2_common/pico_standard_binary_info/standard_binary_info.c.obj
 .rodata.__bi_42
                0x0000000010004120        0xc CMakeFiles/PruebaUSB.dir/home/kevinperez/Downloads/pico/pico-sdk/src/rp2_common/pico_standard_binary_info/standard_binary_info.c.obj
 .rodata.__bi_48
                0x000000001000412c        0xc CMakeFiles/PruebaUSB.dir/home/kevinperez/Downloads/pico/pico-sdk/src/rp2_common/pico_standard_binary_info/standard_binary_info.c.obj
 .rodata.__bi_54
                0x0000000010004138        0xc CMakeFiles/PruebaUSB.dir/home/kevinperez/Downloads/pico/pico-sdk/src/rp2_common/pico_standard_binary_info/standard_binary_info.c.obj
 .rodata.__bi_84
                0x0000000010004144        0xc CMakeFiles/PruebaUSB.dir/home/kevinperez/Downloads/pico/pico-sdk/src/rp2_common/pico_standard_binary_info/standard_binary_info.c.obj
 .rodata._ftoa.str1.4
                0x0000000010004150       0x15 CMakeFiles/PruebaUSB.dir/home/kevinperez/Downloads/pico/pico-sdk/src/rp2_common/pico_printf/printf.c.obj
 *fill*         0x0000000010004165        0x3 
 .rodata._vsnprintf
                0x0000000010004168      0x1e0 CMakeFiles/PruebaUSB.dir/home/kevinperez/Downloads/pico/pico-sdk/src/rp2_common/pico_printf/printf.c.obj
 .rodata.pow10.0
                0x0000000010004348       0x50 CMakeFiles/PruebaUSB.dir/home/kevinperez/Downloads/pico/pico-sdk/src/rp2_common/pico_printf/printf.c.obj
 .rodata.crlf_str.0
                0x0000000010004398        0x2 CMakeFiles/PruebaUSB.dir/home/kevinperez/Downloads/pico/pico-sdk/src/rp2_common/pico_stdio/stdio.c.obj
 *fill*         0x000000001000439a        0x2 
 .rodata.str1.4
                0x000000001000439c       0x2c CMakeFiles/PruebaUSB.dir/home/kevinperez/Downloads/pico/pico-sdk/src/rp2_common/pico_stdio_uart/stdio_uart.c.obj
 .rodata.__bi_45.4
                0x00000000100043c8        0xc CMakeFiles/PruebaUSB.dir/home/kevinperez/Downloads/pico/pico-sdk/src/rp2_common/pico_stdio_uart/stdio_uart.c.obj
 .rodata.__bi_49.5
                0x00000000100043d4        0x8 CMakeFiles/PruebaUSB.dir/home/kevinperez/Downloads/pico/pico-sdk/src/rp2_common/pico_stdio_uart/stdio_uart.c.obj
 .rodata.__bi_50.6
                0x00000000100043dc        0x8 CMakeFiles/PruebaUSB.dir/home/kevinperez/Downloads/pico/pico-sdk/src/rp2_common/pico_stdio_uart/stdio_uart.c.obj
                0x00000000100043e4                . = ALIGN (0x4)
 *(SORT_BY_ALIGNMENT(SORT_BY_NAME(.flashdata*)))
                0x00000000100043e4                . = ALIGN (0x4)

.ARM.extab
 *(.ARM.extab* .gnu.linkonce.armextab.*)
                0x00000000100043e4                __exidx_start = .

.ARM.exidx
 *(.ARM.exidx* .gnu.linkonce.armexidx.*)
                0x00000000100043e4                __exidx_end = .
                0x00000000100043e4                . = ALIGN (0x4)
                0x00000000100043e4                __binary_info_start = .

.binary_info    0x00000000100043e4       0x24
 *(.binary_info.keep.*)
 .binary_info.keep.__bi_ptr26
                0x00000000100043e4        0x4 CMakeFiles/PruebaUSB.dir/home/kevinperez/Downloads/pico/pico-sdk/src/rp2_common/pico_standard_binary_info/standard_binary_info.c.obj
 .binary_info.keep.__bi_ptr34
                0x00000000100043e8        0x4 CMakeFiles/PruebaUSB.dir/home/kevinperez/Downloads/pico/pico-sdk/src/rp2_common/pico_standard_binary_info/standard_binary_info.c.obj
 .binary_info.keep.__bi_ptr42
                0x00000000100043ec        0x4 CMakeFiles/PruebaUSB.dir/home/kevinperez/Downloads/pico/pico-sdk/src/rp2_common/pico_standard_binary_info/standard_binary_info.c.obj
 .binary_info.keep.__bi_ptr48
                0x00000000100043f0        0x4 CMakeFiles/PruebaUSB.dir/home/kevinperez/Downloads/pico/pico-sdk/src/rp2_common/pico_standard_binary_info/standard_binary_info.c.obj
 .binary_info.keep.__bi_ptr54
                0x00000000100043f4        0x4 CMakeFiles/PruebaUSB.dir/home/kevinperez/Downloads/pico/pico-sdk/src/rp2_common/pico_standard_binary_info/standard_binary_info.c.obj
 .binary_info.keep.__bi_ptr84
                0x00000000100043f8        0x4 CMakeFiles/PruebaUSB.dir/home/kevinperez/Downloads/pico/pico-sdk/src/rp2_common/pico_standard_binary_info/standard_binary_info.c.obj
 *(.binary_info.*)
 .binary_info.__bi_ptr45
                0x00000000100043fc        0x4 CMakeFiles/PruebaUSB.dir/home/kevinperez/Downloads/pico/pico-sdk/src/rp2_common/pico_stdio_uart/stdio_uart.c.obj
 .binary_info.__bi_ptr49
                0x0000000010004400        0x4 CMakeFiles/PruebaUSB.dir/home/kevinperez/Downloads/pico/pico-sdk/src/rp2_common/pico_stdio_uart/stdio_uart.c.obj
 .binary_info.__bi_ptr50
                0x0000000010004404        0x4 CMakeFiles/PruebaUSB.dir/home/kevinperez/Downloads/pico/pico-sdk/src/rp2_common/pico_stdio_uart/stdio_uart.c.obj
                0x0000000010004408                __binary_info_end = .

.rel.dyn        0x0000000010004408        0x0
 .rel.iplt      0x0000000010004408        0x0 /usr/lib/gcc/arm-none-eabi/10.3.1/thumb/v6-m/nofp/crtbegin.o
                0x0000000010004408                . = ALIGN (0x4)

.ram_vector_table
                0x0000000020000000       0xc0
 *(.ram_vector_table)
 .ram_vector_table
                0x0000000020000000       0xc0 CMakeFiles/PruebaUSB.dir/home/kevinperez/Downloads/pico/pico-sdk/src/rp2_common/pico_runtime_init/runtime_init.c.obj
                0x0000000020000000                ram_vector_table

.uninitialized_data
                0x00000000200000c0        0x0
                0x00000000200000c0                . = ALIGN (0x4)
 *(.uninitialized_data*)

.data           0x00000000200000c0      0x180 load address 0x0000000010004408
                0x00000000200000c0                __data_start__ = .
 *(vtable)
 *(.time_critical*)
 .time_critical.mutex_try_enter_block_until
                0x00000000200000c0       0x9c CMakeFiles/PruebaUSB.dir/home/kevinperez/Downloads/pico/pico-sdk/src/common/pico_sync/mutex.c.obj
                0x00000000200000c0                mutex_try_enter_block_until
 .time_critical.mutex_exit
                0x000000002000015c       0x28 CMakeFiles/PruebaUSB.dir/home/kevinperez/Downloads/pico/pico-sdk/src/common/pico_sync/mutex.c.obj
                0x000000002000015c                mutex_exit
 *(.text*)
 .text          0x0000000020000184        0x4 /usr/lib/gcc/arm-none-eabi/10.3.1/thumb/v6-m/nofp/libgcc.a(_dvmd_tls.o)
                0x0000000020000184                __aeabi_ldiv0
                0x0000000020000184                __aeabi_idiv0
 .text.__stub   0x0000000020000188       0x10 linker stubs
                0x0000000020000198                . = ALIGN (0x4)
 *(.rodata*)
                0x0000000020000198                . = ALIGN (0x4)
 *(.data*)
 .data.striped_spin_lock_num
                0x0000000020000198        0x1 CMakeFiles/PruebaUSB.dir/home/kevinperez/Downloads/pico/pico-sdk/src/rp2_common/hardware_sync/sync.c.obj
 *fill*         0x0000000020000199        0x3 
 .data          0x000000002000019c       0x48 CMakeFiles/PruebaUSB.dir/home/kevinperez/Downloads/pico/pico-sdk/src/rp2_common/hardware_irq/irq_handler_chain.S.obj
                0x000000002000019c                irq_handler_chain_slots
                0x00000000200001cc                irq_handler_chain_first_slot
                0x00000000200001d6                irq_handler_chain_remove_tail
 .data.default_alarm_pool
                0x00000000200001e4       0x18 CMakeFiles/PruebaUSB.dir/home/kevinperez/Downloads/pico/pico-sdk/src/common/pico_time/time.c.obj
 *fill*         0x00000000200001fc        0x4 
 .data.aeabi_bits_funcs
                0x0000000020000200       0x10 CMakeFiles/PruebaUSB.dir/home/kevinperez/Downloads/pico/pico-sdk/src/rp2_common/pico_bit_ops/bit_ops_aeabi.S.obj
                0x0000000020000200                aeabi_bits_funcs
                0x0000000020000210                aeabi_bits_funcs_end
 .data.aeabi_mem_funcs
                0x0000000020000210       0x10 CMakeFiles/PruebaUSB.dir/home/kevinperez/Downloads/pico/pico-sdk/src/rp2_common/pico_mem_ops/mem_ops_aeabi.S.obj
                0x0000000020000210                aeabi_mem_funcs
                0x0000000020000220                aeabi_mem_funcs_end
 .data.stdio_uart
                0x0000000020000220       0x18 CMakeFiles/PruebaUSB.dir/home/kevinperez/Downloads/pico/pico-sdk/src/rp2_common/pico_stdio_uart/stdio_uart.c.obj
                0x0000000020000220                stdio_uart
                0x0000000020000238                . = ALIGN (0x4)
 *(.after_data.*)
                0x0000000020000238                . = ALIGN (0x4)
                0x0000000020000238                PROVIDE (__mutex_array_start = .)
 *(SORT_BY_NAME(.mutex_array.*))
 *(.mutex_array)
 .mutex_array   0x0000000020000238        0x8 CMakeFiles/PruebaUSB.dir/home/kevinperez/Downloads/pico/pico-sdk/src/rp2_common/pico_stdio/stdio.c.obj
                0x0000000020000240                PROVIDE (__mutex_array_end = .)
                0x0000000020000240                . = ALIGN (0x4)
 *(.jcr)
                0x0000000020000240                . = ALIGN (0x4)

.tm_clone_table
                0x0000000020000240        0x0 load address 0x0000000010004588
 .tm_clone_table
                0x0000000020000240        0x0 /usr/lib/gcc/arm-none-eabi/10.3.1/thumb/v6-m/nofp/crtbegin.o
 .tm_clone_table
                0x0000000020000240        0x0 /usr/lib/gcc/arm-none-eabi/10.3.1/thumb/v6-m/nofp/crtend.o

.igot.plt       0x0000000020000240        0x0 load address 0x0000000010004588
 .igot.plt      0x0000000020000240        0x0 /usr/lib/gcc/arm-none-eabi/10.3.1/thumb/v6-m/nofp/crtbegin.o

.tdata          0x0000000020000240        0x0 load address 0x0000000010004588
                0x0000000020000240                . = ALIGN (0x4)
 *(.tdata .tdata.* .gnu.linkonce.td.*)
                0x0000000020000240                __tdata_end = .
                0x0000000020000240                PROVIDE (__data_end__ = .)
                0x0000000010004408                __etext = LOADADDR (.data)

.tbss           0x0000000020000240        0x0 load address 0x0000000010004588
                0x0000000020000240                . = ALIGN (0x4)
                0x0000000020000240                __bss_start__ = .
                0x0000000020000240                __tls_base = .
 *(.tbss .tbss.* .gnu.linkonce.tb.*)
 *(.tcommon)
                0x0000000020000240                __tls_end = .

.bss            0x0000000020000240      0x400 load address 0x0000000010004588
                0x0000000020000240                . = ALIGN (0x4)
                0x0000000020000240                __tbss_end = .
 *(SORT_BY_ALIGNMENT(SORT_BY_NAME(.bss*)))
 .bss.default_alarm_pool_entries
                0x0000000020000240      0x180 CMakeFiles/PruebaUSB.dir/home/kevinperez/Downloads/pico/pico-sdk/src/common/pico_time/time.c.obj
 .bss.sd_table  0x00000000200003c0      0x100 CMakeFiles/PruebaUSB.dir/home/kevinperez/Downloads/pico/pico-sdk/src/rp2_common/pico_double/double_init_rom_rp2040.c.obj
                0x00000000200003c0                sd_table
 .bss.sf_table  0x00000000200004c0      0x100 CMakeFiles/PruebaUSB.dir/home/kevinperez/Downloads/pico/pico-sdk/src/rp2_common/pico_float/float_init_rom_rp2040.c.obj
                0x00000000200004c0                sf_table
 .bss           0x00000000200005c0       0x1c /usr/lib/gcc/arm-none-eabi/10.3.1/thumb/v6-m/nofp/crtbegin.o
 .bss.chars_available_callback
                0x00000000200005dc        0x4 CMakeFiles/PruebaUSB.dir/home/kevinperez/Downloads/pico/pico-sdk/src/rp2_common/pico_stdio_uart/stdio_uart.c.obj
 .bss.chars_available_param
                0x00000000200005e0        0x4 CMakeFiles/PruebaUSB.dir/home/kevinperez/Downloads/pico/pico-sdk/src/rp2_common/pico_stdio_uart/stdio_uart.c.obj
 .bss.claimed   0x00000000200005e4        0x1 CMakeFiles/PruebaUSB.dir/home/kevinperez/Downloads/pico/pico-sdk/src/rp2_common/hardware_timer/timer.c.obj
 *fill*         0x00000000200005e5        0x3 
 .bss.configured_freq
                0x00000000200005e8       0x28 CMakeFiles/PruebaUSB.dir/home/kevinperez/Downloads/pico/pico-sdk/src/rp2_common/hardware_clocks/clocks.c.obj
 .bss.drivers   0x0000000020000610        0x4 CMakeFiles/PruebaUSB.dir/home/kevinperez/Downloads/pico/pico-sdk/src/rp2_common/pico_stdio/stdio.c.obj
 .bss.filter    0x0000000020000614        0x4 CMakeFiles/PruebaUSB.dir/home/kevinperez/Downloads/pico/pico-sdk/src/rp2_common/pico_stdio/stdio.c.obj
 .bss.lazy_vsnprintf
                0x0000000020000618        0x4 CMakeFiles/PruebaUSB.dir/home/kevinperez/Downloads/pico/pico-sdk/src/rp2_common/pico_printf/printf.c.obj
 .bss.pools     0x000000002000061c       0x10 CMakeFiles/PruebaUSB.dir/home/kevinperez/Downloads/pico/pico-sdk/src/common/pico_time/time.c.obj
 .bss.sf_clz_func
                0x000000002000062c        0x4 CMakeFiles/PruebaUSB.dir/home/kevinperez/Downloads/pico/pico-sdk/src/rp2_common/pico_double/double_init_rom_rp2040.c.obj
                0x000000002000062c                sf_clz_func
 .bss.sleep_notifier
                0x0000000020000630        0x4 CMakeFiles/PruebaUSB.dir/home/kevinperez/Downloads/pico/pico-sdk/src/common/pico_time/time.c.obj
 .bss.uart_char_to_line_feed
                0x0000000020000634        0x4 CMakeFiles/PruebaUSB.dir/home/kevinperez/Downloads/pico/pico-sdk/src/rp2_common/hardware_uart/uart.c.obj
                0x0000000020000634                uart_char_to_line_feed
 .bss.uart_instance
                0x0000000020000638        0x4 CMakeFiles/PruebaUSB.dir/home/kevinperez/Downloads/pico/pico-sdk/src/rp2_common/pico_stdio_uart/stdio_uart.c.obj
 .bss.irq_handler_chain_free_slot_head
                0x000000002000063c        0x1 CMakeFiles/PruebaUSB.dir/home/kevinperez/Downloads/pico/pico-sdk/src/rp2_common/hardware_irq/irq.c.obj
 *(COMMON)
                0x0000000020000640                . = ALIGN (0x4)
 *fill*         0x000000002000063d        0x3 
                0x0000000020000640                __bss_end__ = .

.heap           0x0000000020000640    0x3f9c0 load address 0x0000000010004588
                0x0000000020000640                __end__ = .
                0x0000000020000640                end = __end__
 *(.heap*)
 .heap          0x0000000020000640      0x800 CMakeFiles/PruebaUSB.dir/home/kevinperez/Downloads/pico/pico-sdk/src/rp2_common/pico_crt0/crt0.S.obj
                0x0000000020040000                . = (ORIGIN (RAM) + LENGTH (RAM))
 *fill*         0x0000000020000e40    0x3f1c0 
                0x0000000020040000                __HeapLimit = .

.scratch_x      0x0000000020040000        0x0 load address 0x0000000010004588
                0x0000000020040000                __scratch_x_start__ = .
 *(.scratch_x.*)
                0x0000000020040000                . = ALIGN (0x4)
                0x0000000020040000                __scratch_x_end__ = .
                0x0000000010004588                __scratch_x_source__ = LOADADDR (.scratch_x)

.scratch_y      0x0000000020041000        0x0 load address 0x0000000010004588
                0x0000000020041000                __scratch_y_start__ = .
 *(.scratch_y.*)
                0x0000000020041000                . = ALIGN (0x4)
                0x0000000020041000                __scratch_y_end__ = .
                0x0000000010004588                __scratch_y_source__ = LOADADDR (.scratch_y)

.stack1_dummy   0x0000000020040000        0x0
 *(.stack1*)

.stack_dummy    0x0000000020041000      0x800
 *(.stack*)
 .stack         0x0000000020041000      0x800 CMakeFiles/PruebaUSB.dir/home/kevinperez/Downloads/pico/pico-sdk/src/rp2_common/pico_crt0/crt0.S.obj

.flash_end      0x0000000010004588        0x0
 *(.embedded_end_block*)
                0x0000000010004588                PROVIDE (__flash_binary_end = .)
                0x0000000020040000                __StackLimit = (ORIGIN (RAM) + LENGTH (RAM))
                0x0000000020041000                __StackOneTop = (ORIGIN (SCRATCH_X) + LENGTH (SCRATCH_X))
                0x0000000020042000                __StackTop = (ORIGIN (SCRATCH_Y) + LENGTH (SCRATCH_Y))
                0x0000000020041000                __StackOneBottom = (__StackOneTop - SIZEOF (.stack1_dummy))
                0x0000000020041800                __StackBottom = (__StackTop - SIZEOF (.stack_dummy))
                0x0000000020042000                PROVIDE (__stack = __StackTop)
                [!provide]                        PROVIDE (__heap_start = __end__)
                [!provide]                        PROVIDE (__heap_end = __HeapLimit)
                [!provide]                        PROVIDE (__tls_align = MAX (ALIGNOF (.tdata), ALIGNOF (.tbss)))
                [!provide]                        PROVIDE (__tls_size_align = (((__tls_size + __tls_align) - 0x1) & ~ ((__tls_align - 0x1))))
                [!provide]                        PROVIDE (__arm32_tls_tcb_offset = MAX (0x8, __tls_align))
                [!provide]                        PROVIDE (_end = __end__)
                [!provide]                        PROVIDE (__llvm_libc_heap_limit = __HeapLimit)
                0x0000000000000001                ASSERT ((__StackLimit >= __HeapLimit), region RAM overflowed)
                0x0000000000000001                ASSERT (((__binary_info_header_end - __logical_binary_start) <= 0x100), Binary info must be in first 256 bytes of the binary)
LOAD CMakeFiles/PruebaUSB.dir/PruebaUSB.c.obj
LOAD CMakeFiles/PruebaUSB.dir/home/kevinperez/Downloads/pico/pico-sdk/src/rp2_common/pico_stdlib/stdlib.c.obj
LOAD CMakeFiles/PruebaUSB.dir/home/kevinperez/Downloads/pico/pico-sdk/src/rp2_common/hardware_gpio/gpio.c.obj
LOAD CMakeFiles/PruebaUSB.dir/home/kevinperez/Downloads/pico/pico-sdk/src/rp2040/pico_platform/platform.c.obj
LOAD CMakeFiles/PruebaUSB.dir/home/kevinperez/Downloads/pico/pico-sdk/src/rp2_common/pico_platform_panic/panic.c.obj
LOAD CMakeFiles/PruebaUSB.dir/home/kevinperez/Downloads/pico/pico-sdk/src/common/hardware_claim/claim.c.obj
LOAD CMakeFiles/PruebaUSB.dir/home/kevinperez/Downloads/pico/pico-sdk/src/rp2_common/hardware_sync/sync.c.obj
LOAD CMakeFiles/PruebaUSB.dir/home/kevinperez/Downloads/pico/pico-sdk/src/rp2_common/hardware_sync_spin_lock/sync_spin_lock.c.obj
LOAD CMakeFiles/PruebaUSB.dir/home/kevinperez/Downloads/pico/pico-sdk/src/rp2_common/hardware_irq/irq.c.obj
LOAD CMakeFiles/PruebaUSB.dir/home/kevinperez/Downloads/pico/pico-sdk/src/rp2_common/hardware_irq/irq_handler_chain.S.obj
LOAD CMakeFiles/PruebaUSB.dir/home/kevinperez/Downloads/pico/pico-sdk/src/common/pico_sync/sem.c.obj
LOAD CMakeFiles/PruebaUSB.dir/home/kevinperez/Downloads/pico/pico-sdk/src/common/pico_sync/lock_core.c.obj
LOAD CMakeFiles/PruebaUSB.dir/home/kevinperez/Downloads/pico/pico-sdk/src/common/pico_sync/mutex.c.obj
LOAD CMakeFiles/PruebaUSB.dir/home/kevinperez/Downloads/pico/pico-sdk/src/common/pico_sync/critical_section.c.obj
LOAD CMakeFiles/PruebaUSB.dir/home/kevinperez/Downloads/pico/pico-sdk/src/common/pico_time/time.c.obj
LOAD CMakeFiles/PruebaUSB.dir/home/kevinperez/Downloads/pico/pico-sdk/src/common/pico_time/timeout_helper.c.obj
LOAD CMakeFiles/PruebaUSB.dir/home/kevinperez/Downloads/pico/pico-sdk/src/rp2_common/hardware_timer/timer.c.obj
LOAD CMakeFiles/PruebaUSB.dir/home/kevinperez/Downloads/pico/pico-sdk/src/common/pico_util/datetime.c.obj
LOAD CMakeFiles/PruebaUSB.dir/home/kevinperez/Downloads/pico/pico-sdk/src/common/pico_util/pheap.c.obj
LOAD CMakeFiles/PruebaUSB.dir/home/kevinperez/Downloads/pico/pico-sdk/src/common/pico_util/queue.c.obj
LOAD CMakeFiles/PruebaUSB.dir/home/kevinperez/Downloads/pico/pico-sdk/src/rp2_common/hardware_uart/uart.c.obj
LOAD CMakeFiles/PruebaUSB.dir/home/kevinperez/Downloads/pico/pico-sdk/src/rp2_common/hardware_clocks/clocks.c.obj
LOAD CMakeFiles/PruebaUSB.dir/home/kevinperez/Downloads/pico/pico-sdk/src/rp2_common/hardware_pll/pll.c.obj
LOAD CMakeFiles/PruebaUSB.dir/home/kevinperez/Downloads/pico/pico-sdk/src/rp2_common/hardware_vreg/vreg.c.obj
LOAD CMakeFiles/PruebaUSB.dir/home/kevinperez/Downloads/pico/pico-sdk/src/rp2_common/hardware_watchdog/watchdog.c.obj
LOAD CMakeFiles/PruebaUSB.dir/home/kevinperez/Downloads/pico/pico-sdk/src/rp2_common/hardware_ticks/ticks.c.obj
LOAD CMakeFiles/PruebaUSB.dir/home/kevinperez/Downloads/pico/pico-sdk/src/rp2_common/hardware_xosc/xosc.c.obj
LOAD CMakeFiles/PruebaUSB.dir/home/kevinperez/Downloads/pico/pico-sdk/src/rp2_common/hardware_divider/divider.S.obj
LOAD CMakeFiles/PruebaUSB.dir/home/kevinperez/Downloads/pico/pico-sdk/src/rp2_common/pico_runtime/runtime.c.obj
LOAD CMakeFiles/PruebaUSB.dir/home/kevinperez/Downloads/pico/pico-sdk/src/rp2_common/pico_runtime_init/runtime_init.c.obj
LOAD CMakeFiles/PruebaUSB.dir/home/kevinperez/Downloads/pico/pico-sdk/src/rp2_common/pico_runtime_init/runtime_init_clocks.c.obj
LOAD CMakeFiles/PruebaUSB.dir/home/kevinperez/Downloads/pico/pico-sdk/src/rp2_common/pico_runtime_init/runtime_init_stack_guard.c.obj
LOAD CMakeFiles/PruebaUSB.dir/home/kevinperez/Downloads/pico/pico-sdk/src/rp2_common/pico_bit_ops/bit_ops_aeabi.S.obj
LOAD CMakeFiles/PruebaUSB.dir/home/kevinperez/Downloads/pico/pico-sdk/src/rp2_common/pico_bootrom/bootrom.c.obj
LOAD CMakeFiles/PruebaUSB.dir/home/kevinperez/Downloads/pico/pico-sdk/src/rp2_common/pico_bootrom/bootrom_lock.c.obj
LOAD CMakeFiles/PruebaUSB.dir/home/kevinperez/Downloads/pico/pico-sdk/src/rp2_common/hardware_boot_lock/boot_lock.c.obj
LOAD CMakeFiles/PruebaUSB.dir/home/kevinperez/Downloads/pico/pico-sdk/src/rp2_common/pico_divider/divider_hardware.S.obj
LOAD CMakeFiles/PruebaUSB.dir/home/kevinperez/Downloads/pico/pico-sdk/src/rp2_common/pico_double/double_aeabi_rp2040.S.obj
LOAD CMakeFiles/PruebaUSB.dir/home/kevinperez/Downloads/pico/pico-sdk/src/rp2_common/pico_double/double_init_rom_rp2040.c.obj
LOAD CMakeFiles/PruebaUSB.dir/home/kevinperez/Downloads/pico/pico-sdk/src/rp2_common/pico_double/double_math.c.obj
LOAD CMakeFiles/PruebaUSB.dir/home/kevinperez/Downloads/pico/pico-sdk/src/rp2_common/pico_double/double_v1_rom_shim_rp2040.S.obj
LOAD CMakeFiles/PruebaUSB.dir/home/kevinperez/Downloads/pico/pico-sdk/src/rp2_common/pico_int64_ops/pico_int64_ops_aeabi.S.obj
LOAD CMakeFiles/PruebaUSB.dir/home/kevinperez/Downloads/pico/pico-sdk/src/rp2_common/pico_float/float_aeabi_rp2040.S.obj
LOAD CMakeFiles/PruebaUSB.dir/home/kevinperez/Downloads/pico/pico-sdk/src/rp2_common/pico_float/float_init_rom_rp2040.c.obj
LOAD CMakeFiles/PruebaUSB.dir/home/kevinperez/Downloads/pico/pico-sdk/src/rp2_common/pico_float/float_math.c.obj
LOAD CMakeFiles/PruebaUSB.dir/home/kevinperez/Downloads/pico/pico-sdk/src/rp2_common/pico_float/float_v1_rom_shim_rp2040.S.obj
LOAD CMakeFiles/PruebaUSB.dir/home/kevinperez/Downloads/pico/pico-sdk/src/rp2_common/pico_malloc/malloc.c.obj
LOAD CMakeFiles/PruebaUSB.dir/home/kevinperez/Downloads/pico/pico-sdk/src/rp2_common/pico_mem_ops/mem_ops_aeabi.S.obj
LOAD CMakeFiles/PruebaUSB.dir/home/kevinperez/Downloads/pico/pico-sdk/src/rp2_common/pico_atomic/atomic.c.obj
LOAD CMakeFiles/PruebaUSB.dir/home/kevinperez/Downloads/pico/pico-sdk/src/rp2_common/pico_cxx_options/new_delete.cpp.obj
LOAD CMakeFiles/PruebaUSB.dir/home/kevinperez/Downloads/pico/pico-sdk/src/rp2_common/pico_standard_binary_info/standard_binary_info.c.obj
LOAD CMakeFiles/PruebaUSB.dir/home/kevinperez/Downloads/pico/pico-sdk/src/rp2_common/pico_printf/printf.c.obj
LOAD CMakeFiles/PruebaUSB.dir/home/kevinperez/Downloads/pico/pico-sdk/src/rp2_common/pico_crt0/crt0.S.obj
LOAD CMakeFiles/PruebaUSB.dir/home/kevinperez/Downloads/pico/pico-sdk/src/rp2_common/pico_clib_interface/newlib_interface.c.obj
LOAD CMakeFiles/PruebaUSB.dir/home/kevinperez/Downloads/pico/pico-sdk/src/rp2_common/pico_stdio/stdio.c.obj
LOAD CMakeFiles/PruebaUSB.dir/home/kevinperez/Downloads/pico/pico-sdk/src/rp2_common/pico_stdio_uart/stdio_uart.c.obj
LOAD CMakeFiles/PruebaUSB.dir/home/kevinperez/Downloads/pico/pico-sdk/src/rp2_common/hardware_adc/adc.c.obj
LOAD /tmp/cc7wjgMd.o
LOAD /usr/lib/gcc/arm-none-eabi/10.3.1/../../../arm-none-eabi/lib/thumb/v6-m/nofp/libstdc++.a
LOAD /usr/lib/gcc/arm-none-eabi/10.3.1/../../../arm-none-eabi/lib/thumb/v6-m/nofp/libm.a
START GROUP
LOAD /usr/lib/gcc/arm-none-eabi/10.3.1/thumb/v6-m/nofp/libgcc.a
LOAD /usr/lib/gcc/arm-none-eabi/10.3.1/../../../arm-none-eabi/lib/thumb/v6-m/nofp/libg.a
LOAD /usr/lib/gcc/arm-none-eabi/10.3.1/../../../arm-none-eabi/lib/thumb/v6-m/nofp/libc.a
END GROUP
START GROUP
LOAD /usr/lib/gcc/arm-none-eabi/10.3.1/thumb/v6-m/nofp/libgcc.a
LOAD /usr/lib/gcc/arm-none-eabi/10.3.1/../../../arm-none-eabi/lib/thumb/v6-m/nofp/libc.a
LOAD /usr/lib/gcc/arm-none-eabi/10.3.1/../../../arm-none-eabi/lib/thumb/v6-m/nofp/libnosys.a
END GROUP
LOAD /usr/lib/gcc/arm-none-eabi/10.3.1/thumb/v6-m/nofp/crtend.o
LOAD /usr/lib/gcc/arm-none-eabi/10.3.1/thumb/v6-m/nofp/crtn.o
OUTPUT(PruebaUSB.elf elf32-littlearm)
LOAD linker stubs

.ARM.attributes
                0x0000000000000000       0x28
 .ARM.attributes
                0x0000000000000000       0x1e /usr/lib/gcc/arm-none-eabi/10.3.1/thumb/v6-m/nofp/crti.o
 .ARM.attributes
                0x000000000000001e       0x2c /usr/lib/gcc/arm-none-eabi/10.3.1/thumb/v6-m/nofp/crtbegin.o
 .ARM.attributes
                0x000000000000004a       0x2c CMakeFiles/PruebaUSB.dir/PruebaUSB.c.obj
 .ARM.attributes
                0x0000000000000076       0x2c CMakeFiles/PruebaUSB.dir/home/kevinperez/Downloads/pico/pico-sdk/src/rp2_common/hardware_gpio/gpio.c.obj
 .ARM.attributes
                0x00000000000000a2       0x2c CMakeFiles/PruebaUSB.dir/home/kevinperez/Downloads/pico/pico-sdk/src/rp2_common/pico_platform_panic/panic.c.obj
 .ARM.attributes
                0x00000000000000ce       0x2c CMakeFiles/PruebaUSB.dir/home/kevinperez/Downloads/pico/pico-sdk/src/common/hardware_claim/claim.c.obj
 .ARM.attributes
                0x00000000000000fa       0x2c CMakeFiles/PruebaUSB.dir/home/kevinperez/Downloads/pico/pico-sdk/src/rp2_common/hardware_sync/sync.c.obj
 .ARM.attributes
                0x0000000000000126       0x2c CMakeFiles/PruebaUSB.dir/home/kevinperez/Downloads/pico/pico-sdk/src/rp2_common/hardware_sync_spin_lock/sync_spin_lock.c.obj
 .ARM.attributes
                0x0000000000000152       0x2c CMakeFiles/PruebaUSB.dir/home/kevinperez/Downloads/pico/pico-sdk/src/rp2_common/hardware_irq/irq.c.obj
 .ARM.attributes
                0x000000000000017e       0x22 CMakeFiles/PruebaUSB.dir/home/kevinperez/Downloads/pico/pico-sdk/src/rp2_common/hardware_irq/irq_handler_chain.S.obj
 .ARM.attributes
                0x00000000000001a0       0x2c CMakeFiles/PruebaUSB.dir/home/kevinperez/Downloads/pico/pico-sdk/src/common/pico_sync/lock_core.c.obj
 .ARM.attributes
                0x00000000000001cc       0x2c CMakeFiles/PruebaUSB.dir/home/kevinperez/Downloads/pico/pico-sdk/src/common/pico_sync/mutex.c.obj
 .ARM.attributes
                0x00000000000001f8       0x2c CMakeFiles/PruebaUSB.dir/home/kevinperez/Downloads/pico/pico-sdk/src/common/pico_time/time.c.obj
 .ARM.attributes
                0x0000000000000224       0x2c CMakeFiles/PruebaUSB.dir/home/kevinperez/Downloads/pico/pico-sdk/src/rp2_common/hardware_timer/timer.c.obj
 .ARM.attributes
                0x0000000000000250       0x2c CMakeFiles/PruebaUSB.dir/home/kevinperez/Downloads/pico/pico-sdk/src/rp2_common/hardware_uart/uart.c.obj
 .ARM.attributes
                0x000000000000027c       0x2c CMakeFiles/PruebaUSB.dir/home/kevinperez/Downloads/pico/pico-sdk/src/rp2_common/hardware_clocks/clocks.c.obj
 .ARM.attributes
                0x00000000000002a8       0x2c CMakeFiles/PruebaUSB.dir/home/kevinperez/Downloads/pico/pico-sdk/src/rp2_common/hardware_pll/pll.c.obj
 .ARM.attributes
                0x00000000000002d4       0x2c CMakeFiles/PruebaUSB.dir/home/kevinperez/Downloads/pico/pico-sdk/src/rp2_common/hardware_ticks/ticks.c.obj
 .ARM.attributes
                0x0000000000000300       0x2c CMakeFiles/PruebaUSB.dir/home/kevinperez/Downloads/pico/pico-sdk/src/rp2_common/hardware_xosc/xosc.c.obj
 .ARM.attributes
                0x000000000000032c       0x2c CMakeFiles/PruebaUSB.dir/home/kevinperez/Downloads/pico/pico-sdk/src/rp2_common/pico_runtime/runtime.c.obj
 .ARM.attributes
                0x0000000000000358       0x2c CMakeFiles/PruebaUSB.dir/home/kevinperez/Downloads/pico/pico-sdk/src/rp2_common/pico_runtime_init/runtime_init.c.obj
 .ARM.attributes
                0x0000000000000384       0x2c CMakeFiles/PruebaUSB.dir/home/kevinperez/Downloads/pico/pico-sdk/src/rp2_common/pico_runtime_init/runtime_init_clocks.c.obj
 .ARM.attributes
                0x00000000000003b0       0x22 CMakeFiles/PruebaUSB.dir/home/kevinperez/Downloads/pico/pico-sdk/src/rp2_common/pico_bit_ops/bit_ops_aeabi.S.obj
 .ARM.attributes
                0x00000000000003d2       0x2c CMakeFiles/PruebaUSB.dir/home/kevinperez/Downloads/pico/pico-sdk/src/rp2_common/pico_bootrom/bootrom.c.obj
 .ARM.attributes
                0x00000000000003fe       0x22 CMakeFiles/PruebaUSB.dir/home/kevinperez/Downloads/pico/pico-sdk/src/rp2_common/pico_divider/divider_hardware.S.obj
 .ARM.attributes
                0x0000000000000420       0x22 CMakeFiles/PruebaUSB.dir/home/kevinperez/Downloads/pico/pico-sdk/src/rp2_common/pico_double/double_aeabi_rp2040.S.obj
 .ARM.attributes
                0x0000000000000442       0x2c CMakeFiles/PruebaUSB.dir/home/kevinperez/Downloads/pico/pico-sdk/src/rp2_common/pico_double/double_init_rom_rp2040.c.obj
 .ARM.attributes
                0x000000000000046e       0x22 CMakeFiles/PruebaUSB.dir/home/kevinperez/Downloads/pico/pico-sdk/src/rp2_common/pico_double/double_v1_rom_shim_rp2040.S.obj
 .ARM.attributes
                0x0000000000000490       0x22 CMakeFiles/PruebaUSB.dir/home/kevinperez/Downloads/pico/pico-sdk/src/rp2_common/pico_int64_ops/pico_int64_ops_aeabi.S.obj
 .ARM.attributes
                0x00000000000004b2       0x22 CMakeFiles/PruebaUSB.dir/home/kevinperez/Downloads/pico/pico-sdk/src/rp2_common/pico_float/float_aeabi_rp2040.S.obj
 .ARM.attributes
                0x00000000000004d4       0x2c CMakeFiles/PruebaUSB.dir/home/kevinperez/Downloads/pico/pico-sdk/src/rp2_common/pico_float/float_init_rom_rp2040.c.obj
 .ARM.attributes
                0x0000000000000500       0x22 CMakeFiles/PruebaUSB.dir/home/kevinperez/Downloads/pico/pico-sdk/src/rp2_common/pico_float/float_v1_rom_shim_rp2040.S.obj
 .ARM.attributes
                0x0000000000000522       0x22 CMakeFiles/PruebaUSB.dir/home/kevinperez/Downloads/pico/pico-sdk/src/rp2_common/pico_mem_ops/mem_ops_aeabi.S.obj
 .ARM.attributes
                0x0000000000000544       0x32 CMakeFiles/PruebaUSB.dir/home/kevinperez/Downloads/pico/pico-sdk/src/rp2_common/pico_standard_binary_info/standard_binary_info.c.obj
 .ARM.attributes
                0x0000000000000576       0x2c CMakeFiles/PruebaUSB.dir/home/kevinperez/Downloads/pico/pico-sdk/src/rp2_common/pico_printf/printf.c.obj
 .ARM.attributes
                0x00000000000005a2       0x22 CMakeFiles/PruebaUSB.dir/home/kevinperez/Downloads/pico/pico-sdk/src/rp2_common/pico_crt0/crt0.S.obj
 .ARM.attributes
                0x00000000000005c4       0x2c CMakeFiles/PruebaUSB.dir/home/kevinperez/Downloads/pico/pico-sdk/src/rp2_common/pico_clib_interface/newlib_interface.c.obj
 .ARM.attributes
                0x00000000000005f0       0x2c CMakeFiles/PruebaUSB.dir/home/kevinperez/Downloads/pico/pico-sdk/src/rp2_common/pico_stdio/stdio.c.obj
 .ARM.attributes
                0x000000000000061c       0x2c CMakeFiles/PruebaUSB.dir/home/kevinperez/Downloads/pico/pico-sdk/src/rp2_common/pico_stdio_uart/stdio_uart.c.obj
 .ARM.attributes
                0x0000000000000648       0x2c CMakeFiles/PruebaUSB.dir/home/kevinperez/Downloads/pico/pico-sdk/src/rp2_common/hardware_adc/adc.c.obj
 .ARM.attributes
                0x0000000000000674       0x22 /tmp/cc7wjgMd.o
 .ARM.attributes
                0x0000000000000696       0x1e /usr/lib/gcc/arm-none-eabi/10.3.1/thumb/v6-m/nofp/libgcc.a(_dvmd_tls.o)
 .ARM.attributes
                0x00000000000006b4       0x2c /usr/lib/gcc/arm-none-eabi/10.3.1/../../../arm-none-eabi/lib/thumb/v6-m/nofp/libg.a(lib_a-strlen-stub.o)
 .ARM.attributes
                0x00000000000006e0       0x2c /usr/lib/gcc/arm-none-eabi/10.3.1/thumb/v6-m/nofp/crtend.o

.comment        0x0000000000000000       0x33
 .comment       0x0000000000000000       0x33 /usr/lib/gcc/arm-none-eabi/10.3.1/thumb/v6-m/nofp/crtbegin.o
                                         0x34 (size before relaxing)
 .comment       0x0000000000000033       0x34 CMakeFiles/PruebaUSB.dir/PruebaUSB.c.obj
 .comment       0x0000000000000033       0x34 CMakeFiles/PruebaUSB.dir/home/kevinperez/Downloads/pico/pico-sdk/src/rp2_common/hardware_gpio/gpio.c.obj
 .comment       0x0000000000000033       0x34 CMakeFiles/PruebaUSB.dir/home/kevinperez/Downloads/pico/pico-sdk/src/rp2_common/pico_platform_panic/panic.c.obj
 .comment       0x0000000000000033       0x34 CMakeFiles/PruebaUSB.dir/home/kevinperez/Downloads/pico/pico-sdk/src/common/hardware_claim/claim.c.obj
 .comment       0x0000000000000033       0x34 CMakeFiles/PruebaUSB.dir/home/kevinperez/Downloads/pico/pico-sdk/src/rp2_common/hardware_sync/sync.c.obj
 .comment       0x0000000000000033       0x34 CMakeFiles/PruebaUSB.dir/home/kevinperez/Downloads/pico/pico-sdk/src/rp2_common/hardware_sync_spin_lock/sync_spin_lock.c.obj
 .comment       0x0000000000000033       0x34 CMakeFiles/PruebaUSB.dir/home/kevinperez/Downloads/pico/pico-sdk/src/rp2_common/hardware_irq/irq.c.obj
 .comment       0x0000000000000033       0x34 CMakeFiles/PruebaUSB.dir/home/kevinperez/Downloads/pico/pico-sdk/src/common/pico_sync/lock_core.c.obj
 .comment       0x0000000000000033       0x34 CMakeFiles/PruebaUSB.dir/home/kevinperez/Downloads/pico/pico-sdk/src/common/pico_sync/mutex.c.obj
 .comment       0x0000000000000033       0x34 CMakeFiles/PruebaUSB.dir/home/kevinperez/Downloads/pico/pico-sdk/src/common/pico_time/time.c.obj
 .comment       0x0000000000000033       0x34 CMakeFiles/PruebaUSB.dir/home/kevinperez/Downloads/pico/pico-sdk/src/rp2_common/hardware_timer/timer.c.obj
 .comment       0x0000000000000033       0x34 CMakeFiles/PruebaUSB.dir/home/kevinperez/Downloads/pico/pico-sdk/src/rp2_common/hardware_uart/uart.c.obj
 .comment       0x0000000000000033       0x34 CMakeFiles/PruebaUSB.dir/home/kevinperez/Downloads/pico/pico-sdk/src/rp2_common/hardware_clocks/clocks.c.obj
 .comment       0x0000000000000033       0x34 CMakeFiles/PruebaUSB.dir/home/kevinperez/Downloads/pico/pico-sdk/src/rp2_common/hardware_pll/pll.c.obj
 .comment       0x0000000000000033       0x34 CMakeFiles/PruebaUSB.dir/home/kevinperez/Downloads/pico/pico-sdk/src/rp2_common/hardware_ticks/ticks.c.obj
 .comment       0x0000000000000033       0x34 CMakeFiles/PruebaUSB.dir/home/kevinperez/Downloads/pico/pico-sdk/src/rp2_common/hardware_xosc/xosc.c.obj
 .comment       0x0000000000000033       0x34 CMakeFiles/PruebaUSB.dir/home/kevinperez/Downloads/pico/pico-sdk/src/rp2_common/pico_runtime/runtime.c.obj
 .comment       0x0000000000000033       0x34 CMakeFiles/PruebaUSB.dir/home/kevinperez/Downloads/pico/pico-sdk/src/rp2_common/pico_runtime_init/runtime_init.c.obj
 .comment       0x0000000000000033       0x34 CMakeFiles/PruebaUSB.dir/home/kevinperez/Downloads/pico/pico-sdk/src/rp2_common/pico_runtime_init/runtime_init_clocks.c.obj
 .comment       0x0000000000000033       0x34 CMakeFiles/PruebaUSB.dir/home/kevinperez/Downloads/pico/pico-sdk/src/rp2_common/pico_bootrom/bootrom.c.obj
 .comment       0x0000000000000033       0x34 CMakeFiles/PruebaUSB.dir/home/kevinperez/Downloads/pico/pico-sdk/src/rp2_common/pico_double/double_init_rom_rp2040.c.obj
 .comment       0x0000000000000033       0x34 CMakeFiles/PruebaUSB.dir/home/kevinperez/Downloads/pico/pico-sdk/src/rp2_common/pico_float/float_init_rom_rp2040.c.obj
 .comment       0x0000000000000033       0x34 CMakeFiles/PruebaUSB.dir/home/kevinperez/Downloads/pico/pico-sdk/src/rp2_common/pico_standard_binary_info/standard_binary_info.c.obj
 .comment       0x0000000000000033       0x34 CMakeFiles/PruebaUSB.dir/home/kevinperez/Downloads/pico/pico-sdk/src/rp2_common/pico_printf/printf.c.obj
 .comment       0x0000000000000033       0x34 CMakeFiles/PruebaUSB.dir/home/kevinperez/Downloads/pico/pico-sdk/src/rp2_common/pico_clib_interface/newlib_interface.c.obj
 .comment       0x0000000000000033       0x34 CMakeFiles/PruebaUSB.dir/home/kevinperez/Downloads/pico/pico-sdk/src/rp2_common/pico_stdio/stdio.c.obj
 .comment       0x0000000000000033       0x34 CMakeFiles/PruebaUSB.dir/home/kevinperez/Downloads/pico/pico-sdk/src/rp2_common/pico_stdio_uart/stdio_uart.c.obj
 .comment       0x0000000000000033       0x34 CMakeFiles/PruebaUSB.dir/home/kevinperez/Downloads/pico/pico-sdk/src/rp2_common/hardware_adc/adc.c.obj
 .comment       0x0000000000000033       0x34 /usr/lib/gcc/arm-none-eabi/10.3.1/../../../arm-none-eabi/lib/thumb/v6-m/nofp/libg.a(lib_a-strlen-stub.o)
 .comment       0x0000000000000033       0x34 /usr/lib/gcc/arm-none-eabi/10.3.1/thumb/v6-m/nofp/crtend.o

.debug_info     0x0000000000000000    0x1d004
 .debug_info    0x0000000000000000      0x9ec CMakeFiles/PruebaUSB.dir/PruebaUSB.c.obj
 .debug_info    0x00000000000009ec     0x24d4 CMakeFiles/PruebaUSB.dir/home/kevinperez/Downloads/pico/pico-sdk/src/rp2_common/hardware_gpio/gpio.c.obj
 .debug_info    0x0000000000002ec0      0x19c CMakeFiles/PruebaUSB.dir/home/kevinperez/Downloads/pico/pico-sdk/src/rp2_common/pico_platform_panic/panic.c.obj
 .debug_info    0x000000000000305c      0xa39 CMakeFiles/PruebaUSB.dir/home/kevinperez/Downloads/pico/pico-sdk/src/common/hardware_claim/claim.c.obj
 .debug_info    0x0000000000003a95      0x3dd CMakeFiles/PruebaUSB.dir/home/kevinperez/Downloads/pico/pico-sdk/src/rp2_common/hardware_sync/sync.c.obj
 .debug_info    0x0000000000003e72      0x242 CMakeFiles/PruebaUSB.dir/home/kevinperez/Downloads/pico/pico-sdk/src/rp2_common/hardware_sync_spin_lock/sync_spin_lock.c.obj
 .debug_info    0x00000000000040b4     0x21fa CMakeFiles/PruebaUSB.dir/home/kevinperez/Downloads/pico/pico-sdk/src/rp2_common/hardware_irq/irq.c.obj
 .debug_info    0x00000000000062ae      0x154 CMakeFiles/PruebaUSB.dir/home/kevinperez/Downloads/pico/pico-sdk/src/common/pico_sync/lock_core.c.obj
 .debug_info    0x0000000000006402     0x2a97 CMakeFiles/PruebaUSB.dir/home/kevinperez/Downloads/pico/pico-sdk/src/common/pico_sync/mutex.c.obj
 .debug_info    0x0000000000008e99     0x4ac3 CMakeFiles/PruebaUSB.dir/home/kevinperez/Downloads/pico/pico-sdk/src/common/pico_time/time.c.obj
 .debug_info    0x000000000000d95c     0x2aa7 CMakeFiles/PruebaUSB.dir/home/kevinperez/Downloads/pico/pico-sdk/src/rp2_common/hardware_timer/timer.c.obj
 .debug_info    0x0000000000010403     0x19c5 CMakeFiles/PruebaUSB.dir/home/kevinperez/Downloads/pico/pico-sdk/src/rp2_common/hardware_uart/uart.c.obj
 .debug_info    0x0000000000011dc8     0x28de CMakeFiles/PruebaUSB.dir/home/kevinperez/Downloads/pico/pico-sdk/src/rp2_common/hardware_clocks/clocks.c.obj
 .debug_info    0x00000000000146a6      0x4f9 CMakeFiles/PruebaUSB.dir/home/kevinperez/Downloads/pico/pico-sdk/src/rp2_common/hardware_pll/pll.c.obj
 .debug_info    0x0000000000014b9f      0x242 CMakeFiles/PruebaUSB.dir/home/kevinperez/Downloads/pico/pico-sdk/src/rp2_common/hardware_ticks/ticks.c.obj
 .debug_info    0x0000000000014de1      0x1c5 CMakeFiles/PruebaUSB.dir/home/kevinperez/Downloads/pico/pico-sdk/src/rp2_common/hardware_xosc/xosc.c.obj
 .debug_info    0x0000000000014fa6      0x208 CMakeFiles/PruebaUSB.dir/home/kevinperez/Downloads/pico/pico-sdk/src/rp2_common/pico_runtime/runtime.c.obj
 .debug_info    0x00000000000151ae      0x7c4 CMakeFiles/PruebaUSB.dir/home/kevinperez/Downloads/pico/pico-sdk/src/rp2_common/pico_runtime_init/runtime_init.c.obj
 .debug_info    0x0000000000015972      0x701 CMakeFiles/PruebaUSB.dir/home/kevinperez/Downloads/pico/pico-sdk/src/rp2_common/pico_runtime_init/runtime_init_clocks.c.obj
 .debug_info    0x0000000000016073       0x22 CMakeFiles/PruebaUSB.dir/home/kevinperez/Downloads/pico/pico-sdk/src/rp2_common/pico_bit_ops/bit_ops_aeabi.S.obj
 .debug_info    0x0000000000016095      0x3c2 CMakeFiles/PruebaUSB.dir/home/kevinperez/Downloads/pico/pico-sdk/src/rp2_common/pico_bootrom/bootrom.c.obj
 .debug_info    0x0000000000016457       0x22 CMakeFiles/PruebaUSB.dir/home/kevinperez/Downloads/pico/pico-sdk/src/rp2_common/pico_divider/divider_hardware.S.obj
 .debug_info    0x0000000000016479       0x22 CMakeFiles/PruebaUSB.dir/home/kevinperez/Downloads/pico/pico-sdk/src/rp2_common/pico_double/double_aeabi_rp2040.S.obj
 .debug_info    0x000000000001649b      0x211 CMakeFiles/PruebaUSB.dir/home/kevinperez/Downloads/pico/pico-sdk/src/rp2_common/pico_double/double_init_rom_rp2040.c.obj
 .debug_info    0x00000000000166ac       0x22 CMakeFiles/PruebaUSB.dir/home/kevinperez/Downloads/pico/pico-sdk/src/rp2_common/pico_double/double_v1_rom_shim_rp2040.S.obj
 .debug_info    0x00000000000166ce       0x26 CMakeFiles/PruebaUSB.dir/home/kevinperez/Downloads/pico/pico-sdk/src/rp2_common/pico_int64_ops/pico_int64_ops_aeabi.S.obj
 .debug_info    0x00000000000166f4       0x22 CMakeFiles/PruebaUSB.dir/home/kevinperez/Downloads/pico/pico-sdk/src/rp2_common/pico_float/float_aeabi_rp2040.S.obj
 .debug_info    0x0000000000016716      0x21b CMakeFiles/PruebaUSB.dir/home/kevinperez/Downloads/pico/pico-sdk/src/rp2_common/pico_float/float_init_rom_rp2040.c.obj
 .debug_info    0x0000000000016931       0x22 CMakeFiles/PruebaUSB.dir/home/kevinperez/Downloads/pico/pico-sdk/src/rp2_common/pico_float/float_v1_rom_shim_rp2040.S.obj
 .debug_info    0x0000000000016953       0x22 CMakeFiles/PruebaUSB.dir/home/kevinperez/Downloads/pico/pico-sdk/src/rp2_common/pico_mem_ops/mem_ops_aeabi.S.obj
 .debug_info    0x0000000000016975      0x29a CMakeFiles/PruebaUSB.dir/home/kevinperez/Downloads/pico/pico-sdk/src/rp2_common/pico_standard_binary_info/standard_binary_info.c.obj
 .debug_info    0x0000000000016c0f     0x21b1 CMakeFiles/PruebaUSB.dir/home/kevinperez/Downloads/pico/pico-sdk/src/rp2_common/pico_printf/printf.c.obj
 .debug_info    0x0000000000018dc0       0x22 CMakeFiles/PruebaUSB.dir/home/kevinperez/Downloads/pico/pico-sdk/src/rp2_common/pico_crt0/crt0.S.obj
 .debug_info    0x0000000000018de2      0xb4e CMakeFiles/PruebaUSB.dir/home/kevinperez/Downloads/pico/pico-sdk/src/rp2_common/pico_clib_interface/newlib_interface.c.obj
 .debug_info    0x0000000000019930     0x1ccb CMakeFiles/PruebaUSB.dir/home/kevinperez/Downloads/pico/pico-sdk/src/rp2_common/pico_stdio/stdio.c.obj
 .debug_info    0x000000000001b5fb     0x14f8 CMakeFiles/PruebaUSB.dir/home/kevinperez/Downloads/pico/pico-sdk/src/rp2_common/pico_stdio_uart/stdio_uart.c.obj
 .debug_info    0x000000000001caf3      0x3fd CMakeFiles/PruebaUSB.dir/home/kevinperez/Downloads/pico/pico-sdk/src/rp2_common/hardware_adc/adc.c.obj
 .debug_info    0x000000000001cef0       0x26 /usr/lib/gcc/arm-none-eabi/10.3.1/thumb/v6-m/nofp/libgcc.a(_dvmd_tls.o)
 .debug_info    0x000000000001cf16       0xee /usr/lib/gcc/arm-none-eabi/10.3.1/../../../arm-none-eabi/lib/thumb/v6-m/nofp/libg.a(lib_a-strlen-stub.o)

.debug_abbrev   0x0000000000000000     0x4fb6
 .debug_abbrev  0x0000000000000000      0x31a CMakeFiles/PruebaUSB.dir/PruebaUSB.c.obj
 .debug_abbrev  0x000000000000031a      0x4b6 CMakeFiles/PruebaUSB.dir/home/kevinperez/Downloads/pico/pico-sdk/src/rp2_common/hardware_gpio/gpio.c.obj
 .debug_abbrev  0x00000000000007d0       0xf4 CMakeFiles/PruebaUSB.dir/home/kevinperez/Downloads/pico/pico-sdk/src/rp2_common/pico_platform_panic/panic.c.obj
 .debug_abbrev  0x00000000000008c4      0x2e6 CMakeFiles/PruebaUSB.dir/home/kevinperez/Downloads/pico/pico-sdk/src/common/hardware_claim/claim.c.obj
 .debug_abbrev  0x0000000000000baa      0x1de CMakeFiles/PruebaUSB.dir/home/kevinperez/Downloads/pico/pico-sdk/src/rp2_common/hardware_sync/sync.c.obj
 .debug_abbrev  0x0000000000000d88      0x1b2 CMakeFiles/PruebaUSB.dir/home/kevinperez/Downloads/pico/pico-sdk/src/rp2_common/hardware_sync_spin_lock/sync_spin_lock.c.obj
 .debug_abbrev  0x0000000000000f3a      0x588 CMakeFiles/PruebaUSB.dir/home/kevinperez/Downloads/pico/pico-sdk/src/rp2_common/hardware_irq/irq.c.obj
 .debug_abbrev  0x00000000000014c2       0xee CMakeFiles/PruebaUSB.dir/home/kevinperez/Downloads/pico/pico-sdk/src/common/pico_sync/lock_core.c.obj
 .debug_abbrev  0x00000000000015b0      0x413 CMakeFiles/PruebaUSB.dir/home/kevinperez/Downloads/pico/pico-sdk/src/common/pico_sync/mutex.c.obj
 .debug_abbrev  0x00000000000019c3      0x606 CMakeFiles/PruebaUSB.dir/home/kevinperez/Downloads/pico/pico-sdk/src/common/pico_time/time.c.obj
 .debug_abbrev  0x0000000000001fc9      0x4ae CMakeFiles/PruebaUSB.dir/home/kevinperez/Downloads/pico/pico-sdk/src/rp2_common/hardware_timer/timer.c.obj
 .debug_abbrev  0x0000000000002477      0x315 CMakeFiles/PruebaUSB.dir/home/kevinperez/Downloads/pico/pico-sdk/src/rp2_common/hardware_uart/uart.c.obj
 .debug_abbrev  0x000000000000278c      0x49f CMakeFiles/PruebaUSB.dir/home/kevinperez/Downloads/pico/pico-sdk/src/rp2_common/hardware_clocks/clocks.c.obj
 .debug_abbrev  0x0000000000002c2b      0x1c6 CMakeFiles/PruebaUSB.dir/home/kevinperez/Downloads/pico/pico-sdk/src/rp2_common/hardware_pll/pll.c.obj
 .debug_abbrev  0x0000000000002df1      0x141 CMakeFiles/PruebaUSB.dir/home/kevinperez/Downloads/pico/pico-sdk/src/rp2_common/hardware_ticks/ticks.c.obj
 .debug_abbrev  0x0000000000002f32      0x118 CMakeFiles/PruebaUSB.dir/home/kevinperez/Downloads/pico/pico-sdk/src/rp2_common/hardware_xosc/xosc.c.obj
 .debug_abbrev  0x000000000000304a      0x16c CMakeFiles/PruebaUSB.dir/home/kevinperez/Downloads/pico/pico-sdk/src/rp2_common/pico_runtime/runtime.c.obj
 .debug_abbrev  0x00000000000031b6      0x20c CMakeFiles/PruebaUSB.dir/home/kevinperez/Downloads/pico/pico-sdk/src/rp2_common/pico_runtime_init/runtime_init.c.obj
 .debug_abbrev  0x00000000000033c2      0x246 CMakeFiles/PruebaUSB.dir/home/kevinperez/Downloads/pico/pico-sdk/src/rp2_common/pico_runtime_init/runtime_init_clocks.c.obj
 .debug_abbrev  0x0000000000003608       0x12 CMakeFiles/PruebaUSB.dir/home/kevinperez/Downloads/pico/pico-sdk/src/rp2_common/pico_bit_ops/bit_ops_aeabi.S.obj
 .debug_abbrev  0x000000000000361a      0x1ba CMakeFiles/PruebaUSB.dir/home/kevinperez/Downloads/pico/pico-sdk/src/rp2_common/pico_bootrom/bootrom.c.obj
 .debug_abbrev  0x00000000000037d4       0x12 CMakeFiles/PruebaUSB.dir/home/kevinperez/Downloads/pico/pico-sdk/src/rp2_common/pico_divider/divider_hardware.S.obj
 .debug_abbrev  0x00000000000037e6       0x12 CMakeFiles/PruebaUSB.dir/home/kevinperez/Downloads/pico/pico-sdk/src/rp2_common/pico_double/double_aeabi_rp2040.S.obj
 .debug_abbrev  0x00000000000037f8      0x15c CMakeFiles/PruebaUSB.dir/home/kevinperez/Downloads/pico/pico-sdk/src/rp2_common/pico_double/double_init_rom_rp2040.c.obj
 .debug_abbrev  0x0000000000003954       0x12 CMakeFiles/PruebaUSB.dir/home/kevinperez/Downloads/pico/pico-sdk/src/rp2_common/pico_double/double_v1_rom_shim_rp2040.S.obj
 .debug_abbrev  0x0000000000003966       0x14 CMakeFiles/PruebaUSB.dir/home/kevinperez/Downloads/pico/pico-sdk/src/rp2_common/pico_int64_ops/pico_int64_ops_aeabi.S.obj
 .debug_abbrev  0x000000000000397a       0x12 CMakeFiles/PruebaUSB.dir/home/kevinperez/Downloads/pico/pico-sdk/src/rp2_common/pico_float/float_aeabi_rp2040.S.obj
 .debug_abbrev  0x000000000000398c      0x15c CMakeFiles/PruebaUSB.dir/home/kevinperez/Downloads/pico/pico-sdk/src/rp2_common/pico_float/float_init_rom_rp2040.c.obj
 .debug_abbrev  0x0000000000003ae8       0x12 CMakeFiles/PruebaUSB.dir/home/kevinperez/Downloads/pico/pico-sdk/src/rp2_common/pico_float/float_v1_rom_shim_rp2040.S.obj
 .debug_abbrev  0x0000000000003afa       0x12 CMakeFiles/PruebaUSB.dir/home/kevinperez/Downloads/pico/pico-sdk/src/rp2_common/pico_mem_ops/mem_ops_aeabi.S.obj
 .debug_abbrev  0x0000000000003b0c       0xad CMakeFiles/PruebaUSB.dir/home/kevinperez/Downloads/pico/pico-sdk/src/rp2_common/pico_standard_binary_info/standard_binary_info.c.obj
 .debug_abbrev  0x0000000000003bb9      0x517 CMakeFiles/PruebaUSB.dir/home/kevinperez/Downloads/pico/pico-sdk/src/rp2_common/pico_printf/printf.c.obj
 .debug_abbrev  0x00000000000040d0       0x12 CMakeFiles/PruebaUSB.dir/home/kevinperez/Downloads/pico/pico-sdk/src/rp2_common/pico_crt0/crt0.S.obj
 .debug_abbrev  0x00000000000040e2      0x315 CMakeFiles/PruebaUSB.dir/home/kevinperez/Downloads/pico/pico-sdk/src/rp2_common/pico_clib_interface/newlib_interface.c.obj
 .debug_abbrev  0x00000000000043f7      0x58d CMakeFiles/PruebaUSB.dir/home/kevinperez/Downloads/pico/pico-sdk/src/rp2_common/pico_stdio/stdio.c.obj
 .debug_abbrev  0x0000000000004984      0x455 CMakeFiles/PruebaUSB.dir/home/kevinperez/Downloads/pico/pico-sdk/src/rp2_common/pico_stdio_uart/stdio_uart.c.obj
 .debug_abbrev  0x0000000000004dd9      0x13a CMakeFiles/PruebaUSB.dir/home/kevinperez/Downloads/pico/pico-sdk/src/rp2_common/hardware_adc/adc.c.obj
 .debug_abbrev  0x0000000000004f13       0x14 /usr/lib/gcc/arm-none-eabi/10.3.1/thumb/v6-m/nofp/libgcc.a(_dvmd_tls.o)
 .debug_abbrev  0x0000000000004f27       0x8f /usr/lib/gcc/arm-none-eabi/10.3.1/../../../arm-none-eabi/lib/thumb/v6-m/nofp/libg.a(lib_a-strlen-stub.o)

.debug_loc      0x0000000000000000    0x18537
 .debug_loc     0x0000000000000000      0x2f5 CMakeFiles/PruebaUSB.dir/PruebaUSB.c.obj
 .debug_loc     0x00000000000002f5     0x2956 CMakeFiles/PruebaUSB.dir/home/kevinperez/Downloads/pico/pico-sdk/src/rp2_common/hardware_gpio/gpio.c.obj
 .debug_loc     0x0000000000002c4b      0x6c7 CMakeFiles/PruebaUSB.dir/home/kevinperez/Downloads/pico/pico-sdk/src/common/hardware_claim/claim.c.obj
 .debug_loc     0x0000000000003312      0x154 CMakeFiles/PruebaUSB.dir/home/kevinperez/Downloads/pico/pico-sdk/src/rp2_common/hardware_sync/sync.c.obj
 .debug_loc     0x0000000000003466       0xb5 CMakeFiles/PruebaUSB.dir/home/kevinperez/Downloads/pico/pico-sdk/src/rp2_common/hardware_sync_spin_lock/sync_spin_lock.c.obj
 .debug_loc     0x000000000000351b     0x1b3c CMakeFiles/PruebaUSB.dir/home/kevinperez/Downloads/pico/pico-sdk/src/rp2_common/hardware_irq/irq.c.obj
 .debug_loc     0x0000000000005057       0x4d CMakeFiles/PruebaUSB.dir/home/kevinperez/Downloads/pico/pico-sdk/src/common/pico_sync/lock_core.c.obj
 .debug_loc     0x00000000000050a4     0x1b8e CMakeFiles/PruebaUSB.dir/home/kevinperez/Downloads/pico/pico-sdk/src/common/pico_sync/mutex.c.obj
 .debug_loc     0x0000000000006c32     0x40c2 CMakeFiles/PruebaUSB.dir/home/kevinperez/Downloads/pico/pico-sdk/src/common/pico_time/time.c.obj
 .debug_loc     0x000000000000acf4     0x24fd CMakeFiles/PruebaUSB.dir/home/kevinperez/Downloads/pico/pico-sdk/src/rp2_common/hardware_timer/timer.c.obj
 .debug_loc     0x000000000000d1f1     0x1476 CMakeFiles/PruebaUSB.dir/home/kevinperez/Downloads/pico/pico-sdk/src/rp2_common/hardware_uart/uart.c.obj
 .debug_loc     0x000000000000e667     0x31ea CMakeFiles/PruebaUSB.dir/home/kevinperez/Downloads/pico/pico-sdk/src/rp2_common/hardware_clocks/clocks.c.obj
 .debug_loc     0x0000000000011851      0x28f CMakeFiles/PruebaUSB.dir/home/kevinperez/Downloads/pico/pico-sdk/src/rp2_common/hardware_pll/pll.c.obj
 .debug_loc     0x0000000000011ae0       0x57 CMakeFiles/PruebaUSB.dir/home/kevinperez/Downloads/pico/pico-sdk/src/rp2_common/hardware_ticks/ticks.c.obj
 .debug_loc     0x0000000000011b37       0x71 CMakeFiles/PruebaUSB.dir/home/kevinperez/Downloads/pico/pico-sdk/src/rp2_common/hardware_xosc/xosc.c.obj
 .debug_loc     0x0000000000011ba8       0xbc CMakeFiles/PruebaUSB.dir/home/kevinperez/Downloads/pico/pico-sdk/src/rp2_common/pico_runtime/runtime.c.obj
 .debug_loc     0x0000000000011c64      0x11c CMakeFiles/PruebaUSB.dir/home/kevinperez/Downloads/pico/pico-sdk/src/rp2_common/pico_runtime_init/runtime_init.c.obj
 .debug_loc     0x0000000000011d80       0xa7 CMakeFiles/PruebaUSB.dir/home/kevinperez/Downloads/pico/pico-sdk/src/rp2_common/pico_runtime_init/runtime_init_clocks.c.obj
 .debug_loc     0x0000000000011e27      0x388 CMakeFiles/PruebaUSB.dir/home/kevinperez/Downloads/pico/pico-sdk/src/rp2_common/pico_bootrom/bootrom.c.obj
 .debug_loc     0x00000000000121af       0x44 CMakeFiles/PruebaUSB.dir/home/kevinperez/Downloads/pico/pico-sdk/src/rp2_common/pico_double/double_init_rom_rp2040.c.obj
 .debug_loc     0x00000000000121f3       0x82 CMakeFiles/PruebaUSB.dir/home/kevinperez/Downloads/pico/pico-sdk/src/rp2_common/pico_float/float_init_rom_rp2040.c.obj
 .debug_loc     0x0000000000012275     0x3c08 CMakeFiles/PruebaUSB.dir/home/kevinperez/Downloads/pico/pico-sdk/src/rp2_common/pico_printf/printf.c.obj
 .debug_loc     0x0000000000015e7d      0x5b1 CMakeFiles/PruebaUSB.dir/home/kevinperez/Downloads/pico/pico-sdk/src/rp2_common/pico_clib_interface/newlib_interface.c.obj
 .debug_loc     0x000000000001642e     0x1565 CMakeFiles/PruebaUSB.dir/home/kevinperez/Downloads/pico/pico-sdk/src/rp2_common/pico_stdio/stdio.c.obj
 .debug_loc     0x0000000000017993      0xa24 CMakeFiles/PruebaUSB.dir/home/kevinperez/Downloads/pico/pico-sdk/src/rp2_common/pico_stdio_uart/stdio_uart.c.obj
 .debug_loc     0x00000000000183b7       0xf0 CMakeFiles/PruebaUSB.dir/home/kevinperez/Downloads/pico/pico-sdk/src/rp2_common/hardware_adc/adc.c.obj
 .debug_loc     0x00000000000184a7       0x90 /usr/lib/gcc/arm-none-eabi/10.3.1/../../../arm-none-eabi/lib/thumb/v6-m/nofp/libg.a(lib_a-strlen-stub.o)

.debug_aranges  0x0000000000000000      0xf68
 .debug_aranges
                0x0000000000000000       0x20 CMakeFiles/PruebaUSB.dir/PruebaUSB.c.obj
 .debug_aranges
                0x0000000000000020      0x120 CMakeFiles/PruebaUSB.dir/home/kevinperez/Downloads/pico/pico-sdk/src/rp2_common/hardware_gpio/gpio.c.obj
 .debug_aranges
                0x0000000000000140       0x28 CMakeFiles/PruebaUSB.dir/home/kevinperez/Downloads/pico/pico-sdk/src/rp2_common/pico_platform_panic/panic.c.obj
 .debug_aranges
                0x0000000000000168       0x48 CMakeFiles/PruebaUSB.dir/home/kevinperez/Downloads/pico/pico-sdk/src/common/hardware_claim/claim.c.obj
 .debug_aranges
                0x00000000000001b0       0x48 CMakeFiles/PruebaUSB.dir/home/kevinperez/Downloads/pico/pico-sdk/src/rp2_common/hardware_sync/sync.c.obj
 .debug_aranges
                0x00000000000001f8       0x28 CMakeFiles/PruebaUSB.dir/home/kevinperez/Downloads/pico/pico-sdk/src/rp2_common/hardware_sync_spin_lock/sync_spin_lock.c.obj
 .debug_aranges