Archive member included to satisfy reference by file (symbol)

/usr/lib/gcc/arm-none-eabi/10.3.1/thumb/v6-m/nofp/libgcc.a(_dvmd_tls.o)
                              CMakeFiles/PruebaUSB.dir/home/kejoperezde/Downloads/pico/pico-sdk/src/rp2_common/pico_divider/divider_hardware.S.obj (__aeabi_idiv0)
/usr/lib/gcc/arm-none-eabi/10.3.1/../../../arm-none-eabi/lib/thumb/v6-m/nofp/libg.a(lib_a-atexit.o)
                              /usr/lib/gcc/arm-none-eabi/10.3.1/../../../arm-none-eabi/lib/thumb/v6-m/nofp/crt0.o (atexit)
/usr/lib/gcc/arm-none-eabi/10.3.1/../../../arm-none-eabi/lib/thumb/v6-m/nofp/libg.a(lib_a-calloc.o)
                              CMakeFiles/PruebaUSB.dir/home/kejoperezde/Downloads/pico/pico-sdk/src/rp2_common/pico_malloc/malloc.c.obj (calloc)
/usr/lib/gcc/arm-none-eabi/10.3.1/../../../arm-none-eabi/lib/thumb/v6-m/nofp/libg.a(lib_a-callocr.o)
                              /usr/lib/gcc/arm-none-eabi/10.3.1/../../../arm-none-eabi/lib/thumb/v6-m/nofp/libg.a(lib_a-calloc.o) (_calloc_r)
/usr/lib/gcc/arm-none-eabi/10.3.1/../../../arm-none-eabi/lib/thumb/v6-m/nofp/libg.a(lib_a-ctype_.o)
                              CMakeFiles/PruebaUSB.dir/home/kejoperezde/Downloads/pico/pico-sdk/lib/tinyusb/src/tusb.c.obj (_ctype_)
/usr/lib/gcc/arm-none-eabi/10.3.1/../../../arm-none-eabi/lib/thumb/v6-m/nofp/libg.a(lib_a-fini.o)
                              /usr/lib/gcc/arm-none-eabi/10.3.1/../../../arm-none-eabi/lib/thumb/v6-m/nofp/crt0.o (__libc_fini_array)
/usr/lib/gcc/arm-none-eabi/10.3.1/../../../arm-none-eabi/lib/thumb/v6-m/nofp/libg.a(lib_a-impure.o)
                              /usr/lib/gcc/arm-none-eabi/10.3.1/../../../arm-none-eabi/lib/thumb/v6-m/nofp/libg.a(lib_a-calloc.o) (_impure_ptr)
/usr/lib/gcc/arm-none-eabi/10.3.1/../../../arm-none-eabi/lib/thumb/v6-m/nofp/libg.a(lib_a-init.o)
                              /usr/lib/gcc/arm-none-eabi/10.3.1/../../../arm-none-eabi/lib/thumb/v6-m/nofp/crt0.o (__libc_init_array)
/usr/lib/gcc/arm-none-eabi/10.3.1/../../../arm-none-eabi/lib/thumb/v6-m/nofp/libg.a(lib_a-lcltime_r.o)
                              CMakeFiles/PruebaUSB.dir/home/kejoperezde/Downloads/pico/pico-sdk/src/common/pico_util/datetime.c.obj (localtime_r)
/usr/lib/gcc/arm-none-eabi/10.3.1/../../../arm-none-eabi/lib/thumb/v6-m/nofp/libg.a(lib_a-malloc.o)
                              CMakeFiles/PruebaUSB.dir/home/kejoperezde/Downloads/pico/pico-sdk/src/rp2_common/pico_malloc/malloc.c.obj (malloc)
/usr/lib/gcc/arm-none-eabi/10.3.1/../../../arm-none-eabi/lib/thumb/v6-m/nofp/libg.a(lib_a-mallocr.o)
                              /usr/lib/gcc/arm-none-eabi/10.3.1/../../../arm-none-eabi/lib/thumb/v6-m/nofp/libg.a(lib_a-callocr.o) (_malloc_r)
/usr/lib/gcc/arm-none-eabi/10.3.1/../../../arm-none-eabi/lib/thumb/v6-m/nofp/libg.a(lib_a-memcmp.o)
                              CMakeFiles/PruebaUSB.dir/home/kejoperezde/Downloads/pico/pico-sdk/src/rp2_common/pico_atomic/atomic.c.obj (memcmp)
/usr/lib/gcc/arm-none-eabi/10.3.1/../../../arm-none-eabi/lib/thumb/v6-m/nofp/libg.a(lib_a-mktime.o)
                              CMakeFiles/PruebaUSB.dir/home/kejoperezde/Downloads/pico/pico-sdk/src/common/pico_util/datetime.c.obj (mktime)
/usr/lib/gcc/arm-none-eabi/10.3.1/../../../arm-none-eabi/lib/thumb/v6-m/nofp/libg.a(lib_a-mlock.o)
                              /usr/lib/gcc/arm-none-eabi/10.3.1/../../../arm-none-eabi/lib/thumb/v6-m/nofp/libg.a(lib_a-mallocr.o) (__malloc_lock)
/usr/lib/gcc/arm-none-eabi/10.3.1/../../../arm-none-eabi/lib/thumb/v6-m/nofp/libg.a(lib_a-month_lengths.o)
                              /usr/lib/gcc/arm-none-eabi/10.3.1/../../../arm-none-eabi/lib/thumb/v6-m/nofp/libg.a(lib_a-lcltime_r.o) (__month_lengths)
/usr/lib/gcc/arm-none-eabi/10.3.1/../../../arm-none-eabi/lib/thumb/v6-m/nofp/libg.a(lib_a-realloc.o)
                              CMakeFiles/PruebaUSB.dir/home/kejoperezde/Downloads/pico/pico-sdk/src/rp2_common/pico_malloc/malloc.c.obj (realloc)
/usr/lib/gcc/arm-none-eabi/10.3.1/../../../arm-none-eabi/lib/thumb/v6-m/nofp/libg.a(lib_a-reallocr.o)
                              /usr/lib/gcc/arm-none-eabi/10.3.1/../../../arm-none-eabi/lib/thumb/v6-m/nofp/libg.a(lib_a-realloc.o) (_realloc_r)
/usr/lib/gcc/arm-none-eabi/10.3.1/../../../arm-none-eabi/lib/thumb/v6-m/nofp/libg.a(lib_a-sbrkr.o)
                              /usr/lib/gcc/arm-none-eabi/10.3.1/../../../arm-none-eabi/lib/thumb/v6-m/nofp/libg.a(lib_a-mallocr.o) (_sbrk_r)
/usr/lib/gcc/arm-none-eabi/10.3.1/../../../arm-none-eabi/lib/thumb/v6-m/nofp/libg.a(lib_a-strlen-stub.o)
                              CMakeFiles/PruebaUSB.dir/home/kejoperezde/Downloads/pico/pico-sdk/src/rp2_common/pico_stdio/stdio.c.obj (strlen)
/usr/lib/gcc/arm-none-eabi/10.3.1/../../../arm-none-eabi/lib/thumb/v6-m/nofp/libg.a(lib_a-tzcalc_limits.o)
                              /usr/lib/gcc/arm-none-eabi/10.3.1/../../../arm-none-eabi/lib/thumb/v6-m/nofp/libg.a(lib_a-lcltime_r.o) (__tzcalc_limits)
[...]
Memory Configuration

Name             Origin             Length             Attributes
FLASH            0x0000000010000000 0x0000000000200000 xr
RAM              0x0000000020000000 0x0000000000040000 xrw
SCRATCH_X        0x0000000020040000 0x0000000000001000 xrw
SCRATCH_Y        0x0000000020041000 0x0000000000001000 xrw
*default*        0x0000000000000000 0xffffffffffffffff

Linker script and memory map

LOAD /usr/lib/gcc/arm-none-eabi/10.3.1/thumb/v6-m/nofp/crti.o
LOAD /usr/lib/gcc/arm-none-eabi/10.3.1/thumb/v6-m/nofp/crtbegin.o
LOAD /usr/lib/gcc/arm-none-eabi/10.3.1/../../../arm-none-eabi/lib/thumb/v6-m/nofp/crt0.o

.flash_begin    0x0000000010000000        0x0
                0x0000000010000000                __flash_binary_start = .

.boot2          0x0000000010000000      0x100
                0x0000000010000000                __boot2_start__ = .
 *(.boot2)
 .boot2         0x0000000010000000      0x100 /tmp/ccqn6F4a.o
                0x0000000010000100                __boot2_end__ = .
                0x0000000000000001                ASSERT (((__boot2_end__ - __boot2_start__) == 0x100), ERROR: Pico second stage bootloader must be 256 bytes in size)

.text           0x0000000010000100     0x376c
                0x0000000010000100                __logical_binary_start = .
 *(.vectors)
 .vectors       0x0000000010000100       0xd4 CMakeFiles/PruebaUSB.dir/home/kejoperezde/Downloads/pico/pico-sdk/src/rp2_common/pico_crt0/crt0.S.obj
                0x0000000010000100                __vectors
                0x0000000010000100                __VECTOR_TABLE
                0x00000000100001c0                isr_invalid
                0x00000000100001c0                __default_isrs_start
                0x00000000100001c2                isr_nmi
                0x00000000100001c4                isr_hardfault
                0x00000000100001c6                isr_svcall
                0x00000000100001c8                isr_pendsv
                0x00000000100001ca                isr_systick
                0x00000000100001cc                isr_irq30
                0x00000000100001cc                __unhandled_user_irq
                0x00000000100001cc                isr_irq13
                0x00000000100001cc                isr_irq27
                0x00000000100001cc                isr_irq31
                0x00000000100001cc                isr_irq5
                0x00000000100001cc                isr_irq11
                0x00000000100001cc                isr_irq23
                0x00000000100001cc                isr_irq18
                0x00000000100001cc                isr_irq28
                0x00000000100001cc                isr_irq19
                0x00000000100001cc                isr_irq0
                0x00000000100001cc                isr_irq6
                0x00000000100001cc                isr_irq22
                0x00000000100001cc                isr_irq17
                0x00000000100001cc                isr_irq14
                0x00000000100001cc                isr_irq2
                0x00000000100001cc                isr_irq10
                0x00000000100001cc                isr_irq8
                0x00000000100001cc                isr_irq24
                0x00000000100001cc                isr_irq1
                0x00000000100001cc                isr_irq7
                0x00000000100001cc                isr_irq21
                0x00000000100001cc                isr_irq20
                0x00000000100001cc                isr_irq15
                0x00000000100001cc                isr_irq25
                0x00000000100001cc                isr_irq4
                0x00000000100001cc                isr_irq16
                0x00000000100001cc                isr_irq29
                0x00000000100001cc                isr_irq26
                0x00000000100001cc                __default_isrs_end
                0x00000000100001cc                isr_irq3
                0x00000000100001cc                isr_irq12
                0x00000000100001cc                isr_irq9
                0x00000000100001d2                unhandled_user_irq_num_in_r0
 *(.binary_info_header)
 .binary_info_header
                0x00000000100001d4       0x14 CMakeFiles/PruebaUSB.dir/home/kejoperezde/Downloads/pico/pico-sdk/src/rp2_common/pico_crt0/crt0.S.obj
                0x00000000100001e8                __binary_info_header_end = .
 *(.embedded_block)
                0x00000000100001e8                __embedded_block_end = .
 *(.reset)
 .reset         0x00000000100001e8       0x9c CMakeFiles/PruebaUSB.dir/home/kejoperezde/Downloads/pico/pico-sdk/src/rp2_common/pico_crt0/crt0.S.obj
                0x00000000100001e8                _entry_point
 *(.init)
 .init          0x0000000010000284        0x4 /usr/lib/gcc/arm-none-eabi/10.3.1/thumb/v6-m/nofp/crti.o
                0x0000000010000284                _init
 *(EXCLUDE_FILE(*libm.a: *libc.a:*lib_a-mem*.o *libgcc.a:) .text*)
 .text          0x0000000010000288       0x98 /usr/lib/gcc/arm-none-eabi/10.3.1/thumb/v6-m/nofp/crtbegin.o
 .text.main     0x0000000010000320      0x128 CMakeFiles/PruebaUSB.dir/PruebaUSB.c.obj
                0x0000000010000320                main
 .text.gpio_set_function
                0x0000000010000448       0x34 CMakeFiles/PruebaUSB.dir/home/kejoperezde/Downloads/pico/pico-sdk/src/rp2_common/hardware_gpio/gpio.c.obj
                0x0000000010000448                gpio_set_function
 .text.panic    0x000000001000047c       0x30 CMakeFiles/PruebaUSB.dir/home/kejoperezde/Downloads/pico/pico-sdk/src/rp2_common/pico_platform_panic/panic.c.obj
                0x000000001000047c                panic
 .text.hw_claim_lock
                0x00000000100004ac       0x18 CMakeFiles/PruebaUSB.dir/home/kejoperezde/Downloads/pico/pico-sdk/src/common/hardware_claim/claim.c.obj
                0x00000000100004ac                hw_claim_lock
 .text.hw_claim_unlock
                0x00000000100004c4       0x14 CMakeFiles/PruebaUSB.dir/home/kejoperezde/Downloads/pico/pico-sdk/src/common/hardware_claim/claim.c.obj
                0x00000000100004c4                hw_claim_unlock
 .text.hw_claim_or_assert
                0x00000000100004d8       0x32 CMakeFiles/PruebaUSB.dir/home/kejoperezde/Downloads/pico/pico-sdk/src/common/hardware_claim/claim.c.obj
                0x00000000100004d8                hw_claim_or_assert
 *fill*         0x000000001000050a        0x2 
 .text.next_striped_spin_lock_num
                0x000000001000050c       0x1c CMakeFiles/PruebaUSB.dir/home/kejoperezde/Downloads/pico/pico-sdk/src/rp2_common/hardware_sync/sync.c.obj
                0x000000001000050c                next_striped_spin_lock_num
 .text.spin_locks_reset
                0x0000000010000528       0x20 CMakeFiles/PruebaUSB.dir/home/kejoperezde/Downloads/pico/pico-sdk/src/rp2_common/hardware_sync_spin_lock/sync_spin_lock.c.obj
                0x0000000010000528                spin_locks_reset
 .text.set_raw_irq_handler_and_unlock
                0x0000000010000548       0x28 CMakeFiles/PruebaUSB.dir/home/kejoperezde/Downloads/pico/pico-sdk/src/rp2_common/hardware_irq/irq.c.obj
 .text.nvic_ipr0
                0x0000000010000570        0x8 CMakeFiles/PruebaUSB.dir/home/kejoperezde/Downloads/pico/pico-sdk/src/rp2_common/hardware_irq/irq.c.obj
 .text.runtime_init_per_core_irq_priorities
                0x0000000010000578       0x1c CMakeFiles/PruebaUSB.dir/home/kejoperezde/Downloads/pico/pico-sdk/src/rp2_common/hardware_irq/irq.c.obj
                0x0000000010000578                runtime_init_per_core_irq_priorities
 .text.irq_set_mask_n_enabled
                0x0000000010000594       0x1c CMakeFiles/PruebaUSB.dir/home/kejoperezde/Downloads/pico/pico-sdk/src/rp2_common/hardware_irq/irq.c.obj
                0x0000000010000594                irq_set_mask_n_enabled
 .text.irq_set_enabled
                0x00000000100005b0       0x14 CMakeFiles/PruebaUSB.dir/home/kejoperezde/Downloads/pico/pico-sdk/src/rp2_common/hardware_irq/irq.c.obj
                0x00000000100005b0                irq_set_enabled
 .text.irq_get_vtable_handler
                0x00000000100005c4       0x10 CMakeFiles/PruebaUSB.dir/home/kejoperezde/Downloads/pico/pico-sdk/src/rp2_common/hardware_irq/irq.c.obj
                0x00000000100005c4                irq_get_vtable_handler
 .text.irq_set_exclusive_handler
                0x00000000100005d4       0x54 CMakeFiles/PruebaUSB.dir/home/kejoperezde/Downloads/pico/pico-sdk/src/rp2_common/hardware_irq/irq.c.obj
                0x00000000100005d4                irq_set_exclusive_handler
 .text.lock_init
                0x0000000010000628       0x10 CMakeFiles/PruebaUSB.dir/home/kejoperezde/Downloads/pico/pico-sdk/src/common/pico_sync/lock_core.c.obj
                0x0000000010000628                lock_init
 .text.mutex_init
                0x0000000010000638       0x1a CMakeFiles/PruebaUSB.dir/home/kejoperezde/Downloads/pico/pico-sdk/src/common/pico_sync/mutex.c.obj
                0x0000000010000638                mutex_init
 .text.recursive_mutex_init
                0x0000000010000652       0x1e CMakeFiles/PruebaUSB.dir/home/kejoperezde/Downloads/pico/pico-sdk/src/common/pico_sync/mutex.c.obj
                0x0000000010000652                recursive_mutex_init
 .text.runtime_init_mutex
                0x0000000010000670       0x4c CMakeFiles/PruebaUSB.dir/home/kejoperezde/Downloads/pico/pico-sdk/src/common/pico_sync/mutex.c.obj
                0x0000000010000670                runtime_init_mutex
 .text.make_alarm_id
                0x00000000100006bc        0x6 CMakeFiles/PruebaUSB.dir/home/kejoperezde/Downloads/pico/pico-sdk/src/common/pico_time/time.c.obj
 *fill*         0x00000000100006c2        0x2 
 .text.sleep_until_callback
                0x00000000100006c4       0x30 CMakeFiles/PruebaUSB.dir/home/kejoperezde/Downloads/pico/pico-sdk/src/common/pico_time/time.c.obj
 .text.alarm_pool_irq_handler
                0x00000000100006f4      0x2e4 CMakeFiles/PruebaUSB.dir/home/kejoperezde/Downloads/pico/pico-sdk/src/common/pico_time/time.c.obj
 .text.alarm_pool_post_alloc_init
                0x00000000100009d8       0x94 CMakeFiles/PruebaUSB.dir/home/kejoperezde/Downloads/pico/pico-sdk/src/common/pico_time/time.c.obj
 .text.alarm_pool_get_default
                0x0000000010000a6c       0x2c CMakeFiles/PruebaUSB.dir/home/kejoperezde/Downloads/pico/pico-sdk/src/common/pico_time/time.c.obj
                0x0000000010000a6c                alarm_pool_get_default
 .text.alarm_pool_add_alarm_at_force_in_context
                0x0000000010000a98       0xb0 CMakeFiles/PruebaUSB.dir/home/kejoperezde/Downloads/pico/pico-sdk/src/common/pico_time/time.c.obj
                0x0000000010000a98                alarm_pool_add_alarm_at_force_in_context
 .text.alarm_pool_add_alarm_at
                0x0000000010000b48       0x3c CMakeFiles/PruebaUSB.dir/home/kejoperezde/Downloads/pico/pico-sdk/src/common/pico_time/time.c.obj
                0x0000000010000b48                alarm_pool_add_alarm_at
 .text.alarm_pool_cancel_alarm
                0x0000000010000b84       0x78 CMakeFiles/PruebaUSB.dir/home/kejoperezde/Downloads/pico/pico-sdk/src/common/pico_time/time.c.obj
                0x0000000010000b84                alarm_pool_cancel_alarm
 .text.sleep_until
                0x0000000010000bfc       0xc8 CMakeFiles/PruebaUSB.dir/home/kejoperezde/Downloads/pico/pico-sdk/src/common/pico_time/time.c.obj
                0x0000000010000bfc                sleep_until
 .text.sleep_us
                0x0000000010000cc4       0x24 CMakeFiles/PruebaUSB.dir/home/kejoperezde/Downloads/pico/pico-sdk/src/common/pico_time/time.c.obj
                0x0000000010000cc4                sleep_us
 .text.sleep_ms
                0x0000000010000ce8       0x14 CMakeFiles/PruebaUSB.dir/home/kejoperezde/Downloads/pico/pico-sdk/src/common/pico_time/time.c.obj
                0x0000000010000ce8                sleep_ms
 .text.best_effort_wfe_or_timeout
                0x0000000010000cfc       0xd8 CMakeFiles/PruebaUSB.dir/home/kejoperezde/Downloads/pico/pico-sdk/src/common/pico_time/time.c.obj
                0x0000000010000cfc                best_effort_wfe_or_timeout
 .text.alarm_pool_get_default_timer
                0x0000000010000dd4        0x8 CMakeFiles/PruebaUSB.dir/home/kejoperezde/Downloads/pico/pico-sdk/src/common/pico_time/time.c.obj
                0x0000000010000dd4                alarm_pool_get_default_timer
 .text.runtime_init_default_alarm_pool
                0x0000000010000ddc       0x38 CMakeFiles/PruebaUSB.dir/home/kejoperezde/Downloads/pico/pico-sdk/src/common/pico_time/time.c.obj
                0x0000000010000ddc                runtime_init_default_alarm_pool
 .text.timer_hardware_alarm_claim
                0x0000000010000e14       0x14 CMakeFiles/PruebaUSB.dir/home/kejoperezde/Downloads/pico/pico-sdk/src/rp2_common/hardware_timer/timer.c.obj
                0x0000000010000e14                timer_hardware_alarm_claim
 .text.timer_time_us_64
                0x0000000010000e28       0x10 CMakeFiles/PruebaUSB.dir/home/kejoperezde/Downloads/pico/pico-sdk/src/rp2_common/hardware_timer/timer.c.obj
                0x0000000010000e28                timer_time_us_64
 .text.timer_busy_wait_until
                0x0000000010000e38       0x1a CMakeFiles/PruebaUSB.dir/home/kejoperezde/Downloads/pico/pico-sdk/src/rp2_common/hardware_timer/timer.c.obj
                0x0000000010000e38                timer_busy_wait_until
 .text.timer_busy_wait_us
                0x0000000010000e52       0x38 CMakeFiles/PruebaUSB.dir/home/kejoperezde/Downloads/pico/pico-sdk/src/rp2_common/hardware_timer/timer.c.obj
                0x0000000010000e52                timer_busy_wait_us
 *fill*         0x0000000010000e8a        0x2 
 .text.time_us_64
                0x0000000010000e8c       0x10 CMakeFiles/PruebaUSB.dir/home/kejoperezde/Downloads/pico/pico-sdk/src/rp2_common/hardware_timer/timer.c.obj
                0x0000000010000e8c                time_us_64
 .text.busy_wait_us
                0x0000000010000e9c       0x14 CMakeFiles/PruebaUSB.dir/home/kejoperezde/Downloads/pico/pico-sdk/src/rp2_common/hardware_timer/timer.c.obj
                0x0000000010000e9c                busy_wait_us
 .text.busy_wait_until
                0x0000000010000eb0       0x14 CMakeFiles/PruebaUSB.dir/home/kejoperezde/Downloads/pico/pico-sdk/src/rp2_common/hardware_timer/timer.c.obj
                0x0000000010000eb0                busy_wait_until
 .text.uart_disable_before_lcr_write
                0x0000000010000ec4       0x48 CMakeFiles/PruebaUSB.dir/home/kejoperezde/Downloads/pico/pico-sdk/src/rp2_common/hardware_uart/uart.c.obj
 .text.uart_write_lcr_bits_masked
                0x0000000010000f0c       0x20 CMakeFiles/PruebaUSB.dir/home/kejoperezde/Downloads/pico/pico-sdk/src/rp2_common/hardware_uart/uart.c.obj
 .text.uart_set_baudrate
                0x0000000010000f2c       0x5c CMakeFiles/PruebaUSB.dir/home/kejoperezde/Downloads/pico/pico-sdk/src/rp2_common/hardware_uart/uart.c.obj
                0x0000000010000f2c                uart_set_baudrate
 .text.uart_set_translate_crlf
                0x0000000010000f88       0x28 CMakeFiles/PruebaUSB.dir/home/kejoperezde/Downloads/pico/pico-sdk/src/rp2_common/hardware_uart/uart.c.obj
                0x0000000010000f88                uart_set_translate_crlf
 .text.uart_init
                0x0000000010000fb0       0x84 CMakeFiles/PruebaUSB.dir/home/kejoperezde/Downloads/pico/pico-sdk/src/rp2_common/hardware_uart/uart.c.obj
                0x0000000010000fb0                uart_init
 .text.clock_configure_internal
                0x0000000010001034       0xc4 CMakeFiles/PruebaUSB.dir/home/kejoperezde/Downloads/pico/pico-sdk/src/rp2_common/hardware_clocks/clocks.c.obj
 .text.clock_configure_int_divider
                0x00000000100010f8       0x28 CMakeFiles/PruebaUSB.dir/home/kejoperezde/Downloads/pico/pico-sdk/src/rp2_common/hardware_clocks/clocks.c.obj
                0x00000000100010f8                clock_configure_int_divider
 .text.clock_configure_undivided
                0x0000000010001120       0x12 CMakeFiles/PruebaUSB.dir/home/kejoperezde/Downloads/pico/pico-sdk/src/rp2_common/hardware_clocks/clocks.c.obj
                0x0000000010001120                clock_configure_undivided
 *fill*         0x0000000010001132        0x2 
 .text.clock_get_hz
                0x0000000010001134        0xc CMakeFiles/PruebaUSB.dir/home/kejoperezde/Downloads/pico/pico-sdk/src/rp2_common/hardware_clocks/clocks.c.obj
                0x0000000010001134                clock_get_hz
 .text.pll_init
                0x0000000010001140      0x120 CMakeFiles/PruebaUSB.dir/home/kejoperezde/Downloads/pico/pico-sdk/src/rp2_common/hardware_pll/pll.c.obj
                0x0000000010001140                pll_init
 .text.tick_start
                0x0000000010001260       0x10 CMakeFiles/PruebaUSB.dir/home/kejoperezde/Downloads/pico/pico-sdk/src/rp2_common/hardware_ticks/ticks.c.obj
                0x0000000010001260                tick_start
 .text.xosc_init
                0x0000000010001270       0x28 CMakeFiles/PruebaUSB.dir/home/kejoperezde/Downloads/pico/pico-sdk/src/rp2_common/hardware_xosc/xosc.c.obj
                0x0000000010001270                xosc_init
 .text.runtime_run_initializers_from
                0x0000000010001298       0x18 CMakeFiles/PruebaUSB.dir/home/kejoperezde/Downloads/pico/pico-sdk/src/rp2_common/pico_runtime/runtime.c.obj
 .text.first_per_core_initializer
                0x00000000100012b0        0x2 CMakeFiles/PruebaUSB.dir/home/kejoperezde/Downloads/pico/pico-sdk/src/rp2_common/pico_runtime/runtime.c.obj
 *fill*         0x00000000100012b2        0x2 
 .text.runtime_run_initializers
                0x00000000100012b4       0x10 CMakeFiles/PruebaUSB.dir/home/kejoperezde/Downloads/pico/pico-sdk/src/rp2_common/pico_runtime/runtime.c.obj
                0x00000000100012b4                runtime_run_initializers
 .text.runtime_init_early_resets
                0x00000000100012c4       0x2c CMakeFiles/PruebaUSB.dir/home/kejoperezde/Downloads/pico/pico-sdk/src/rp2_common/pico_runtime_init/runtime_init.c.obj
                0x00000000100012c4                runtime_init_early_resets
 .text.runtime_init_usb_power_down
                0x00000000100012f0       0x1c CMakeFiles/PruebaUSB.dir/home/kejoperezde/Downloads/pico/pico-sdk/src/rp2_common/pico_runtime_init/runtime_init.c.obj
                0x00000000100012f0                runtime_init_usb_power_down
 .text.runtime_init_post_clock_resets
                0x000000001000130c       0x20 CMakeFiles/PruebaUSB.dir/home/kejoperezde/Downloads/pico/pico-sdk/src/rp2_common/pico_runtime_init/runtime_init.c.obj
                0x000000001000130c                runtime_init_post_clock_resets
 .text.runtime_init_rp2040_gpio_ie_disable
                0x000000001000132c       0x14 CMakeFiles/PruebaUSB.dir/home/kejoperezde/Downloads/pico/pico-sdk/src/rp2_common/pico_runtime_init/runtime_init.c.obj
                0x000000001000132c                runtime_init_rp2040_gpio_ie_disable
 .text.runtime_init_spin_locks_reset
                0x0000000010001340        0x8 CMakeFiles/PruebaUSB.dir/home/kejoperezde/Downloads/pico/pico-sdk/src/rp2_common/pico_runtime_init/runtime_init.c.obj
                0x0000000010001340                runtime_init_spin_locks_reset
 .text.runtime_init_install_ram_vector_table
                0x0000000010001348       0x1c CMakeFiles/PruebaUSB.dir/home/kejoperezde/Downloads/pico/pico-sdk/src/rp2_common/pico_runtime_init/runtime_init.c.obj
                0x0000000010001348                runtime_init_install_ram_vector_table
 .text.start_all_ticks
                0x0000000010001364       0x28 CMakeFiles/PruebaUSB.dir/home/kejoperezde/Downloads/pico/pico-sdk/src/rp2_common/pico_runtime_init/runtime_init_clocks.c.obj
 .text.runtime_init_clocks
                0x000000001000138c       0xcc CMakeFiles/PruebaUSB.dir/home/kejoperezde/Downloads/pico/pico-sdk/src/rp2_common/pico_runtime_init/runtime_init_clocks.c.obj
                0x000000001000138c                runtime_init_clocks
 .text          0x0000000010001458       0x10 CMakeFiles/PruebaUSB.dir/home/kejoperezde/Downloads/pico/pico-sdk/src/rp2_common/pico_bit_ops/bit_ops_aeabi.S.obj
 .text.rom_func_lookup
                0x0000000010001468       0x10 CMakeFiles/PruebaUSB.dir/home/kejoperezde/Downloads/pico/pico-sdk/src/rp2_common/pico_bootrom/bootrom.c.obj
                0x0000000010001468                rom_func_lookup
 .text.rom_data_lookup
                0x0000000010001478       0x10 CMakeFiles/PruebaUSB.dir/home/kejoperezde/Downloads/pico/pico-sdk/src/rp2_common/pico_bootrom/bootrom.c.obj
                0x0000000010001478                rom_data_lookup
 .text.rom_funcs_lookup
                0x0000000010001488       0x36 CMakeFiles/PruebaUSB.dir/home/kejoperezde/Downloads/pico/pico-sdk/src/rp2_common/pico_bootrom/bootrom.c.obj
                0x0000000010001488                rom_funcs_lookup
 *fill*         0x00000000100014be        0x2 
 .text.__wrap___aeabi_idiv
                0x00000000100014c0       0x50 CMakeFiles/PruebaUSB.dir/home/kejoperezde/Downloads/pico/pico-sdk/src/rp2_common/pico_divider/divider_hardware.S.obj
                0x00000000100014c0                __wrap___aeabi_idivmod
                0x00000000100014c0                divmod_s32s32
                0x00000000100014c0                div_s32s32
                0x00000000100014c0                __wrap___aeabi_idiv
                0x00000000100014c8                divmod_s32s32_unsafe
                0x00000000100014f4                divmod_s32s32_savestate
 .text.__wrap___aeabi_uidiv
                0x0000000010001510       0x4c CMakeFiles/PruebaUSB.dir/home/kejoperezde/Downloads/pico/pico-sdk/src/rp2_common/pico_divider/divider_hardware.S.obj
                0x0000000010001510                __wrap___aeabi_uidiv
                0x0000000010001510                __wrap___aeabi_uidivmod
                0x0000000010001510                div_u32u32
                0x0000000010001510                divmod_u32u32
                0x0000000010001518                divmod_u32u32_unsafe
                0x0000000010001540                divmod_u32u32_savestate
 .text.__wrap___aeabi_ldiv
                0x000000001000155c      0x424 CMakeFiles/PruebaUSB.dir/home/kejoperezde/Downloads/pico/pico-sdk/src/rp2_common/pico_divider/divider_hardware.S.obj
                0x000000001000155c                div_s64s64
                0x000000001000155c                divmod_s64s64
                0x000000001000155c                __wrap___aeabi_ldivmod
                0x000000001000158c                div_u64u64
                0x000000001000158c                divmod_u64u64
                0x000000001000158c                __wrap___aeabi_uldivmod
                0x000000001000159c                divmod_u64u64_savestate
                0x00000000100015bc                divmod_s64s64_unsafe
                0x0000000010001644                divmod_u64u64_unsafe
 .text.__wrap___aeabi_darithmetic
                0x0000000010001980       0x80 CMakeFiles/PruebaUSB.dir/home/kejoperezde/Downloads/pico/pico-sdk/src/rp2_common/pico_double/double_aeabi_rp2040.S.obj
                0x0000000010001980                __wrap___aeabi_drsub
                0x0000000010001986                __wrap___aeabi_dsub
                0x0000000010001998                __wrap___aeabi_dadd
                0x00000000100019aa                __wrap___aeabi_ddiv
                0x00000000100019e6                __wrap___aeabi_dmul
 .text.__wrap___aeabi_cdcmple
                0x0000000010001a00       0x6c CMakeFiles/PruebaUSB.dir/home/kejoperezde/Downloads/pico/pico-sdk/src/rp2_common/pico_double/double_aeabi_rp2040.S.obj
                0x0000000010001a00                __wrap___aeabi_cdrcmple
                0x0000000010001a10                __wrap___aeabi_cdcmple
                0x0000000010001a10                __wrap___aeabi_cdcmpeq
 .text.__wrap___aeabi_dcmplt
                0x0000000010001a6c        0xc CMakeFiles/PruebaUSB.dir/home/kejoperezde/Downloads/pico/pico-sdk/src/rp2_common/pico_double/double_aeabi_rp2040.S.obj
                0x0000000010001a6c                __wrap___aeabi_dcmplt
 .text.__wrap___aeabi_dcmple
                0x0000000010001a78       0x10 CMakeFiles/PruebaUSB.dir/home/kejoperezde/Downloads/pico/pico-sdk/src/rp2_common/pico_double/double_aeabi_rp2040.S.obj
                0x0000000010001a78                __wrap___aeabi_dcmple
 .text.__wrap___aeabi_dcmpge
                0x0000000010001a88       0x10 CMakeFiles/PruebaUSB.dir/home/kejoperezde/Downloads/pico/pico-sdk/src/rp2_common/pico_double/double_aeabi_rp2040.S.obj
                0x0000000010001a88                __wrap___aeabi_dcmpge
 .text.__wrap___aeabi_dcmpgt
                0x0000000010001a98        0xa CMakeFiles/PruebaUSB.dir/home/kejoperezde/Downloads/pico/pico-sdk/src/rp2_common/pico_double/double_aeabi_rp2040.S.obj
                0x0000000010001a98                __wrap___aeabi_dcmpgt
 .text.__wrap___aeabi_dcmpun
                0x0000000010001aa2       0x18 CMakeFiles/PruebaUSB.dir/home/kejoperezde/Downloads/pico/pico-sdk/src/rp2_common/pico_double/double_aeabi_rp2040.S.obj
                0x0000000010001aa2                __wrap___aeabi_dcmpun
 *fill*         0x0000000010001aba        0x2 
 .text.__wrap___aeabi_i2d
                0x0000000010001abc       0x38 CMakeFiles/PruebaUSB.dir/home/kejoperezde/Downloads/pico/pico-sdk/src/rp2_common/pico_double/double_aeabi_rp2040.S.obj
                0x0000000010001abc                __wrap___aeabi_ui2d
                0x0000000010001ac4                __wrap___aeabi_i2d
 .text.__wrap___aeabi_d2iz
                0x0000000010001af4       0x48 CMakeFiles/PruebaUSB.dir/home/kejoperezde/Downloads/pico/pico-sdk/src/rp2_common/pico_double/double_aeabi_rp2040.S.obj
                0x0000000010001af4                __wrap___aeabi_d2iz
                0x0000000010001af4                double2int_z
 .text.__wrap___aeabi_d2uiz
                0x0000000010001b3c       0x18 CMakeFiles/PruebaUSB.dir/home/kejoperezde/Downloads/pico/pico-sdk/src/rp2_common/pico_double/double_aeabi_rp2040.S.obj
                0x0000000010001b3c                double2uint
                0x0000000010001b3c                __wrap___aeabi_d2uiz
 .text.__aeabi_double_init
                0x0000000010001b54       0xc8 CMakeFiles/PruebaUSB.dir/home/kejoperezde/Downloads/pico/pico-sdk/src/rp2_common/pico_double/double_init_rom_rp2040.c.obj
                0x0000000010001b54                __aeabi_double_init
 .text.double_table_shim_on_use_helper
                0x0000000010001c1c       0x34 CMakeFiles/PruebaUSB.dir/home/kejoperezde/Downloads/pico/pico-sdk/src/rp2_common/pico_double/double_v1_rom_shim_rp2040.S.obj
                0x0000000010001c1c                double_table_shim_on_use_helper
 .text.__wrap___aeabi_dsub
                0x0000000010001c50       0x10 CMakeFiles/PruebaUSB.dir/home/kejoperezde/Downloads/pico/pico-sdk/src/rp2_common/pico_double/double_v1_rom_shim_rp2040.S.obj
                0x0000000010001c50                drsub_shim
                0x0000000010001c56                dsub_shim
 .text.dadd_shim
                0x0000000010001c60      0x15c CMakeFiles/PruebaUSB.dir/home/kejoperezde/Downloads/pico/pico-sdk/src/rp2_common/pico_double/double_v1_rom_shim_rp2040.S.obj
                0x0000000010001c60                dadd_shim
 .text.dmul_shim
                0x0000000010001dbc      0x15c CMakeFiles/PruebaUSB.dir/home/kejoperezde/Downloads/pico/pico-sdk/src/rp2_common/pico_double/double_v1_rom_shim_rp2040.S.obj
                0x0000000010001dbc                dmul_shim
 .text.ddiv_shim
                0x0000000010001f18      0x1b0 CMakeFiles/PruebaUSB.dir/home/kejoperezde/Downloads/pico/pico-sdk/src/rp2_common/pico_double/double_v1_rom_shim_rp2040.S.obj
                0x0000000010001f18                ddiv_shim
 .text.double2uint_shim
                0x00000000100020c8        0xe CMakeFiles/PruebaUSB.dir/home/kejoperezde/Downloads/pico/pico-sdk/src/rp2_common/pico_double/double_v1_rom_shim_rp2040.S.obj
                0x00000000100020c8                double2uint_shim
                0x00000000100020ca                double2ufix_shim
 *fill*         0x00000000100020d6        0x2 
 .text.double2uint64_shim
                0x00000000100020d8       0x70 CMakeFiles/PruebaUSB.dir/home/kejoperezde/Downloads/pico/pico-sdk/src/rp2_common/pico_double/double_v1_rom_shim_rp2040.S.obj
                0x00000000100020d8                double2uint64_shim
                0x00000000100020da                double2ufix64_shim
                0x00000000100020fa                d2fix_a
 .text.dunpacks
                0x0000000010002148       0x3c CMakeFiles/PruebaUSB.dir/home/kejoperezde/Downloads/pico/pico-sdk/src/rp2_common/pico_double/double_v1_rom_shim_rp2040.S.obj
                0x0000000010002148                dunpacks
 .text.__aeabi_lmul
                0x0000000010002184       0x32 CMakeFiles/PruebaUSB.dir/home/kejoperezde/Downloads/pico/pico-sdk/src/rp2_common/pico_int64_ops/pico_int64_ops_aeabi.S.obj
                0x0000000010002184                __wrap___aeabi_lmul
 *fill*         0x00000000100021b6        0x2 
 .text.__aeabi_float_init
                0x00000000100021b8       0xfc CMakeFiles/PruebaUSB.dir/home/kejoperezde/Downloads/pico/pico-sdk/src/rp2_common/pico_float/float_init_rom_rp2040.c.obj
                0x00000000100021b8                __aeabi_float_init
 .text.float_table_shim_on_use_helper
                0x00000000100022b4       0x34 CMakeFiles/PruebaUSB.dir/home/kejoperezde/Downloads/pico/pico-sdk/src/rp2_common/pico_float/float_v1_rom_shim_rp2040.S.obj
                0x00000000100022b4                float_table_shim_on_use_helper
 .text          0x00000000100022e8       0x10 CMakeFiles/PruebaUSB.dir/home/kejoperezde/Downloads/pico/pico-sdk/src/rp2_common/pico_mem_ops/mem_ops_aeabi.S.obj
                0x00000000100022e8                __aeabi_mem_init
 .text.memset   0x00000000100022f8        0xc CMakeFiles/PruebaUSB.dir/home/kejoperezde/Downloads/pico/pico-sdk/src/rp2_common/pico_mem_ops/mem_ops_aeabi.S.obj
                0x00000000100022f8                __wrap_memset
 .text.memcpy   0x0000000010002304        0xc CMakeFiles/PruebaUSB.dir/home/kejoperezde/Downloads/pico/pico-sdk/src/rp2_common/pico_mem_ops/mem_ops_aeabi.S.obj
                0x0000000010002304                __wrap___aeabi_memcpy
                0x0000000010002304                __wrap_memcpy
 .text._out_null
                0x0000000010002310        0x2 CMakeFiles/PruebaUSB.dir/home/kejoperezde/Downloads/pico/pico-sdk/src/rp2_common/pico_printf/printf.c.obj
 .text._out_fct
                0x0000000010002312        0xe CMakeFiles/PruebaUSB.dir/home/kejoperezde/Downloads/pico/pico-sdk/src/rp2_common/pico_printf/printf.c.obj
 .text._atoi    0x0000000010002320       0x24 CMakeFiles/PruebaUSB.dir/home/kejoperezde/Downloads/pico/pico-sdk/src/rp2_common/pico_printf/printf.c.obj
 .text._out_rev
                0x0000000010002344       0xae CMakeFiles/PruebaUSB.dir/home/kejoperezde/Downloads/pico/pico-sdk/src/rp2_common/pico_printf/printf.c.obj
 .text._ntoa_format
                0x00000000100023f2      0x112 CMakeFiles/PruebaUSB.dir/home/kejoperezde/Downloads/pico/pico-sdk/src/rp2_common/pico_printf/printf.c.obj
 .text._ntoa_long
                0x0000000010002504       0xbc CMakeFiles/PruebaUSB.dir/home/kejoperezde/Downloads/pico/pico-sdk/src/rp2_common/pico_printf/printf.c.obj
 .text._ntoa_long_long
                0x00000000100025c0       0xe2 CMakeFiles/PruebaUSB.dir/home/kejoperezde/Downloads/pico/pico-sdk/src/rp2_common/pico_printf/printf.c.obj
 *fill*         0x00000000100026a2        0x2 
 .text._etoa    0x00000000100026a4      0x414 CMakeFiles/PruebaUSB.dir/home/kejoperezde/Downloads/pico/pico-sdk/src/rp2_common/pico_printf/printf.c.obj
 .text._ftoa    0x0000000010002ab8      0x354 CMakeFiles/PruebaUSB.dir/home/kejoperezde/Downloads/pico/pico-sdk/src/rp2_common/pico_printf/printf.c.obj
 .text._vsnprintf
                0x0000000010002e0c      0x624 CMakeFiles/PruebaUSB.dir/home/kejoperezde/Downloads/pico/pico-sdk/src/rp2_common/pico_printf/printf.c.obj
 .text.vfctprintf
                0x0000000010003430       0x20 CMakeFiles/PruebaUSB.dir/home/kejoperezde/Downloads/pico/pico-sdk/src/rp2_common/pico_printf/printf.c.obj
                0x0000000010003430                vfctprintf
 .text._exit    0x0000000010003450        0x4 CMakeFiles/PruebaUSB.dir/home/kejoperezde/Downloads/pico/pico-sdk/src/rp2_common/pico_clib_interface/newlib_interface.c.obj
                0x0000000010003450                _exit
 .text.exit     0x0000000010003454        0x6 CMakeFiles/PruebaUSB.dir/home/kejoperezde/Downloads/pico/pico-sdk/src/rp2_common/pico_clib_interface/newlib_interface.c.obj
                0x0000000010003454                exit
 *fill*         0x000000001000345a        0x2 
 .text.__assert_func
                0x000000001000345c       0x3c CMakeFiles/PruebaUSB.dir/home/kejoperezde/Downloads/pico/pico-sdk/src/rp2_common/pico_clib_interface/newlib_interface.c.obj
                0x000000001000345c                __assert_func
 .text.runtime_init
                0x0000000010003498       0x28 CMakeFiles/PruebaUSB.dir/home/kejoperezde/Downloads/pico/pico-sdk/src/rp2_common/pico_clib_interface/newlib_interface.c.obj
                0x0000000010003498                runtime_init
 .text.stdio_out_chars_no_crlf
                0x00000000100034c0        0xe CMakeFiles/PruebaUSB.dir/home/kejoperezde/Downloads/pico/pico-sdk/src/rp2_common/pico_stdio/stdio.c.obj
 *fill*         0x00000000100034ce        0x2 
 .text.stdio_out_chars_crlf
                0x00000000100034d0       0x80 CMakeFiles/PruebaUSB.dir/home/kejoperezde/Downloads/pico/pico-sdk/src/rp2_common/pico_stdio/stdio.c.obj
 .text.stdio_stack_buffer_flush
                0x0000000010003550       0x44 CMakeFiles/PruebaUSB.dir/home/kejoperezde/Downloads/pico/pico-sdk/src/rp2_common/pico_stdio/stdio.c.obj
 .text.stdio_buffered_printer
                0x0000000010003594       0x20 CMakeFiles/PruebaUSB.dir/home/kejoperezde/Downloads/pico/pico-sdk/src/rp2_common/pico_stdio/stdio.c.obj
 .text.stdout_serialize_begin
                0x00000000100035b4       0x30 CMakeFiles/PruebaUSB.dir/home/kejoperezde/Downloads/pico/pico-sdk/src/rp2_common/pico_stdio/stdio.c.obj
                0x00000000100035b4                stdout_serialize_begin
 .text.stdout_serialize_end
                0x00000000100035e4       0x10 CMakeFiles/PruebaUSB.dir/home/kejoperezde/Downloads/pico/pico-sdk/src/rp2_common/pico_stdio/stdio.c.obj
                0x00000000100035e4                stdout_serialize_end
 .text.stdio_put_string
                0x00000000100035f4       0x94 CMakeFiles/PruebaUSB.dir/home/kejoperezde/Downloads/pico/pico-sdk/src/rp2_common/pico_stdio/stdio.c.obj
                0x00000000100035f4                stdio_put_string
 .text.stdio_flush
                0x0000000010003688       0x20 CMakeFiles/PruebaUSB.dir/home/kejoperezde/Downloads/pico/pico-sdk/src/rp2_common/pico_stdio/stdio.c.obj
                0x0000000010003688                stdio_flush
 .text.__wrap_puts
                0x00000000100036a8       0x1e CMakeFiles/PruebaUSB.dir/home/kejoperezde/Downloads/pico/pico-sdk/src/rp2_common/pico_stdio/stdio.c.obj
                0x00000000100036a8                __wrap_puts
                0x00000000100036a8                stdio_puts
 *fill*         0x00000000100036c6        0x2 
 .text.__wrap_vprintf
                0x00000000100036c8       0x40 CMakeFiles/PruebaUSB.dir/home/kejoperezde/Downloads/pico/pico-sdk/src/rp2_common/pico_stdio/stdio.c.obj
                0x00000000100036c8                __wrap_vprintf
                0x00000000100036c8                stdio_vprintf
 .text.__wrap_printf
                0x0000000010003708       0x18 CMakeFiles/PruebaUSB.dir/home/kejoperezde/Downloads/pico/pico-sdk/src/rp2_common/pico_stdio/stdio.c.obj
                0x0000000010003708                stdio_printf
                0x0000000010003708                __wrap_printf
 .text._retrieve_unique_id_on_boot
                0x0000000010003720       0x10 CMakeFiles/PruebaUSB.dir/home/kejoperezde/Downloads/pico/pico-sdk/src/rp2_common/pico_unique_id/unique_id.c.obj
 .text.flash_get_unique_id
                0x0000000010003730       0x46 CMakeFiles/PruebaUSB.dir/home/kejoperezde/Downloads/pico/pico-sdk/src/rp2_common/hardware_flash/flash.c.obj
                0x0000000010003730                flash_get_unique_id
 *fill*         0x0000000010003776        0x2 
 .text          0x0000000010003778       0x5c /usr/lib/gcc/arm-none-eabi/10.3.1/../../../arm-none-eabi/lib/thumb/v6-m/nofp/libg.a(lib_a-strlen-stub.o)
                0x0000000010003778                strlen
 *(.fini)
 .fini          0x00000000100037d4        0x4 /usr/lib/gcc/arm-none-eabi/10.3.1/thumb/v6-m/nofp/crti.o
                0x00000000100037d4                _fini
 .fini.__stub   0x00000000100037d8       0x50 linker stubs
 *crtbegin.o(.ctors)
 *crtbegin?.o(.ctors)
 *(EXCLUDE_FILE(*crtend.o *crtend?.o) .ctors)
 *(SORT_BY_NAME(.ctors.*))
 *(.ctors)
 *crtbegin.o(.dtors)
 *crtbegin?.o(.dtors)
 *(EXCLUDE_FILE(*crtend.o *crtend?.o) .dtors)
 *(SORT_BY_NAME(.dtors.*))
 *(.dtors)
                0x0000000010003828                . = ALIGN (0x4)
                0x0000000010003828                PROVIDE (__preinit_array_start = .)
 *(SORT_BY_NAME(.preinit_array.*))
 .preinit_array.00100
                0x0000000010003828        0x4 CMakeFiles/PruebaUSB.dir/home/kejoperezde/Downloads/pico/pico-sdk/src/rp2_common/pico_runtime_init/runtime_init.c.obj
                0x0000000010003828                __pre_init_runtime_init_early_resets
 .preinit_array.00101
                0x000000001000382c        0x4 CMakeFiles/PruebaUSB.dir/home/kejoperezde/Downloads/pico/pico-sdk/src/rp2_common/pico_runtime_init/runtime_init.c.obj
                0x000000001000382c                __pre_init_runtime_init_usb_power_down
 .preinit_array.00275
                0x0000000010003830        0x4 CMakeFiles/PruebaUSB.dir/home/kejoperezde/Downloads/pico/pico-sdk/src/rp2_common/pico_bit_ops/bit_ops_aeabi.S.obj
 .preinit_array.00300
                0x0000000010003834        0x4 CMakeFiles/PruebaUSB.dir/home/kejoperezde/Downloads/pico/pico-sdk/src/rp2_common/pico_mem_ops/mem_ops_aeabi.S.obj
 .preinit_array.00350
                0x0000000010003838        0x4 CMakeFiles/PruebaUSB.dir/home/kejoperezde/Downloads/pico/pico-sdk/src/rp2_common/pico_double/double_aeabi_rp2040.S.obj
 .preinit_array.00350
                0x000000001000383c        0x4 CMakeFiles/PruebaUSB.dir/home/kejoperezde/Downloads/pico/pico-sdk/src/rp2_common/pico_float/float_aeabi_rp2040.S.obj
 .preinit_array.00500
                0x0000000010003840        0x4 CMakeFiles/PruebaUSB.dir/home/kejoperezde/Downloads/pico/pico-sdk/src/rp2_common/pico_runtime_init/runtime_init.c.obj
                0x0000000010003840                __pre_init_runtime_init_clocks
 .preinit_array.00600
                0x0000000010003844        0x4 CMakeFiles/PruebaUSB.dir/home/kejoperezde/Downloads/pico/pico-sdk/src/rp2_common/pico_runtime_init/runtime_init.c.obj
                0x0000000010003844                __pre_init_runtime_init_post_clock_resets
 .preinit_array.00700
                0x0000000010003848        0x4 CMakeFiles/PruebaUSB.dir/home/kejoperezde/Downloads/pico/pico-sdk/src/rp2_common/pico_runtime_init/runtime_init.c.obj
                0x0000000010003848                __pre_init_runtime_init_rp2040_gpio_ie_disable
 .preinit_array.01000
                0x000000001000384c        0x4 CMakeFiles/PruebaUSB.dir/home/kejoperezde/Downloads/pico/pico-sdk/src/rp2_common/pico_runtime_init/runtime_init.c.obj
                0x000000001000384c                __pre_init_runtime_init_spin_locks_reset
 .preinit_array.01100
                0x0000000010003850        0x4 CMakeFiles/PruebaUSB.dir/home/kejoperezde/Downloads/pico/pico-sdk/src/common/pico_sync/mutex.c.obj
                0x0000000010003850                __pre_init_runtime_init_mutex
 .preinit_array.10080
                0x0000000010003854        0x4 CMakeFiles/PruebaUSB.dir/home/kejoperezde/Downloads/pico/pico-sdk/src/rp2_common/pico_runtime_init/runtime_init.c.obj
                0x0000000010003854                __pre_init_runtime_init_install_ram_vector_table
 .preinit_array.11000
                0x0000000010003858        0x4 CMakeFiles/PruebaUSB.dir/home/kejoperezde/Downloads/pico/pico-sdk/src/common/pico_time/time.c.obj
                0x0000000010003858                __pre_init_runtime_init_default_alarm_pool
 .preinit_array.YYYYY
                0x000000001000385c        0x4 CMakeFiles/PruebaUSB.dir/home/kejoperezde/Downloads/pico/pico-sdk/src/rp2_common/pico_runtime/runtime.c.obj
                0x000000001000385c                __pre_init_first_per_core_initializer
 .preinit_array.ZZZZZ.01200
                0x0000000010003860        0x4 CMakeFiles/PruebaUSB.dir/home/kejoperezde/Downloads/pico/pico-sdk/src/rp2_common/hardware_irq/irq.c.obj
                0x0000000010003860                __pre_init_runtime_init_per_core_irq_priorities
 *(.preinit_array)
                0x0000000010003864                PROVIDE (__preinit_array_end = .)
                0x0000000010003864                . = ALIGN (0x4)
                0x0000000010003864                PROVIDE (__init_array_start = .)
 *(SORT_BY_NAME(.init_array.*))
 *(.init_array)
 .init_array    0x0000000010003864        0x4 /usr/lib/gcc/arm-none-eabi/10.3.1/thumb/v6-m/nofp/crtbegin.o
 .init_array    0x0000000010003868        0x4 CMakeFiles/PruebaUSB.dir/home/kejoperezde/Downloads/pico/pico-sdk/src/rp2_common/pico_unique_id/unique_id.c.obj
                0x000000001000386c                PROVIDE (__init_array_end = .)
                0x000000001000386c                . = ALIGN (0x4)
                0x000000001000386c                PROVIDE (__fini_array_start = .)
 *(SORT_BY_NAME(.fini_array.*))
 *(.fini_array)
                0x000000001000386c                PROVIDE (__fini_array_end = .)
 *(.eh_frame*)
 .eh_frame      0x000000001000386c        0x0 /usr/lib/gcc/arm-none-eabi/10.3.1/thumb/v6-m/nofp/crtbegin.o
                0x000000001000386c                . = ALIGN (0x4)

.glue_7         0x000000001000386c        0x0
 .glue_7        0x000000001000386c        0x0 linker stubs

.glue_7t        0x000000001000386c        0x0
 .glue_7t       0x000000001000386c        0x0 linker stubs

.vfp11_veneer   0x000000001000386c        0x0
 .vfp11_veneer  0x000000001000386c        0x0 linker stubs

.v4_bx          0x000000001000386c        0x0
 .v4_bx         0x000000001000386c        0x0 linker stubs

.iplt           0x000000001000386c        0x0
 .iplt          0x000000001000386c        0x0 /usr/lib/gcc/arm-none-eabi/10.3.1/thumb/v6-m/nofp/crtbegin.o

.rodata         0x0000000010003870      0xa74
 *(EXCLUDE_FILE(*libm.a: *libc.a:*lib_a-mem*.o *libgcc.a:) .rodata*)
 .rodata.main.str1.4
                0x0000000010003870        0xf CMakeFiles/PruebaUSB.dir/PruebaUSB.c.obj
 *fill*         0x000000001000387f        0x1 
 .rodata.panic.str1.4
                0x0000000010003880       0x12 CMakeFiles/PruebaUSB.dir/home/kejoperezde/Downloads/pico/pico-sdk/src/rp2_common/pico_platform_panic/panic.c.obj
 *fill*         0x0000000010003892        0x2 
 .rodata.make_j_16.str1.4
                0x0000000010003894       0x7c CMakeFiles/PruebaUSB.dir/home/kejoperezde/Downloads/pico/pico-sdk/src/rp2_common/hardware_irq/irq.c.obj
 .rodata.irq_set_exclusive_handler.str1.4
                0x0000000010003910       0x36 CMakeFiles/PruebaUSB.dir/home/kejoperezde/Downloads/pico/pico-sdk/src/rp2_common/hardware_irq/irq.c.obj
 *fill*         0x0000000010003946        0x2 
 .rodata.__func__.6
                0x0000000010003948       0x1a CMakeFiles/PruebaUSB.dir/home/kejoperezde/Downloads/pico/pico-sdk/src/rp2_common/hardware_irq/irq.c.obj
 *fill*         0x0000000010003962        0x2 
 .rodata.runtime_init_mutex.str1.4
                0x0000000010003964       0x67 CMakeFiles/PruebaUSB.dir/home/kejoperezde/Downloads/pico/pico-sdk/src/common/pico_sync/mutex.c.obj
 *fill*         0x00000000100039cb        0x1 
 .rodata.str1.4
                0x00000000100039cc       0x51 CMakeFiles/PruebaUSB.dir/home/kejoperezde/Downloads/pico/pico-sdk/src/common/pico_sync/mutex.c.obj
 *fill*         0x0000000010003a1d        0x3 
 .rodata.__func__.1
                0x0000000010003a20        0xb CMakeFiles/PruebaUSB.dir/home/kejoperezde/Downloads/pico/pico-sdk/src/common/pico_sync/mutex.c.obj
 *fill*         0x0000000010003a2b        0x1 
 .rodata.__func__.3
                0x0000000010003a2c       0x18 CMakeFiles/PruebaUSB.dir/home/kejoperezde/Downloads/pico/pico-sdk/src/common/pico_sync/mutex.c.obj
 .rodata.__func__.6
                0x0000000010003a44       0x13 CMakeFiles/PruebaUSB.dir/home/kejoperezde/Downloads/pico/pico-sdk/src/common/pico_sync/mutex.c.obj
 *fill*         0x0000000010003a57        0x1 
 .rodata.alarm_pool_irq_handler.str1.4
                0x0000000010003a58       0x72 CMakeFiles/PruebaUSB.dir/home/kejoperezde/Downloads/pico/pico-sdk/src/common/pico_time/time.c.obj
 *fill*         0x0000000010003aca        0x2 
 .rodata.alarm_pool_get_default.str1.4
                0x0000000010003acc       0x21 CMakeFiles/PruebaUSB.dir/home/kejoperezde/Downloads/pico/pico-sdk/src/common/pico_time/time.c.obj
 *fill*         0x0000000010003aed        0x3 
 .rodata.sleep_until.str1.4
                0x0000000010003af0       0x4d CMakeFiles/PruebaUSB.dir/home/kejoperezde/Downloads/pico/pico-sdk/src/common/pico_time/time.c.obj
 *fill*         0x0000000010003b3d        0x3 
 .rodata.__func__.1
                0x0000000010003b40       0x17 CMakeFiles/PruebaUSB.dir/home/kejoperezde/Downloads/pico/pico-sdk/src/common/pico_time/time.c.obj
 *fill*         0x0000000010003b57        0x1 
 .rodata.__func__.2
                0x0000000010003b58       0x17 CMakeFiles/PruebaUSB.dir/home/kejoperezde/Downloads/pico/pico-sdk/src/common/pico_time/time.c.obj
 *fill*         0x0000000010003b6f        0x1 
 .rodata.timer_hardware_alarm_claim.str1.4
                0x0000000010003b70       0x22 CMakeFiles/PruebaUSB.dir/home/kejoperezde/Downloads/pico/pico-sdk/src/rp2_common/hardware_timer/timer.c.obj
 *fill*         0x0000000010003b92        0x2 
 .rodata.pll_init.str1.4
                0x0000000010003b94      0x120 CMakeFiles/PruebaUSB.dir/home/kejoperezde/Downloads/pico/pico-sdk/src/rp2_common/hardware_pll/pll.c.obj
 .rodata.__func__.0
                0x0000000010003cb4        0x9 CMakeFiles/PruebaUSB.dir/home/kejoperezde/Downloads/pico/pico-sdk/src/rp2_common/hardware_pll/pll.c.obj
 *fill*         0x0000000010003cbd        0x3 
 .rodata.__aeabi_double_init.str1.4
                0x0000000010003cc0       0xa2 CMakeFiles/PruebaUSB.dir/home/kejoperezde/Downloads/pico/pico-sdk/src/rp2_common/pico_double/double_init_rom_rp2040.c.obj
 *fill*         0x0000000010003d62        0x2 
 .rodata.__func__.0
                0x0000000010003d64       0x14 CMakeFiles/PruebaUSB.dir/home/kejoperezde/Downloads/pico/pico-sdk/src/rp2_common/pico_double/double_init_rom_rp2040.c.obj
 .rodata.__aeabi_float_init.str1.4
                0x0000000010003d78       0x90 CMakeFiles/PruebaUSB.dir/home/kejoperezde/Downloads/pico/pico-sdk/src/rp2_common/pico_float/float_init_rom_rp2040.c.obj
                                         0x94 (size before relaxing)
 .rodata.__func__.0
                0x0000000010003e08       0x13 CMakeFiles/PruebaUSB.dir/home/kejoperezde/Downloads/pico/pico-sdk/src/rp2_common/pico_float/float_init_rom_rp2040.c.obj
 *fill*         0x0000000010003e1b        0x1 
 .rodata.str1.4
                0x0000000010003e1c       0x34 CMakeFiles/PruebaUSB.dir/home/kejoperezde/Downloads/pico/pico-sdk/src/rp2_common/pico_standard_binary_info/standard_binary_info.c.obj
 .rodata.__bi_26
                0x0000000010003e50        0xc CMakeFiles/PruebaUSB.dir/home/kejoperezde/Downloads/pico/pico-sdk/src/rp2_common/pico_standard_binary_info/standard_binary_info.c.obj
 .rodata.__bi_34
                0x0000000010003e5c        0xc CMakeFiles/PruebaUSB.dir/home/kejoperezde/Downloads/pico/pico-sdk/src/rp2_common/pico_standard_binary_info/standard_binary_info.c.obj
 .rodata.__bi_42
                0x0000000010003e68        0xc CMakeFiles/PruebaUSB.dir/home/kejoperezde/Downloads/pico/pico-sdk/src/rp2_common/pico_standard_binary_info/standard_binary_info.c.obj
 .rodata.__bi_48
                0x0000000010003e74        0xc CMakeFiles/PruebaUSB.dir/home/kejoperezde/Downloads/pico/pico-sdk/src/rp2_common/pico_standard_binary_info/standard_binary_info.c.obj
 .rodata.__bi_54
                0x0000000010003e80        0xc CMakeFiles/PruebaUSB.dir/home/kejoperezde/Downloads/pico/pico-sdk/src/rp2_common/pico_standard_binary_info/standard_binary_info.c.obj
 .rodata.__bi_60
                0x0000000010003e8c        0xc CMakeFiles/PruebaUSB.dir/home/kejoperezde/Downloads/pico/pico-sdk/src/rp2_common/pico_standard_binary_info/standard_binary_info.c.obj
 .rodata.__bi_84
                0x0000000010003e98        0xc CMakeFiles/PruebaUSB.dir/home/kejoperezde/Downloads/pico/pico-sdk/src/rp2_common/pico_standard_binary_info/standard_binary_info.c.obj
 .rodata._ftoa.str1.4
                0x0000000010003ea4       0x15 CMakeFiles/PruebaUSB.dir/home/kejoperezde/Downloads/pico/pico-sdk/src/rp2_common/pico_printf/printf.c.obj
 *fill*         0x0000000010003eb9        0x3 
 .rodata._vsnprintf
                0x0000000010003ebc      0x1e0 CMakeFiles/PruebaUSB.dir/home/kejoperezde/Downloads/pico/pico-sdk/src/rp2_common/pico_printf/printf.c.obj
 *fill*         0x000000001000409c        0x4 
 .rodata.pow10.0
                0x00000000100040a0       0x50 CMakeFiles/PruebaUSB.dir/home/kejoperezde/Downloads/pico/pico-sdk/src/rp2_common/pico_printf/printf.c.obj
 .rodata.__assert_func.str1.4
                0x00000000100040f0       0x3f CMakeFiles/PruebaUSB.dir/home/kejoperezde/Downloads/pico/pico-sdk/src/rp2_common/pico_clib_interface/newlib_interface.c.obj
                                         0x43 (size before relaxing)
 *fill*         0x000000001000412f        0x1 
 .rodata.crlf_str.0
                0x0000000010004130        0x2 CMakeFiles/PruebaUSB.dir/home/kejoperezde/Downloads/pico/pico-sdk/src/rp2_common/pico_stdio/stdio.c.obj
 *fill*         0x0000000010004132        0x2 
 .rodata.str1.4
                0x0000000010004134      0x19d CMakeFiles/PruebaUSB.dir/home/kejoperezde/Downloads/pico/pico-sdk/src/rp2_common/hardware_flash/flash.c.obj
 *fill*         0x00000000100042d1        0x3 
 .rodata.__func__.0
                0x00000000100042d4        0xd CMakeFiles/PruebaUSB.dir/home/kejoperezde/Downloads/pico/pico-sdk/src/rp2_common/hardware_flash/flash.c.obj
                0x00000000100042e4                . = ALIGN (0x4)
 *fill*         0x00000000100042e1        0x3 
 *(SORT_BY_ALIGNMENT(SORT_BY_NAME(.flashdata*)))
                0x00000000100042e4                . = ALIGN (0x4)

.ARM.extab
 *(.ARM.extab* .gnu.linkonce.armextab.*)
                0x00000000100042e4                __exidx_start = .

.ARM.exidx
 *(.ARM.exidx* .gnu.linkonce.armexidx.*)
                0x00000000100042e4                __exidx_end = .
                0x00000000100042e4                . = ALIGN (0x4)
                0x00000000100042e4                __binary_info_start = .

.binary_info    0x00000000100042e4       0x1c
 *(.binary_info.keep.*)
 .binary_info.keep.__bi_ptr26
                0x00000000100042e4        0x4 CMakeFiles/PruebaUSB.dir/home/kejoperezde/Downloads/pico/pico-sdk/src/rp2_common/pico_standard_binary_info/standard_binary_info.c.obj
 .binary_info.keep.__bi_ptr34
                0x00000000100042e8        0x4 CMakeFiles/PruebaUSB.dir/home/kejoperezde/Downloads/pico/pico-sdk/src/rp2_common/pico_standard_binary_info/standard_binary_info.c.obj
 .binary_info.keep.__bi_ptr42
                0x00000000100042ec        0x4 CMakeFiles/PruebaUSB.dir/home/kejoperezde/Downloads/pico/pico-sdk/src/rp2_common/pico_standard_binary_info/standard_binary_info.c.obj
 .binary_info.keep.__bi_ptr48
                0x00000000100042f0        0x4 CMakeFiles/PruebaUSB.dir/home/kejoperezde/Downloads/pico/pico-sdk/src/rp2_common/pico_standard_binary_info/standard_binary_info.c.obj
 .binary_info.keep.__bi_ptr54
                0x00000000100042f4        0x4 CMakeFiles/PruebaUSB.dir/home/kejoperezde/Downloads/pico/pico-sdk/src/rp2_common/pico_standard_binary_info/standard_binary_info.c.obj
 .binary_info.keep.__bi_ptr60
                0x00000000100042f8        0x4 CMakeFiles/PruebaUSB.dir/home/kejoperezde/Downloads/pico/pico-sdk/src/rp2_common/pico_standard_binary_info/standard_binary_info.c.obj
 .binary_info.keep.__bi_ptr84
                0x00000000100042fc        0x4 CMakeFiles/PruebaUSB.dir/home/kejoperezde/Downloads/pico/pico-sdk/src/rp2_common/pico_standard_binary_info/standard_binary_info.c.obj
 *(.binary_info.*)
                0x0000000010004300                __binary_info_end = .

.rel.dyn        0x0000000010004300        0x0
 .rel.iplt      0x0000000010004300        0x0 /usr/lib/gcc/arm-none-eabi/10.3.1/thumb/v6-m/nofp/crtbegin.o
                0x0000000010004300                . = ALIGN (0x4)

.ram_vector_table
                0x0000000020000000       0xc0
 *(.ram_vector_table)
 .ram_vector_table
                0x0000000020000000       0xc0 CMakeFiles/PruebaUSB.dir/home/kejoperezde/Downloads/pico/pico-sdk/src/rp2_common/pico_runtime_init/runtime_init.c.obj
                0x0000000020000000                ram_vector_table

.uninitialized_data
                0x00000000200000c0        0x0
                0x00000000200000c0                . = ALIGN (0x4)
 *(.uninitialized_data*)

.data           0x00000000200000c0      0x308 load address 0x0000000010004300
                0x00000000200000c0                __data_start__ = .
 *(vtable)
 *(.time_critical*)
 .time_critical.mutex_try_enter
                0x00000000200000c0       0x46 CMakeFiles/PruebaUSB.dir/home/kejoperezde/Downloads/pico/pico-sdk/src/common/pico_sync/mutex.c.obj
                0x00000000200000c0                mutex_try_enter
 *fill*         0x0000000020000106        0x2 
 .time_critical.mutex_enter_block_until
                0x0000000020000108       0x8c CMakeFiles/PruebaUSB.dir/home/kejoperezde/Downloads/pico/pico-sdk/src/common/pico_sync/mutex.c.obj
                0x0000000020000108                mutex_enter_block_until
 .time_critical.mutex_try_enter_block_until
                0x0000000020000194       0x34 CMakeFiles/PruebaUSB.dir/home/kejoperezde/Downloads/pico/pico-sdk/src/common/pico_sync/mutex.c.obj
                0x0000000020000194                mutex_try_enter_block_until
 .time_critical.mutex_exit
                0x00000000200001c8       0x4c CMakeFiles/PruebaUSB.dir/home/kejoperezde/Downloads/pico/pico-sdk/src/common/pico_sync/mutex.c.obj
                0x00000000200001c8                mutex_exit
 .time_critical.flash_init_boot2_copyout
                0x0000000020000214       0x30 CMakeFiles/PruebaUSB.dir/home/kejoperezde/Downloads/pico/pico-sdk/src/rp2_common/hardware_flash/flash.c.obj
 .time_critical.flash_enable_xip_via_boot2
                0x0000000020000244       0x10 CMakeFiles/PruebaUSB.dir/home/kejoperezde/Downloads/pico/pico-sdk/src/rp2_common/hardware_flash/flash.c.obj
 .time_critical.flash_cs_force
                0x0000000020000254       0x28 CMakeFiles/PruebaUSB.dir/home/kejoperezde/Downloads/pico/pico-sdk/src/rp2_common/hardware_flash/flash.c.obj
 .time_critical.flash_do_cmd
                0x000000002000027c       0xd8 CMakeFiles/PruebaUSB.dir/home/kejoperezde/Downloads/pico/pico-sdk/src/rp2_common/hardware_flash/flash.c.obj
                0x000000002000027c                flash_do_cmd
 *(.text*)
 .text          0x0000000020000354        0x4 /usr/lib/gcc/arm-none-eabi/10.3.1/thumb/v6-m/nofp/libgcc.a(_dvmd_tls.o)
                0x0000000020000354                __aeabi_ldiv0
                0x0000000020000354                __aeabi_idiv0
 .text.__stub   0x0000000020000358       0x20 linker stubs
                0x0000000020000378                . = ALIGN (0x4)
 *(.rodata*)
                0x0000000020000378                . = ALIGN (0x4)
 *(.data*)
 .data.striped_spin_lock_num
                0x0000000020000378        0x1 CMakeFiles/PruebaUSB.dir/home/kejoperezde/Downloads/pico/pico-sdk/src/rp2_common/hardware_sync/sync.c.obj
 *fill*         0x0000000020000379        0x3 
 .data.default_alarm_pool
                0x000000002000037c       0x18 CMakeFiles/PruebaUSB.dir/home/kejoperezde/Downloads/pico/pico-sdk/src/common/pico_time/time.c.obj
 *fill*         0x0000000020000394        0xc 
 .data.aeabi_bits_funcs
                0x00000000200003a0       0x10 CMakeFiles/PruebaUSB.dir/home/kejoperezde/Downloads/pico/pico-sdk/src/rp2_common/pico_bit_ops/bit_ops_aeabi.S.obj
                0x00000000200003a0                aeabi_bits_funcs
                0x00000000200003b0                aeabi_bits_funcs_end
 .data.aeabi_mem_funcs
                0x00000000200003b0       0x10 CMakeFiles/PruebaUSB.dir/home/kejoperezde/Downloads/pico/pico-sdk/src/rp2_common/pico_mem_ops/mem_ops_aeabi.S.obj
                0x00000000200003b0                aeabi_mem_funcs
                0x00000000200003c0                aeabi_mem_funcs_end
                0x00000000200003c0                . = ALIGN (0x4)
 *(.after_data.*)
                0x00000000200003c0                . = ALIGN (0x4)
                0x00000000200003c0                PROVIDE (__mutex_array_start = .)
 *(SORT_BY_NAME(.mutex_array.*))
 *(.mutex_array)
 .mutex_array   0x00000000200003c0        0x8 CMakeFiles/PruebaUSB.dir/home/kejoperezde/Downloads/pico/pico-sdk/src/rp2_common/pico_stdio/stdio.c.obj
                0x00000000200003c8                PROVIDE (__mutex_array_end = .)
                0x00000000200003c8                . = ALIGN (0x4)
 *(.jcr)
                0x00000000200003c8                . = ALIGN (0x4)

.tm_clone_table
                0x00000000200003c8        0x0 load address 0x0000000010004608
 .tm_clone_table
                0x00000000200003c8        0x0 /usr/lib/gcc/arm-none-eabi/10.3.1/thumb/v6-m/nofp/crtbegin.o
 .tm_clone_table
                0x00000000200003c8        0x0 /usr/lib/gcc/arm-none-eabi/10.3.1/thumb/v6-m/nofp/crtend.o

.igot.plt       0x00000000200003c8        0x0 load address 0x0000000010004608
 .igot.plt      0x00000000200003c8        0x0 /usr/lib/gcc/arm-none-eabi/10.3.1/thumb/v6-m/nofp/crtbegin.o

.tdata          0x00000000200003c8        0x0 load address 0x0000000010004608
                0x00000000200003c8                . = ALIGN (0x4)
 *(.tdata .tdata.* .gnu.linkonce.td.*)
                0x00000000200003c8                __tdata_end = .
                0x00000000200003c8                PROVIDE (__data_end__ = .)
                0x0000000010004300                __etext = LOADADDR (.data)

.tbss           0x00000000200003c8        0x0 load address 0x0000000010004608
                0x00000000200003c8                . = ALIGN (0x4)
                0x00000000200003c8                __bss_start__ = .
                0x00000000200003c8                __tls_base = .
 *(.tbss .tbss.* .gnu.linkonce.tb.*)
 *(.tcommon)
                0x00000000200003c8                __tls_end = .

.bss            0x00000000200003c8      0x4f8 load address 0x0000000010004608
                0x00000000200003c8                . = ALIGN (0x4)
                0x00000000200003c8                __tbss_end = .
 *(SORT_BY_ALIGNMENT(SORT_BY_NAME(.bss*)))
 .bss.default_alarm_pool_entries
                0x00000000200003c8      0x180 CMakeFiles/PruebaUSB.dir/home/kejoperezde/Downloads/pico/pico-sdk/src/common/pico_time/time.c.obj
 .bss           0x0000000020000548       0x1c /usr/lib/gcc/arm-none-eabi/10.3.1/thumb/v6-m/nofp/crtbegin.o
 .bss.boot2_copyout
                0x0000000020000564      0x100 CMakeFiles/PruebaUSB.dir/home/kejoperezde/Downloads/pico/pico-sdk/src/rp2_common/hardware_flash/flash.c.obj
 .bss.claimed   0x0000000020000664        0x1 CMakeFiles/PruebaUSB.dir/home/kejoperezde/Downloads/pico/pico-sdk/src/rp2_common/hardware_timer/timer.c.obj
 *fill*         0x0000000020000665        0x3 
 .bss.configured_freq
                0x0000000020000668       0x28 CMakeFiles/PruebaUSB.dir/home/kejoperezde/Downloads/pico/pico-sdk/src/rp2_common/hardware_clocks/clocks.c.obj
 .bss.drivers   0x0000000020000690        0x4 CMakeFiles/PruebaUSB.dir/home/kejoperezde/Downloads/pico/pico-sdk/src/rp2_common/pico_stdio/stdio.c.obj
 .bss.filter    0x0000000020000694        0x4 CMakeFiles/PruebaUSB.dir/home/kejoperezde/Downloads/pico/pico-sdk/src/rp2_common/pico_stdio/stdio.c.obj
 .bss.pools     0x0000000020000698       0x10 CMakeFiles/PruebaUSB.dir/home/kejoperezde/Downloads/pico/pico-sdk/src/common/pico_time/time.c.obj
 .bss.retrieved_id
                0x00000000200006a8        0x8 CMakeFiles/PruebaUSB.dir/home/kejoperezde/Downloads/pico/pico-sdk/src/rp2_common/pico_unique_id/unique_id.c.obj
 .bss.sd_table  0x00000000200006b0      0x100 CMakeFiles/PruebaUSB.dir/home/kejoperezde/Downloads/pico/pico-sdk/src/rp2_common/pico_double/double_init_rom_rp2040.c.obj
                0x00000000200006b0                sd_table
 .bss.sf_clz_func
                0x00000000200007b0        0x4 CMakeFiles/PruebaUSB.dir/home/kejoperezde/Downloads/pico/pico-sdk/src/rp2_common/pico_double/double_init_rom_rp2040.c.obj
                0x00000000200007b0                sf_clz_func
 .bss.sf_table  0x00000000200007b4      0x100 CMakeFiles/PruebaUSB.dir/home/kejoperezde/Downloads/pico/pico-sdk/src/rp2_common/pico_float/float_init_rom_rp2040.c.obj
                0x00000000200007b4                sf_table
 .bss.sleep_notifier
                0x00000000200008b4        0x4 CMakeFiles/PruebaUSB.dir/home/kejoperezde/Downloads/pico/pico-sdk/src/common/pico_time/time.c.obj
 .bss.uart_char_to_line_feed
                0x00000000200008b8        0x4 CMakeFiles/PruebaUSB.dir/home/kejoperezde/Downloads/pico/pico-sdk/src/rp2_common/hardware_uart/uart.c.obj
                0x00000000200008b8                uart_char_to_line_feed
 .bss.boot2_copyout_valid
                0x00000000200008bc        0x1 CMakeFiles/PruebaUSB.dir/home/kejoperezde/Downloads/pico/pico-sdk/src/rp2_common/hardware_flash/flash.c.obj
 *(COMMON)
                0x00000000200008c0                . = ALIGN (0x4)
 *fill*         0x00000000200008bd        0x3 
                0x00000000200008c0                __bss_end__ = .

.heap           0x00000000200008c0    0x3f740 load address 0x0000000010004608
                0x00000000200008c0                __end__ = .
                0x00000000200008c0                end = __end__
 *(.heap*)
 .heap          0x00000000200008c0      0x800 CMakeFiles/PruebaUSB.dir/home/kejoperezde/Downloads/pico/pico-sdk/src/rp2_common/pico_crt0/crt0.S.obj
                0x0000000020040000                . = (ORIGIN (RAM) + LENGTH (RAM))
 *fill*         0x00000000200010c0    0x3ef40 
                0x0000000020040000                __HeapLimit = .

.scratch_x      0x0000000020040000        0x0 load address 0x0000000010004608
                0x0000000020040000                __scratch_x_start__ = .
 *(.scratch_x.*)
                0x0000000020040000                . = ALIGN (0x4)
                0x0000000020040000                __scratch_x_end__ = .
                0x0000000010004608                __scratch_x_source__ = LOADADDR (.scratch_x)

.scratch_y      0x0000000020041000        0x0 load address 0x0000000010004608
                0x0000000020041000                __scratch_y_start__ = .
 *(.scratch_y.*)
                0x0000000020041000                . = ALIGN (0x4)
                0x0000000020041000                __scratch_y_end__ = .
                0x0000000010004608                __scratch_y_source__ = LOADADDR (.scratch_y)

.stack1_dummy   0x0000000020040000        0x0
 *(.stack1*)

.stack_dummy    0x0000000020041000      0x800
 *(.stack*)
 .stack         0x0000000020041000      0x800 CMakeFiles/PruebaUSB.dir/home/kejoperezde/Downloads/pico/pico-sdk/src/rp2_common/pico_crt0/crt0.S.obj

.flash_end      0x0000000010004608        0x0
 *(.embedded_end_block*)
                0x0000000010004608                PROVIDE (__flash_binary_end = .)
                0x0000000020040000                __StackLimit = (ORIGIN (RAM) + LENGTH (RAM))
                0x0000000020041000                __StackOneTop = (ORIGIN (SCRATCH_X) + LENGTH (SCRATCH_X))
                0x0000000020042000                __StackTop = (ORIGIN (SCRATCH_Y) + LENGTH (SCRATCH_Y))
                0x0000000020041000                __StackOneBottom = (__StackOneTop - SIZEOF (.stack1_dummy))
                0x0000000020041800                __StackBottom = (__StackTop - SIZEOF (.stack_dummy))
                0x0000000020042000                PROVIDE (__stack = __StackTop)
                [!provide]                        PROVIDE (__heap_start = __end__)
                [!provide]                        PROVIDE (__heap_end = __HeapLimit)
                [!provide]                        PROVIDE (__tls_align = MAX (ALIGNOF (.tdata), ALIGNOF (.tbss)))
                [!provide]                        PROVIDE (__tls_size_align = (((__tls_size + __tls_align) - 0x1) & ~ ((__tls_align - 0x1))))
                [!provide]                        PROVIDE (__arm32_tls_tcb_offset = MAX (0x8, __tls_align))
                [!provide]                        PROVIDE (_end = __end__)
                [!provide]                        PROVIDE (__llvm_libc_heap_limit = __HeapLimit)
                0x0000000000000001                ASSERT ((__StackLimit >= __HeapLimit), region RAM overflowed)
                0x0000000000000001                ASSERT (((__binary_info_header_end - __logical_binary_start) <= 0x100), Binary info must be in first 256 bytes of the binary)
LOAD CMakeFiles/PruebaUSB.dir/PruebaUSB.c.obj
LOAD CMakeFiles/PruebaUSB.dir/home/kejoperezde/Downloads/pico/pico-sdk/src/rp2_common/pico_stdlib/stdlib.c.obj
LOAD CMakeFiles/PruebaUSB.dir/home/kejoperezde/Downloads/pico/pico-sdk/src/rp2_common/hardware_gpio/gpio.c.obj
LOAD CMakeFiles/PruebaUSB.dir/home/kejoperezde/Downloads/pico/pico-sdk/src/rp2040/pico_platform/platform.c.obj
LOAD CMakeFiles/PruebaUSB.dir/home/kejoperezde/Downloads/pico/pico-sdk/src/rp2_common/pico_platform_panic/panic.c.obj
LOAD CMakeFiles/PruebaUSB.dir/home/kejoperezde/Downloads/pico/pico-sdk/src/common/hardware_claim/claim.c.obj
LOAD CMakeFiles/PruebaUSB.dir/home/kejoperezde/Downloads/pico/pico-sdk/src/rp2_common/hardware_sync/sync.c.obj
LOAD CMakeFiles/PruebaUSB.dir/home/kejoperezde/Downloads/pico/pico-sdk/src/rp2_common/hardware_sync_spin_lock/sync_spin_lock.c.obj
LOAD CMakeFiles/PruebaUSB.dir/home/kejoperezde/Downloads/pico/pico-sdk/src/rp2_common/hardware_irq/irq.c.obj
LOAD CMakeFiles/PruebaUSB.dir/home/kejoperezde/Downloads/pico/pico-sdk/src/rp2_common/hardware_irq/irq_handler_chain.S.obj
LOAD CMakeFiles/PruebaUSB.dir/home/kejoperezde/Downloads/pico/pico-sdk/src/common/pico_sync/sem.c.obj
LOAD CMakeFiles/PruebaUSB.dir/home/kejoperezde/Downloads/pico/pico-sdk/src/common/pico_sync/lock_core.c.obj
LOAD CMakeFiles/PruebaUSB.dir/home/kejoperezde/Downloads/pico/pico-sdk/src/common/pico_sync/mutex.c.obj
LOAD CMakeFiles/PruebaUSB.dir/home/kejoperezde/Downloads/pico/pico-sdk/src/common/pico_sync/critical_section.c.obj
LOAD CMakeFiles/PruebaUSB.dir/home/kejoperezde/Downloads/pico/pico-sdk/src/common/pico_time/time.c.obj
LOAD CMakeFiles/PruebaUSB.dir/home/kejoperezde/Downloads/pico/pico-sdk/src/common/pico_time/timeout_helper.c.obj
LOAD CMakeFiles/PruebaUSB.dir/home/kejoperezde/Downloads/pico/pico-sdk/src/rp2_common/hardware_timer/timer.c.obj
LOAD CMakeFiles/PruebaUSB.dir/home/kejoperezde/Downloads/pico/pico-sdk/src/common/pico_util/datetime.c.obj
LOAD CMakeFiles/PruebaUSB.dir/home/kejoperezde/Downloads/pico/pico-sdk/src/common/pico_util/pheap.c.obj
LOAD CMakeFiles/PruebaUSB.dir/home/kejoperezde/Downloads/pico/pico-sdk/src/common/pico_util/queue.c.obj
LOAD CMakeFiles/PruebaUSB.dir/home/kejoperezde/Downloads/pico/pico-sdk/src/rp2_common/hardware_uart/uart.c.obj
LOAD CMakeFiles/PruebaUSB.dir/home/kejoperezde/Downloads/pico/pico-sdk/src/rp2_common/hardware_clocks/clocks.c.obj
LOAD CMakeFiles/PruebaUSB.dir/home/kejoperezde/Downloads/pico/pico-sdk/src/rp2_common/hardware_pll/pll.c.obj
LOAD CMakeFiles/PruebaUSB.dir/home/kejoperezde/Downloads/pico/pico-sdk/src/rp2_common/hardware_vreg/vreg.c.obj
LOAD CMakeFiles/PruebaUSB.dir/home/kejoperezde/Downloads/pico/pico-sdk/src/rp2_common/hardware_watchdog/watchdog.c.obj
LOAD CMakeFiles/PruebaUSB.dir/home/kejoperezde/Downloads/pico/pico-sdk/src/rp2_common/hardware_ticks/ticks.c.obj
LOAD CMakeFiles/PruebaUSB.dir/home/kejoperezde/Downloads/pico/pico-sdk/src/rp2_common/hardware_xosc/xosc.c.obj
LOAD CMakeFiles/PruebaUSB.dir/home/kejoperezde/Downloads/pico/pico-sdk/src/rp2_common/hardware_divider/divider.S.obj
LOAD CMakeFiles/PruebaUSB.dir/home/kejoperezde/Downloads/pico/pico-sdk/src/rp2_common/pico_runtime/runtime.c.obj
LOAD CMakeFiles/PruebaUSB.dir/home/kejoperezde/Downloads/pico/pico-sdk/src/rp2_common/pico_runtime_init/runtime_init.c.obj
LOAD CMakeFiles/PruebaUSB.dir/home/kejoperezde/Downloads/pico/pico-sdk/src/rp2_common/pico_runtime_init/runtime_init_clocks.c.obj
LOAD CMakeFiles/PruebaUSB.dir/home/kejoperezde/Downloads/pico/pico-sdk/src/rp2_common/pico_runtime_init/runtime_init_stack_guard.c.obj
LOAD CMakeFiles/PruebaUSB.dir/home/kejoperezde/Downloads/pico/pico-sdk/src/rp2_common/pico_bit_ops/bit_ops_aeabi.S.obj
LOAD CMakeFiles/PruebaUSB.dir/home/kejoperezde/Downloads/pico/pico-sdk/src/rp2_common/pico_bootrom/bootrom.c.obj
LOAD CMakeFiles/PruebaUSB.dir/home/kejoperezde/Downloads/pico/pico-sdk/src/rp2_common/pico_bootrom/bootrom_lock.c.obj
LOAD CMakeFiles/PruebaUSB.dir/home/kejoperezde/Downloads/pico/pico-sdk/src/rp2_common/hardware_boot_lock/boot_lock.c.obj
LOAD CMakeFiles/PruebaUSB.dir/home/kejoperezde/Downloads/pico/pico-sdk/src/rp2_common/pico_divider/divider_hardware.S.obj
LOAD CMakeFiles/PruebaUSB.dir/home/kejoperezde/Downloads/pico/pico-sdk/src/rp2_common/pico_double/double_aeabi_rp2040.S.obj
LOAD CMakeFiles/PruebaUSB.dir/home/kejoperezde/Downloads/pico/pico-sdk/src/rp2_common/pico_double/double_init_rom_rp2040.c.obj
LOAD CMakeFiles/PruebaUSB.dir/home/kejoperezde/Downloads/pico/pico-sdk/src/rp2_common/pico_double/double_math.c.obj
LOAD CMakeFiles/PruebaUSB.dir/home/kejoperezde/Downloads/pico/pico-sdk/src/rp2_common/pico_double/double_v1_rom_shim_rp2040.S.obj
LOAD CMakeFiles/PruebaUSB.dir/home/kejoperezde/Downloads/pico/pico-sdk/src/rp2_common/pico_int64_ops/pico_int64_ops_aeabi.S.obj
LOAD CMakeFiles/PruebaUSB.dir/home/kejoperezde/Downloads/pico/pico-sdk/src/rp2_common/pico_float/float_aeabi_rp2040.S.obj
LOAD CMakeFiles/PruebaUSB.dir/home/kejoperezde/Downloads/pico/pico-sdk/src/rp2_common/pico_float/float_init_rom_rp2040.c.obj
LOAD CMakeFiles/PruebaUSB.dir/home/kejoperezde/Downloads/pico/pico-sdk/src/rp2_common/pico_float/float_math.c.obj
LOAD CMakeFiles/PruebaUSB.dir/home/kejoperezde/Downloads/pico/pico-sdk/src/rp2_common/pico_float/float_v1_rom_shim_rp2040.S.obj
LOAD CMakeFiles/PruebaUSB.dir/home/kejoperezde/Downloads/pico/pico-sdk/src/rp2_common/pico_malloc/malloc.c.obj
LOAD CMakeFiles/PruebaUSB.dir/home/kejoperezde/Downloads/pico/pico-sdk/src/rp2_common/pico_mem_ops/mem_ops_aeabi.S.obj
LOAD CMakeFiles/PruebaUSB.dir/home/kejoperezde/Downloads/pico/pico-sdk/src/rp2_common/pico_atomic/atomic.c.obj
LOAD CMakeFiles/PruebaUSB.dir/home/kejoperezde/Downloads/pico/pico-sdk/src/rp2_common/pico_cxx_options/new_delete.cpp.obj
LOAD CMakeFiles/PruebaUSB.dir/home/kejoperezde/Downloads/pico/pico-sdk/src/rp2_common/pico_standard_binary_info/standard_binary_info.c.obj
LOAD CMakeFiles/PruebaUSB.dir/home/kejoperezde/Downloads/pico/pico-sdk/src/rp2_common/pico_printf/printf.c.obj
LOAD CMakeFiles/PruebaUSB.dir/home/kejoperezde/Downloads/pico/pico-sdk/src/rp2_common/pico_crt0/crt0.S.obj
LOAD CMakeFiles/PruebaUSB.dir/home/kejoperezde/Downloads/pico/pico-sdk/src/rp2_common/pico_clib_interface/newlib_interface.c.obj
LOAD CMakeFiles/PruebaUSB.dir/home/kejoperezde/Downloads/pico/pico-sdk/src/rp2_common/pico_stdio/stdio.c.obj
LOAD CMakeFiles/PruebaUSB.dir/home/kejoperezde/Downloads/pico/pico-sdk/src/rp2_common/pico_stdio_usb/reset_interface.c.obj
LOAD CMakeFiles/PruebaUSB.dir/home/kejoperezde/Downloads/pico/pico-sdk/src/rp2_common/pico_stdio_usb/stdio_usb.c.obj
LOAD CMakeFiles/PruebaUSB.dir/home/kejoperezde/Downloads/pico/pico-sdk/src/rp2_common/pico_stdio_usb/stdio_usb_descriptors.c.obj
LOAD CMakeFiles/PruebaUSB.dir/home/kejoperezde/Downloads/pico/pico-sdk/src/rp2_common/pico_unique_id/unique_id.c.obj
LOAD CMakeFiles/PruebaUSB.dir/home/kejoperezde/Downloads/pico/pico-sdk/src/rp2_common/hardware_flash/flash.c.obj
LOAD CMakeFiles/PruebaUSB.dir/home/kejoperezde/Downloads/pico/pico-sdk/lib/tinyusb/src/portable/raspberrypi/rp2040/dcd_rp2040.c.obj
LOAD CMakeFiles/PruebaUSB.dir/home/kejoperezde/Downloads/pico/pico-sdk/lib/tinyusb/src/portable/raspberrypi/rp2040/rp2040_usb.c.obj
LOAD CMakeFiles/PruebaUSB.dir/home/kejoperezde/Downloads/pico/pico-sdk/lib/tinyusb/src/device/usbd.c.obj
LOAD CMakeFiles/PruebaUSB.dir/home/kejoperezde/Downloads/pico/pico-sdk/lib/tinyusb/src/device/usbd_control.c.obj
LOAD CMakeFiles/PruebaUSB.dir/home/kejoperezde/Downloads/pico/pico-sdk/lib/tinyusb/src/class/audio/audio_device.c.obj
LOAD CMakeFiles/PruebaUSB.dir/home/kejoperezde/Downloads/pico/pico-sdk/lib/tinyusb/src/class/cdc/cdc_device.c.obj
LOAD CMakeFiles/PruebaUSB.dir/home/kejoperezde/Downloads/pico/pico-sdk/lib/tinyusb/src/class/dfu/dfu_device.c.obj
LOAD CMakeFiles/PruebaUSB.dir/home/kejoperezde/Downloads/pico/pico-sdk/lib/tinyusb/src/class/dfu/dfu_rt_device.c.obj
LOAD CMakeFiles/PruebaUSB.dir/home/kejoperezde/Downloads/pico/pico-sdk/lib/tinyusb/src/class/hid/hid_device.c.obj
LOAD CMakeFiles/PruebaUSB.dir/home/kejoperezde/Downloads/pico/pico-sdk/lib/tinyusb/src/class/midi/midi_device.c.obj
LOAD CMakeFiles/PruebaUSB.dir/home/kejoperezde/Downloads/pico/pico-sdk/lib/tinyusb/src/class/msc/msc_device.c.obj
LOAD CMakeFiles/PruebaUSB.dir/home/kejoperezde/Downloads/pico/pico-sdk/lib/tinyusb/src/class/net/ecm_rndis_device.c.obj
LOAD CMakeFiles/PruebaUSB.dir/home/kejoperezde/Downloads/pico/pico-sdk/lib/tinyusb/src/class/net/ncm_device.c.obj
LOAD CMakeFiles/PruebaUSB.dir/home/kejoperezde/Downloads/pico/pico-sdk/lib/tinyusb/src/class/usbtmc/usbtmc_device.c.obj
LOAD CMakeFiles/PruebaUSB.dir/home/kejoperezde/Downloads/pico/pico-sdk/lib/tinyusb/src/class/vendor/vendor_device.c.obj
LOAD CMakeFiles/PruebaUSB.dir/home/kejoperezde/Downloads/pico/pico-sdk/lib/tinyusb/src/class/video/video_device.c.obj
LOAD CMakeFiles/PruebaUSB.dir/home/kejoperezde/Downloads/pico/pico-sdk/lib/tinyusb/src/tusb.c.obj
LOAD CMakeFiles/PruebaUSB.dir/home/kejoperezde/Downloads/pico/pico-sdk/lib/tinyusb/src/common/tusb_fifo.c.obj
LOAD CMakeFiles/PruebaUSB.dir/home/kejoperezde/Downloads/pico/pico-sdk/src/rp2_common/pico_fix/rp2040_usb_device_enumeration/rp2040_usb_device_enumeration.c.obj
LOAD /tmp/ccqn6F4a.o
LOAD /usr/lib/gcc/arm-none-eabi/10.3.1/../../../arm-none-eabi/lib/thumb/v6-m/nofp/libstdc++.a
LOAD /usr/lib/gcc/arm-none-eabi/10.3.1/../../../arm-none-eabi/lib/thumb/v6-m/nofp/libm.a
START GROUP
LOAD /usr/lib/gcc/arm-none-eabi/10.3.1/thumb/v6-m/nofp/libgcc.a
LOAD /usr/lib/gcc/arm-none-eabi/10.3.1/../../../arm-none-eabi/lib/thumb/v6-m/nofp/libg.a
LOAD /usr/lib/gcc/arm-none-eabi/10.3.1/../../../arm-none-eabi/lib/thumb/v6-m/nofp/libc.a
END GROUP
START GROUP
LOAD /usr/lib/gcc/arm-none-eabi/10.3.1/thumb/v6-m/nofp/libgcc.a
LOAD /usr/lib/gcc/arm-none-eabi/10.3.1/../../../arm-none-eabi/lib/thumb/v6-m/nofp/libc.a
LOAD /usr/lib/gcc/arm-none-eabi/10.3.1/../../../arm-none-eabi/lib/thumb/v6-m/nofp/libnosys.a
END GROUP
LOAD /usr/lib/gcc/arm-none-eabi/10.3.1/thumb/v6-m/nofp/crtend.o
LOAD /usr/lib/gcc/arm-none-eabi/10.3.1/thumb/v6-m/nofp/crtn.o
OUTPUT(PruebaUSB.elf elf32-littlearm)
LOAD linker stubs

.ARM.attributes
                0x0000000000000000       0x28
 .ARM.attributes
                0x0000000000000000       0x1e /usr/lib/gcc/arm-none-eabi/10.3.1/thumb/v6-m/nofp/crti.o
 .ARM.attributes
                0x000000000000001e       0x2c /usr/lib/gcc/arm-none-eabi/10.3.1/thumb/v6-m/nofp/crtbegin.o
 .ARM.attributes
                0x000000000000004a       0x2c CMakeFiles/PruebaUSB.dir/PruebaUSB.c.obj
 .ARM.attributes
                0x0000000000000076       0x2c CMakeFiles/PruebaUSB.dir/home/kejoperezde/Downloads/pico/pico-sdk/src/rp2_common/hardware_gpio/gpio.c.obj
 .ARM.attributes
                0x00000000000000a2       0x2c CMakeFiles/PruebaUSB.dir/home/kejoperezde/Downloads/pico/pico-sdk/src/rp2_common/pico_platform_panic/panic.c.obj
 .ARM.attributes
                0x00000000000000ce       0x2c CMakeFiles/PruebaUSB.dir/home/kejoperezde/Downloads/pico/pico-sdk/src/common/hardware_claim/claim.c.obj
 .ARM.attributes
                0x00000000000000fa       0x2c CMakeFiles/PruebaUSB.dir/home/kejoperezde/Downloads/pico/pico-sdk/src/rp2_common/hardware_sync/sync.c.obj
 .ARM.attributes
                0x0000000000000126       0x2c CMakeFiles/PruebaUSB.dir/home/kejoperezde/Downloads/pico/pico-sdk/src/rp2_common/hardware_sync_spin_lock/sync_spin_lock.c.obj
 .ARM.attributes
                0x0000000000000152       0x2c CMakeFiles/PruebaUSB.dir/home/kejoperezde/Downloads/pico/pico-sdk/src/rp2_common/hardware_irq/irq.c.obj
 .ARM.attributes
                0x000000000000017e       0x2c CMakeFiles/PruebaUSB.dir/home/kejoperezde/Downloads/pico/pico-sdk/src/common/pico_sync/lock_core.c.obj
 .ARM.attributes
                0x00000000000001aa       0x2c CMakeFiles/PruebaUSB.dir/home/kejoperezde/Downloads/pico/pico-sdk/src/common/pico_sync/mutex.c.obj
 .ARM.attributes
                0x00000000000001d6       0x2c CMakeFiles/PruebaUSB.dir/home/kejoperezde/Downloads/pico/pico-sdk/src/common/pico_time/time.c.obj
 .ARM.attributes
                0x0000000000000202       0x2c CMakeFiles/PruebaUSB.dir/home/kejoperezde/Downloads/pico/pico-sdk/src/rp2_common/hardware_timer/timer.c.obj
 .ARM.attributes
                0x000000000000022e       0x2c CMakeFiles/PruebaUSB.dir/home/kejoperezde/Downloads/pico/pico-sdk/src/rp2_common/hardware_uart/uart.c.obj
 .ARM.attributes
                0x000000000000025a       0x2c CMakeFiles/PruebaUSB.dir/home/kejoperezde/Downloads/pico/pico-sdk/src/rp2_common/hardware_clocks/clocks.c.obj
 .ARM.attributes
                0x0000000000000286       0x2c CMakeFiles/PruebaUSB.dir/home/kejoperezde/Downloads/pico/pico-sdk/src/rp2_common/hardware_pll/pll.c.obj
 .ARM.attributes
                0x00000000000002b2       0x2c CMakeFiles/PruebaUSB.dir/home/kejoperezde/Downloads/pico/pico-sdk/src/rp2_common/hardware_ticks/ticks.c.obj
 .ARM.attributes
                0x00000000000002de       0x2c CMakeFiles/PruebaUSB.dir/home/kejoperezde/Downloads/pico/pico-sdk/src/rp2_common/hardware_xosc/xosc.c.obj
 .ARM.attributes
                0x000000000000030a       0x2c CMakeFiles/PruebaUSB.dir/home/kejoperezde/Downloads/pico/pico-sdk/src/rp2_common/pico_runtime/runtime.c.obj
 .ARM.attributes
                0x0000000000000336       0x2c CMakeFiles/PruebaUSB.dir/home/kejoperezde/Downloads/pico/pico-sdk/src/rp2_common/pico_runtime_init/runtime_init.c.obj
 .ARM.attributes
                0x0000000000000362       0x2c CMakeFiles/PruebaUSB.dir/home/kejoperezde/Downloads/pico/pico-sdk/src/rp2_common/pico_runtime_init/runtime_init_clocks.c.obj
 .ARM.attributes
                0x000000000000038e       0x22 CMakeFiles/PruebaUSB.dir/home/kejoperezde/Downloads/pico/pico-sdk/src/rp2_common/pico_bit_ops/bit_ops_aeabi.S.obj
 .ARM.attributes
                0x00000000000003b0       0x2c CMakeFiles/PruebaUSB.dir/home/kejoperezde/Downloads/pico/pico-sdk/src/rp2_common/pico_bootrom/bootrom.c.obj
 .ARM.attributes
                0x00000000000003dc       0x22 CMakeFiles/PruebaUSB.dir/home/kejoperezde/Downloads/pico/pico-sdk/src/rp2_common/pico_divider/divider_hardware.S.obj
 .ARM.attributes
                0x00000000000003fe       0x22 CMakeFiles/PruebaUSB.dir/home/kejoperezde/Downloads/pico/pico-sdk/src/rp2_common/pico_double/double_aeabi_rp2040.S.obj
 .ARM.attributes
                0x0000000000000420       0x2c CMakeFiles/PruebaUSB.dir/home/kejoperezde/Downloads/pico/pico-sdk/src/rp2_common/pico_double/double_init_rom_rp2040.c.obj
 .ARM.attributes
                0x000000000000044c       0x22 CMakeFiles/PruebaUSB.dir/home/kejoperezde/Downloads/pico/pico-sdk/src/rp2_common/pico_double/double_v1_rom_shim_rp2040.S.obj
 .ARM.attributes
                0x000000000000046e       0x22 CMakeFiles/PruebaUSB.dir/home/kejoperezde/Downloads/pico/pico-sdk/src/rp2_common/pico_int64_ops/pico_int64_ops_aeabi.S.obj
 .ARM.attributes
                0x0000000000000490       0x22 CMakeFiles/PruebaUSB.dir/home/kejoperezde/Downloads/pico/pico-sdk/src/rp2_common/pico_float/float_aeabi_rp2040.S.obj
 .ARM.attributes
                0x00000000000004b2       0x2c CMakeFiles/PruebaUSB.dir/home/kejoperezde/Downloads/pico/pico-sdk/src/rp2_common/pico_float/float_init_rom_rp2040.c.obj
 .ARM.attributes
                0x00000000000004de       0x22 CMakeFiles/PruebaUSB.dir/home/kejoperezde/Downloads/pico/pico-sdk/src/rp2_common/pico_float/float_v1_rom_shim_rp2040.S.obj
 .ARM.attributes
                0x0000000000000500       0x22 CMakeFiles/PruebaUSB.dir/home/kejoperezde/Downloads/pico/pico-sdk/src/rp2_common/pico_mem_ops/mem_ops_aeabi.S.obj
 .ARM.attributes
                0x0000000000000522       0x32 CMakeFiles/PruebaUSB.dir/home/kejoperezde/Downloads/pico/pico-sdk/src/rp2_common/pico_standard_binary_info/standard_binary_info.c.obj
 .ARM.attributes
                0x0000000000000554       0x2c CMakeFiles/PruebaUSB.dir/home/kejoperezde/Downloads/pico/pico-sdk/src/rp2_common/pico_printf/printf.c.obj
 .ARM.attributes
                0x0000000000000580       0x22 CMakeFiles/PruebaUSB.dir/home/kejoperezde/Downloads/pico/pico-sdk/src/rp2_common/pico_crt0/crt0.S.obj
 .ARM.attributes
                0x00000000000005a2       0x2c CMakeFiles/PruebaUSB.dir/home/kejoperezde/Downloads/pico/pico-sdk/src/rp2_common/pico_clib_interface/newlib_interface.c.obj
 .ARM.attributes
                0x00000000000005ce       0x2c CMakeFiles/PruebaUSB.dir/home/kejoperezde/Downloads/pico/pico-sdk/src/rp2_common/pico_stdio/stdio.c.obj
 .ARM.attributes
                0x00000000000005fa       0x2c CMakeFiles/PruebaUSB.dir/home/kejoperezde/Downloads/pico/pico-sdk/src/rp2_common/pico_unique_id/unique_id.c.obj
 .ARM.attributes
                0x0000000000000626       0x2c CMakeFiles/PruebaUSB.dir/home/kejoperezde/Downloads/pico/pico-sdk/src/rp2_common/hardware_flash/flash.c.obj
 .ARM.attributes
                0x0000000000000652       0x22 /tmp/ccqn6F4a.o
 .ARM.attributes
                0x0000000000000674       0x1e /usr/lib/gcc/arm-none-eabi/10.3.1/thumb/v6-m/nofp/libgcc.a(_dvmd_tls.o)
 .ARM.attributes
                0x0000000000000692       0x2c /usr/lib/gcc/arm-none-eabi/10.3.1/../../../arm-none-eabi/lib/thumb/v6-m/nofp/libg.a(lib_a-strlen-stub.o)
 .ARM.attributes
                0x00000000000006be       0x2c /usr/lib/gcc/arm-none-eabi/10.3.1/thumb/v6-m/nofp/crtend.o

.comment        0x0000000000000000       0x33
 .comment       0x0000000000000000       0x33 /usr/lib/gcc/arm-none-eabi/10.3.1/thumb/v6-m/nofp/crtbegin.o
                                         0x34 (size before relaxing)
 .comment       0x0000000000000033       0x34 CMakeFiles/PruebaUSB.dir/PruebaUSB.c.obj
 .comment       0x0000000000000033       0x34 CMakeFiles/PruebaUSB.dir/home/kejoperezde/Downloads/pico/pico-sdk/src/rp2_common/hardware_gpio/gpio.c.obj
 .comment       0x0000000000000033       0x34 CMakeFiles/PruebaUSB.dir/home/kejoperezde/Downloads/pico/pico-sdk/src/rp2_common/pico_platform_panic/panic.c.obj
 .comment       0x0000000000000033       0x34 CMakeFiles/PruebaUSB.dir/home/kejoperezde/Downloads/pico/pico-sdk/src/common/hardware_claim/claim.c.obj
 .comment       0x0000000000000033       0x34 CMakeFiles/PruebaUSB.dir/home/kejoperezde/Downloads/pico/pico-sdk/src/rp2_common/hardware_sync/sync.c.obj
 .comment       0x0000000000000033       0x34 CMakeFiles/PruebaUSB.dir/home/kejoperezde/Downloads/pico/pico-sdk/src/rp2_common/hardware_sync_spin_lock/sync_spin_lock.c.obj
 .comment       0x0000000000000033       0x34 CMakeFiles/PruebaUSB.dir/home/kejoperezde/Downloads/pico/pico-sdk/src/rp2_common/hardware_irq/irq.c.obj
 .comment       0x0000000000000033       0x34 CMakeFiles/PruebaUSB.dir/home/kejoperezde/Downloads/pico/pico-sdk/src/common/pico_sync/lock_core.c.obj
 .comment       0x0000000000000033       0x34 CMakeFiles/PruebaUSB.dir/home/kejoperezde/Downloads/pico/pico-sdk/src/common/pico_sync/mutex.c.obj
 .comment       0x0000000000000033       0x34 CMakeFiles/PruebaUSB.dir/home/kejoperezde/Downloads/pico/pico-sdk/src/common/pico_time/time.c.obj
 .comment       0x0000000000000033       0x34 CMakeFiles/PruebaUSB.dir/home/kejoperezde/Downloads/pico/pico-sdk/src/rp2_common/hardware_timer/timer.c.obj
 .comment       0x0000000000000033       0x34 CMakeFiles/PruebaUSB.dir/home/kejoperezde/Downloads/pico/pico-sdk/src/rp2_common/hardware_uart/uart.c.obj
 .comment       0x0000000000000033       0x34 CMakeFiles/PruebaUSB.dir/home/kejoperezde/Downloads/pico/pico-sdk/src/rp2_common/hardware_clocks/clocks.c.obj
 .comment       0x0000000000000033       0x34 CMakeFiles/PruebaUSB.dir/home/kejoperezde/Downloads/pico/pico-sdk/src/rp2_common/hardware_pll/pll.c.obj
 .comment       0x0000000000000033       0x34 CMakeFiles/PruebaUSB.dir/home/kejoperezde/Downloads/pico/pico-sdk/src/rp2_common/hardware_ticks/ticks.c.obj
 .comment       0x0000000000000033       0x34 CMakeFiles/PruebaUSB.dir/home/kejoperezde/Downloads/pico/pico-sdk/src/rp2_common/hardware_xosc/xosc.c.obj
 .comment       0x0000000000000033       0x34 CMakeFiles/PruebaUSB.dir/home/kejoperezde/Downloads/pico/pico-sdk/src/rp2_common/pico_runtime/runtime.c.obj
 .comment       0x0000000000000033       0x34 CMakeFiles/PruebaUSB.dir/home/kejoperezde/Downloads/pico/pico-sdk/src/rp2_common/pico_runtime_init/runtime_init.c.obj
 .comment       0x0000000000000033       0x34 CMakeFiles/PruebaUSB.dir/home/kejoperezde/Downloads/pico/pico-sdk/src/rp2_common/pico_runtime_init/runtime_init_clocks.c.obj
 .comment       0x0000000000000033       0x34 CMakeFiles/PruebaUSB.dir/home/kejoperezde/Downloads/pico/pico-sdk/src/rp2_common/pico_bootrom/bootrom.c.obj
 .comment       0x0000000000000033       0x34 CMakeFiles/PruebaUSB.dir/home/kejoperezde/Downloads/pico/pico-sdk/src/rp2_common/pico_double/double_init_rom_rp2040.c.obj
 .comment       0x0000000000000033       0x34 CMakeFiles/PruebaUSB.dir/home/kejoperezde/Downloads/pico/pico-sdk/src/rp2_common/pico_float/float_init_rom_rp2040.c.obj
 .comment       0x0000000000000033       0x34 CMakeFiles/PruebaUSB.dir/home/kejoperezde/Downloads/pico/pico-sdk/src/rp2_common/pico_standard_binary_info/standard_binary_info.c.obj
 .comment       0x0000000000000033       0x34 CMakeFiles/PruebaUSB.dir/home/kejoperezde/Downloads/pico/pico-sdk/src/rp2_common/pico_printf/printf.c.obj
 .comment       0x0000000000000033       0x34 CMakeFiles/PruebaUSB.dir/home/kejoperezde/Downloads/pico/pico-sdk/src/rp2_common/pico_clib_interface/newlib_interface.c.obj
 .comment       0x0000000000000033       0x34 CMakeFiles/PruebaUSB.dir/home/kejoperezde/Downloads/pico/pico-sdk/src/rp2_common/pico_stdio/stdio.c.obj
 .comment       0x0000000000000033       0x34 CMakeFiles/PruebaUSB.dir/home/kejoperezde/Downloads/pico/pico-sdk/src/rp2_common/pico_unique_id/unique_id.c.obj
 .comment       0x0000000000000033       0x34 CMakeFiles/PruebaUSB.dir/home/kejoperezde/Downloads/pico/pico-sdk/src/rp2_common/hardware_flash/flash.c.obj
 .comment       0x0000000000000033       0x34 /usr/lib/gcc/arm-none-eabi/10.3.1/../../../arm-none-eabi/lib/thumb/v6-m/nofp/libg.a(lib_a-strlen-stub.o)
 .comment       0x0000000000000033       0x34 /usr/lib/gcc/arm-none-eabi/10.3.1/thumb/v6-m/nofp/crtend.o

.debug_info     0x0000000000000000    0x15eb8
 .debug_info    0x0000000000000000      0x8c0 CMakeFiles/PruebaUSB.dir/PruebaUSB.c.obj
 .debug_info    0x00000000000008c0     0x1d26 CMakeFiles/PruebaUSB.dir/home/kejoperezde/Downloads/pico/pico-sdk/src/rp2_common/hardware_gpio/gpio.c.obj
 .debug_info    0x00000000000025e6      0x19c CMakeFiles/PruebaUSB.dir/home/kejoperezde/Downloads/pico/pico-sdk/src/rp2_common/pico_platform_panic/panic.c.obj
 .debug_info    0x0000000000002782      0x6ba CMakeFiles/PruebaUSB.dir/home/kejoperezde/Downloads/pico/pico-sdk/src/common/hardware_claim/claim.c.obj
 .debug_info    0x0000000000002e3c      0x3f1 CMakeFiles/PruebaUSB.dir/home/kejoperezde/Downloads/pico/pico-sdk/src/rp2_common/hardware_sync/sync.c.obj
 .debug_info    0x000000000000322d      0x2d2 CMakeFiles/PruebaUSB.dir/home/kejoperezde/Downloads/pico/pico-sdk/src/rp2_common/hardware_sync_spin_lock/sync_spin_lock.c.obj
 .debug_info    0x00000000000034ff     0x1fc2 CMakeFiles/PruebaUSB.dir/home/kejoperezde/Downloads/pico/pico-sdk/src/rp2_common/hardware_irq/irq.c.obj
 .debug_info    0x00000000000054c1      0x1a4 CMakeFiles/PruebaUSB.dir/home/kejoperezde/Downloads/pico/pico-sdk/src/common/pico_sync/lock_core.c.obj
 .debug_info    0x0000000000005665     0x1f37 CMakeFiles/PruebaUSB.dir/home/kejoperezde/Downloads/pico/pico-sdk/src/common/pico_sync/mutex.c.obj
 .debug_info    0x000000000000759c     0x336f CMakeFiles/PruebaUSB.dir/home/kejoperezde/Downloads/pico/pico-sdk/src/common/pico_time/time.c.obj
 .debug_info    0x000000000000a90b     0x194a CMakeFiles/PruebaUSB.dir/home/kejoperezde/Downloads/pico/pico-sdk/src/rp2_common/hardware_timer/timer.c.obj
 .debug_info    0x000000000000c255     0x1303 CMakeFiles/PruebaUSB.dir/home/kejoperezde/Downloads/pico/pico-sdk/src/rp2_common/hardware_uart/uart.c.obj
 .debug_info    0x000000000000d558     0x14ca CMakeFiles/PruebaUSB.dir/home/kejoperezde/Downloads/pico/pico-sdk/src/rp2_common/hardware_clocks/clocks.c.obj
 .debug_info    0x000000000000ea22      0x64b CMakeFiles/PruebaUSB.dir/home/kejoperezde/Downloads/pico/pico-sdk/src/rp2_common/hardware_pll/pll.c.obj
 .debug_info    0x000000000000f06d      0x2ac CMakeFiles/PruebaUSB.dir/home/kejoperezde/Downloads/pico/pico-sdk/src/rp2_common/hardware_ticks/ticks.c.obj
 .debug_info    0x000000000000f319      0x1c9 CMakeFiles/PruebaUSB.dir/home/kejoperezde/Downloads/pico/pico-sdk/src/rp2_common/hardware_xosc/xosc.c.obj
 .debug_info    0x000000000000f4e2      0x1a6 CMakeFiles/PruebaUSB.dir/home/kejoperezde/Downloads/pico/pico-sdk/src/rp2_common/pico_runtime/runtime.c.obj
 .debug_info    0x000000000000f688      0x7cc CMakeFiles/PruebaUSB.dir/home/kejoperezde/Downloads/pico/pico-sdk/src/rp2_common/pico_runtime_init/runtime_init.c.obj
 .debug_info    0x000000000000fe54      0x6e5 CMakeFiles/PruebaUSB.dir/home/kejoperezde/Downloads/pico/pico-sdk/src/rp2_common/pico_runtime_init/runtime_init_clocks.c.obj
 .debug_info    0x0000000000010539       0x22 CMakeFiles/PruebaUSB.dir/home/kejoperezde/Downloads/pico/pico-sdk/src/rp2_common/pico_bit_ops/bit_ops_aeabi.S.obj
 .debug_info    0x000000000001055b      0x301 CMakeFiles/PruebaUSB.dir/home/kejoperezde/Downloads/pico/pico-sdk/src/rp2_common/pico_bootrom/bootrom.c.obj
 .debug_info    0x000000000001085c       0x22 CMakeFiles/PruebaUSB.dir/home/kejoperezde/Downloads/pico/pico-sdk/src/rp2_common/pico_divider/divider_hardware.S.obj
 .debug_info    0x000000000001087e       0x22 CMakeFiles/PruebaUSB.dir/home/kejoperezde/Downloads/pico/pico-sdk/src/rp2_common/pico_double/double_aeabi_rp2040.S.obj
 .debug_info    0x00000000000108a0      0x2b3 CMakeFiles/PruebaUSB.dir/home/kejoperezde/Downloads/pico/pico-sdk/src/rp2_common/pico_double/double_init_rom_rp2040.c.obj
 .debug_info    0x0000000000010b53       0x22 CMakeFiles/PruebaUSB.dir/home/kejoperezde/Downloads/pico/pico-sdk/src/rp2_common/pico_double/double_v1_rom_shim_rp2040.S.obj
 .debug_info    0x0000000000010b75       0x26 CMakeFiles/PruebaUSB.dir/home/kejoperezde/Downloads/pico/pico-sdk/src/rp2_common/pico_int64_ops/pico_int64_ops_aeabi.S.obj
 .debug_info    0x0000000000010b9b       0x22 CMakeFiles/PruebaUSB.dir/home/kejoperezde/Downloads/pico/pico-sdk/src/rp2_common/pico_float/float_aeabi_rp2040.S.obj
 .debug_info    0x0000000000010bbd      0x2b9 CMakeFiles/PruebaUSB.dir/home/kejoperezde/Downloads/pico/pico-sdk/src/rp2_common/pico_float/float_init_rom_rp2040.c.obj
 .debug_info    0x0000000000010e76       0x22 CMakeFiles/PruebaUSB.dir/home/kejoperezde/Downloads/pico/pico-sdk/src/rp2_common/pico_float/float_v1_rom_shim_rp2040.S.obj
 .debug_info    0x0000000000010e98       0x22 CMakeFiles/PruebaUSB.dir/home/kejoperezde/Downloads/pico/pico-sdk/src/rp2_common/pico_mem_ops/mem_ops_aeabi.S.obj
 .debug_info    0x0000000000010eba      0x2cb CMakeFiles/PruebaUSB.dir/home/kejoperezde/Downloads/pico/pico-sdk/src/rp2_common/pico_standard_binary_info/standard_binary_info.c.obj
 .debug_info    0x0000000000011185     0x1a46 CMakeFiles/PruebaUSB.dir/home/kejoperezde/Downloads/pico/pico-sdk/src/rp2_common/pico_printf/printf.c.obj
 .debug_info    0x0000000000012bcb       0x22 CMakeFiles/PruebaUSB.dir/home/kejoperezde/Downloads/pico/pico-sdk/src/rp2_common/pico_crt0/crt0.S.obj
 .debug_info    0x0000000000012bed      0xbb4 CMakeFiles/PruebaUSB.dir/home/kejoperezde/Downloads/pico/pico-sdk/src/rp2_common/pico_clib_interface/newlib_interface.c.obj
 .debug_info    0x00000000000137a1     0x13f9 CMakeFiles/PruebaUSB.dir/home/kejoperezde/Downloads/pico/pico-sdk/src/rp2_common/pico_stdio/stdio.c.obj
 .debug_info    0x0000000000014b9a      0x24b CMakeFiles/PruebaUSB.dir/home/kejoperezde/Downloads/pico/pico-sdk/src/rp2_common/pico_unique_id/unique_id.c.obj
 .debug_info    0x0000000000014de5      0xfbf CMakeFiles/PruebaUSB.dir/home/kejoperezde/Downloads/pico/pico-sdk/src/rp2_common/hardware_flash/flash.c.obj
 .debug_info    0x0000000000015da4       0x26 /usr/lib/gcc/arm-none-eabi/10.3.1/thumb/v6-m/nofp/libgcc.a(_dvmd_tls.o)
 .debug_info    0x0000000000015dca       0xee /usr/lib/gcc/arm-none-eabi/10.3.1/../../../arm-none-eabi/lib/thumb/v6-m/nofp/libg.a(lib_a-strlen-stub.o)

.debug_abbrev   0x0000000000000000     0x4978
 .debug_abbrev  0x0000000000000000      0x265 CMakeFiles/PruebaUSB.dir/PruebaUSB.c.obj
 .debug_abbrev  0x0000000000000265      0x402 CMakeFiles/PruebaUSB.dir/home/kejoperezde/Downloads/pico/pico-sdk/src/rp2_common/hardware_gpio/gpio.c.obj
 .debug_abbrev  0x0000000000000667       0xf4 CMakeFiles/PruebaUSB.dir/home/kejoperezde/Downloads/pico/pico-sdk/src/rp2_common/pico_platform_panic/panic.c.obj
 .debug_abbrev  0x000000000000075b      0x2d6 CMakeFiles/PruebaUSB.dir/home/kejoperezde/Downloads/pico/pico-sdk/src/common/hardware_claim/claim.c.obj